Archive member included to satisfy reference by file (symbol)

.pio\build\frdm_kl25z\lib26f\libpwm_z42.a(pwm_z42.o)
                              .pio\build\frdm_kl25z\src\main.o (pwm_tpm_Init)
C:\Users\felip\OneDrive\Desktop\Temp\psi3422-lab-sis-elet-2026\Aula1\.pio\build\frdm_kl25z\zephyr/libzephyr.a(heap.c.o)
                              (--whole-archive)
C:\Users\felip\OneDrive\Desktop\Temp\psi3422-lab-sis-elet-2026\Aula1\.pio\build\frdm_kl25z\zephyr/libzephyr.a(cbprintf_packaged.c.o)
                              (--whole-archive)
C:\Users\felip\OneDrive\Desktop\Temp\psi3422-lab-sis-elet-2026\Aula1\.pio\build\frdm_kl25z\zephyr/libzephyr.a(clock.c.o)
                              (--whole-archive)
C:\Users\felip\OneDrive\Desktop\Temp\psi3422-lab-sis-elet-2026\Aula1\.pio\build\frdm_kl25z\zephyr/libzephyr.a(printk.c.o)
                              (--whole-archive)
C:\Users\felip\OneDrive\Desktop\Temp\psi3422-lab-sis-elet-2026\Aula1\.pio\build\frdm_kl25z\zephyr/libzephyr.a(sem.c.o)
                              (--whole-archive)
C:\Users\felip\OneDrive\Desktop\Temp\psi3422-lab-sis-elet-2026\Aula1\.pio\build\frdm_kl25z\zephyr/libzephyr.a(thread_entry.c.o)
                              (--whole-archive)
C:\Users\felip\OneDrive\Desktop\Temp\psi3422-lab-sis-elet-2026\Aula1\.pio\build\frdm_kl25z\zephyr/libzephyr.a(cbprintf_complete.c.o)
                              (--whole-archive)
C:\Users\felip\OneDrive\Desktop\Temp\psi3422-lab-sis-elet-2026\Aula1\.pio\build\frdm_kl25z\zephyr/libzephyr.a(assert.c.o)
                              (--whole-archive)
C:\Users\felip\OneDrive\Desktop\Temp\psi3422-lab-sis-elet-2026\Aula1\.pio\build\frdm_kl25z\zephyr/libzephyr.a(dec.c.o)
                              (--whole-archive)
C:\Users\felip\OneDrive\Desktop\Temp\psi3422-lab-sis-elet-2026\Aula1\.pio\build\frdm_kl25z\zephyr/libzephyr.a(hex.c.o)
                              (--whole-archive)
C:\Users\felip\OneDrive\Desktop\Temp\psi3422-lab-sis-elet-2026\Aula1\.pio\build\frdm_kl25z\zephyr/libzephyr.a(rb.c.o)
                              (--whole-archive)
C:\Users\felip\OneDrive\Desktop\Temp\psi3422-lab-sis-elet-2026\Aula1\.pio\build\frdm_kl25z\zephyr/libzephyr.a(timeutil.c.o)
                              (--whole-archive)
C:\Users\felip\OneDrive\Desktop\Temp\psi3422-lab-sis-elet-2026\Aula1\.pio\build\frdm_kl25z\zephyr/libzephyr.a(bitarray.c.o)
                              (--whole-archive)
C:\Users\felip\OneDrive\Desktop\Temp\psi3422-lab-sis-elet-2026\Aula1\.pio\build\frdm_kl25z\zephyr/libzephyr.a(ring_buffer.c.o)
                              (--whole-archive)
C:\Users\felip\OneDrive\Desktop\Temp\psi3422-lab-sis-elet-2026\Aula1\.pio\build\frdm_kl25z\zephyr/libzephyr.a(last_section_id.c.o)
                              (--whole-archive)
C:\Users\felip\OneDrive\Desktop\Temp\psi3422-lab-sis-elet-2026\Aula1\.pio\build\frdm_kl25z\zephyr/libzephyr.a(configs.c.o)
                              (--whole-archive)
C:\Users\felip\OneDrive\Desktop\Temp\psi3422-lab-sis-elet-2026\Aula1\.pio\build\frdm_kl25z\zephyr/libzephyr.a(flash_configuration.c.o)
                              (--whole-archive)
C:\Users\felip\OneDrive\Desktop\Temp\psi3422-lab-sis-elet-2026\Aula1\.pio\build\frdm_kl25z\zephyr/libzephyr.a(soc.c.o)
                              (--whole-archive)
C:\Users\felip\OneDrive\Desktop\Temp\psi3422-lab-sis-elet-2026\Aula1\.pio\build\frdm_kl25z\zephyr/libzephyr.a(tracing_none.c.o)
                              (--whole-archive)
C:\Users\felip\OneDrive\Desktop\Temp\psi3422-lab-sis-elet-2026\Aula1\.pio\build\frdm_kl25z\zephyr/arch/common/libarch__common.a(sw_isr_common.c.o)
                              (--whole-archive)
C:\Users\felip\OneDrive\Desktop\Temp\psi3422-lab-sis-elet-2026\Aula1\.pio\build\frdm_kl25z\zephyr/arch/arch/arm/core/libarch__arm__core.a(fatal.c.o)
                              (--whole-archive)
C:\Users\felip\OneDrive\Desktop\Temp\psi3422-lab-sis-elet-2026\Aula1\.pio\build\frdm_kl25z\zephyr/arch/arch/arm/core/libarch__arm__core.a(nmi.c.o)
                              (--whole-archive)
C:\Users\felip\OneDrive\Desktop\Temp\psi3422-lab-sis-elet-2026\Aula1\.pio\build\frdm_kl25z\zephyr/arch/arch/arm/core/libarch__arm__core.a(nmi_on_reset.S.o)
                              (--whole-archive)
C:\Users\felip\OneDrive\Desktop\Temp\psi3422-lab-sis-elet-2026\Aula1\.pio\build\frdm_kl25z\zephyr/arch/arch/arm/core/cortex_m/libarch__arm__core__cortex_m.a(exc_exit.c.o)
                              (--whole-archive)
C:\Users\felip\OneDrive\Desktop\Temp\psi3422-lab-sis-elet-2026\Aula1\.pio\build\frdm_kl25z\zephyr/arch/arch/arm/core/cortex_m/libarch__arm__core__cortex_m.a(fault.c.o)
                              (--whole-archive)
C:\Users\felip\OneDrive\Desktop\Temp\psi3422-lab-sis-elet-2026\Aula1\.pio\build\frdm_kl25z\zephyr/arch/arch/arm/core/cortex_m/libarch__arm__core__cortex_m.a(fault_s.S.o)
                              (--whole-archive)
[...]
Memory Configuration

Name             Origin             Length             Attributes
FLASH            0x0000000000000000 0x0000000000020000 xr
RAM              0x000000001ffff000 0x0000000000004000 xw
IDT_LIST         0x00000000ffff7fff 0x0000000000008000 xw
*default*        0x0000000000000000 0xffffffffffffffff

Linker script and memory map

LOAD .pio\build\frdm_kl25z\zephyr_pre0\zephyr\misc\empty_file.c.o
LOAD .pio\build\frdm_kl25z\src\main.o
LOAD .pio\build\frdm_kl25z\zephyr_final\zephyr\misc\empty_file.c.o
LOAD .pio\build\frdm_kl25z\zephyr_final\zephyr\isr_tables.c.o
START GROUP
LOAD .pio\build\frdm_kl25z\lib26f\libpwm_z42.a
LOAD C:\Users\felip\OneDrive\Desktop\Temp\psi3422-lab-sis-elet-2026\Aula1\.pio\build\frdm_kl25z\zephyr/libzephyr.a
LOAD C:\Users\felip\OneDrive\Desktop\Temp\psi3422-lab-sis-elet-2026\Aula1\.pio\build\frdm_kl25z\zephyr/arch/common/libarch__common.a
LOAD C:\Users\felip\OneDrive\Desktop\Temp\psi3422-lab-sis-elet-2026\Aula1\.pio\build\frdm_kl25z\zephyr/arch/arch/arm/core/libarch__arm__core.a
LOAD C:\Users\felip\OneDrive\Desktop\Temp\psi3422-lab-sis-elet-2026\Aula1\.pio\build\frdm_kl25z\zephyr/arch/arch/arm/core/cortex_m/libarch__arm__core__cortex_m.a
LOAD C:\Users\felip\OneDrive\Desktop\Temp\psi3422-lab-sis-elet-2026\Aula1\.pio\build\frdm_kl25z\zephyr/lib/libc/picolibc/liblib__libc__picolibc.a
LOAD C:\Users\felip\OneDrive\Desktop\Temp\psi3422-lab-sis-elet-2026\Aula1\.pio\build\frdm_kl25z\zephyr/lib/libc/common/liblib__libc__common.a
LOAD C:\Users\felip\OneDrive\Desktop\Temp\psi3422-lab-sis-elet-2026\Aula1\.pio\build\frdm_kl25z\zephyr/drivers/clock_control/libdrivers__clock_control.a
LOAD C:\Users\felip\OneDrive\Desktop\Temp\psi3422-lab-sis-elet-2026\Aula1\.pio\build\frdm_kl25z\zephyr/drivers/console/libdrivers__console.a
LOAD C:\Users\felip\OneDrive\Desktop\Temp\psi3422-lab-sis-elet-2026\Aula1\.pio\build\frdm_kl25z\zephyr/drivers/gpio/libdrivers__gpio.a
LOAD C:\Users\felip\OneDrive\Desktop\Temp\psi3422-lab-sis-elet-2026\Aula1\.pio\build\frdm_kl25z\zephyr/drivers/pinctrl/libdrivers__pinctrl.a
LOAD C:\Users\felip\OneDrive\Desktop\Temp\psi3422-lab-sis-elet-2026\Aula1\.pio\build\frdm_kl25z\zephyr/drivers/serial/libdrivers__serial.a
LOAD C:\Users\felip\OneDrive\Desktop\Temp\psi3422-lab-sis-elet-2026\Aula1\.pio\build\frdm_kl25z\zephyr/drivers/timer/libdrivers__timer.a
LOAD C:\Users\felip\OneDrive\Desktop\Temp\psi3422-lab-sis-elet-2026\Aula1\.pio\build\frdm_kl25z\modules/_bare_module/lib_pio___bare_module.a
LOAD C:\Users\felip\OneDrive\Desktop\Temp\psi3422-lab-sis-elet-2026\Aula1\.pio\build\frdm_kl25z\modules/hal_nxp/libmodules__hal_nxp.a
LOAD C:\Users\felip\OneDrive\Desktop\Temp\psi3422-lab-sis-elet-2026\Aula1\.pio\build\frdm_kl25z\zephyr\liboffsets.a
LOAD C:\Users\felip\OneDrive\Desktop\Temp\psi3422-lab-sis-elet-2026\Aula1\.pio\build\frdm_kl25z\zephyr/kernel/libkernel.a
LOAD C:\Users\felip\OneDrive\Desktop\Temp\psi3422-lab-sis-elet-2026\Aula1\.pio\build\frdm_kl25z\zephyr/arch/common/libisr_tables.a
LOAD C:\Users\felip\OneDrive\Desktop\Temp\psi3422-lab-sis-elet-2026\Aula1\.pio\build\frdm_kl25z\modules\picolibc\libc.a
LOAD c:/users/felip/.platformio/packages/toolchain-gccarmnoneeabi/bin/../lib/gcc/arm-none-eabi/8.2.1/thumb/v6-m/nofp\libgcc.a
END GROUP
                0x0000000000000004                _region_min_align = 0x4

.rel.plt        0x0000000000000000        0x0
 *(SORT_BY_ALIGNMENT(.rel.plt))
                [!provide]                        PROVIDE (__rel_iplt_start = .)
 *(SORT_BY_ALIGNMENT(.rel.iplt))
 .rel.iplt      0x0000000000000000        0x0 .pio\build\frdm_kl25z\src\main.o
                [!provide]                        PROVIDE (__rel_iplt_end = .)

.rela.plt       0x0000000000000000        0x0
 *(SORT_BY_ALIGNMENT(.rela.plt))
                [!provide]                        PROVIDE (__rela_iplt_start = .)
 *(SORT_BY_ALIGNMENT(.rela.iplt))
                [!provide]                        PROVIDE (__rela_iplt_end = .)

.rel.dyn
 *(SORT_BY_ALIGNMENT(.rel.*))

.rela.dyn
 *(SORT_BY_ALIGNMENT(.rela.*))

/DISCARD/
 *(SORT_BY_ALIGNMENT(.plt))
 *(SORT_BY_ALIGNMENT(.iplt))
 *(SORT_BY_ALIGNMENT(.eh_frame))
 *(SORT_BY_ALIGNMENT(.got.plt))
 *(SORT_BY_ALIGNMENT(.igot.plt))
 *(SORT_BY_ALIGNMENT(.got))
 *(SORT_BY_ALIGNMENT(.igot))
 *(SORT_BY_ALIGNMENT(.irq_info*))
 *(SORT_BY_ALIGNMENT(.intList*))
 *(SORT_BY_ALIGNMENT(.note.GNU-stack))
                0x0000000000000000                __rom_region_start = 0x0

rom_start       0x0000000000000000      0x410
                0x0000000000000000                __rom_start_address = .
 FILL mask 0x00
                0x0000000000000000                . = (. + (0x0 - (. - __rom_start_address)))
                0x0000000000000000                . = ALIGN (0x4)
                0x0000000000000000                . = ALIGN (0x100)
                0x0000000000000000                . = ALIGN (0x100)
                0x0000000000000000                _vector_start = .
 *(SORT_BY_ALIGNMENT(.exc_vector_table))
 *(SORT_BY_ALIGNMENT(.exc_vector_table.*))
 .exc_vector_table._vector_table_section
                0x0000000000000000       0x40 C:\Users\felip\OneDrive\Desktop\Temp\psi3422-lab-sis-elet-2026\Aula1\.pio\build\frdm_kl25z\zephyr/arch/arch/arm/core/cortex_m/libarch__arm__core__cortex_m.a(vector_table.S.o)
                0x0000000000000000                _vector_table
 *(SORT_BY_ALIGNMENT(.vectors))
                0x0000000000000040                _vector_end = .
                0x0000000000000040                . = ALIGN (0x4)
 *(SORT_BY_ALIGNMENT(.gnu.linkonce.irq_vector_table*))
 .gnu.linkonce.irq_vector_table
                0x0000000000000040       0x80 .pio\build\frdm_kl25z\zephyr_final\zephyr\isr_tables.c.o
                0x0000000000000040                _irq_vector_table
                0x00000000000000c0                _vector_end = .
                0x0000000000000400                . = 0x400
 *fill*         0x00000000000000c0      0x340 00
 *(SORT_BY_ALIGNMENT(.kinetis_flash_config))
 *(SORT_BY_ALIGNMENT(.kinetis_flash_config.*))
 .kinetis_flash_config."ZEPHYR_BASE\\soc\\nxp\\kinetis\\flash_configuration.c".0
                0x0000000000000400       0x10 C:\Users\felip\OneDrive\Desktop\Temp\psi3422-lab-sis-elet-2026\Aula1\.pio\build\frdm_kl25z\zephyr/libzephyr.a(flash_configuration.c.o)
                0x0000000000000400                __kinetis_flash_config

text            0x0000000000000410     0x3dc4
                0x0000000000000410                __text_region_start = .
 *(SORT_BY_ALIGNMENT(.text))
 .text          0x0000000000000410       0x14 c:/users/felip/.platformio/packages/toolchain-gccarmnoneeabi/bin/../lib/gcc/arm-none-eabi/8.2.1/thumb/v6-m/nofp\libgcc.a(_thumb1_case_uqi.o)
                0x0000000000000410                __gnu_thumb1_case_uqi
 .text          0x0000000000000424      0x114 c:/users/felip/.platformio/packages/toolchain-gccarmnoneeabi/bin/../lib/gcc/arm-none-eabi/8.2.1/thumb/v6-m/nofp\libgcc.a(_udivsi3.o)
                0x0000000000000424                __aeabi_uidiv
                0x0000000000000424                __udivsi3
                0x0000000000000530                __aeabi_uidivmod
 .text          0x0000000000000538        0x4 c:/users/felip/.platformio/packages/toolchain-gccarmnoneeabi/bin/../lib/gcc/arm-none-eabi/8.2.1/thumb/v6-m/nofp\libgcc.a(_dvmd_tls.o)
                0x0000000000000538                __aeabi_idiv0
                0x0000000000000538                __aeabi_ldiv0
 .text          0x000000000000053c       0x3c c:/users/felip/.platformio/packages/toolchain-gccarmnoneeabi/bin/../lib/gcc/arm-none-eabi/8.2.1/thumb/v6-m/nofp\libgcc.a(_clzsi2.o)
                0x000000000000053c                __clzsi2
 .text          0x0000000000000578       0x40 c:/users/felip/.platformio/packages/toolchain-gccarmnoneeabi/bin/../lib/gcc/arm-none-eabi/8.2.1/thumb/v6-m/nofp\libgcc.a(_aeabi_uldivmod.o)
                0x0000000000000578                __aeabi_uldivmod
 .text          0x00000000000005b8       0x7c c:/users/felip/.platformio/packages/toolchain-gccarmnoneeabi/bin/../lib/gcc/arm-none-eabi/8.2.1/thumb/v6-m/nofp\libgcc.a(_arm_cmpdf2.o)
                0x00000000000005b8                __aeabi_cdrcmple
                0x00000000000005c8                __aeabi_cdcmple
                0x00000000000005c8                __aeabi_cdcmpeq
                0x00000000000005d8                __aeabi_dcmpeq
                0x00000000000005e4                __aeabi_dcmplt
                0x00000000000005f8                __aeabi_dcmple
                0x000000000000060c                __aeabi_dcmpgt
                0x0000000000000620                __aeabi_dcmpge
 .text          0x0000000000000634       0x18 c:/users/felip/.platformio/packages/toolchain-gccarmnoneeabi/bin/../lib/gcc/arm-none-eabi/8.2.1/thumb/v6-m/nofp\libgcc.a(_clzdi2.o)
                0x0000000000000634                __clzdi2
 *(SORT_BY_ALIGNMENT(.text.*))
 .text.gpio_pin_set.constprop.1
                0x000000000000064c       0x2c .pio\build\frdm_kl25z\src\main.o
 .text.gpio_pin_configure.constprop.0
                0x0000000000000678       0x24 .pio\build\frdm_kl25z\src\main.o
 .text.main     0x000000000000069c      0x108 .pio\build\frdm_kl25z\src\main.o
                0x000000000000069c                main
 .text.pwm_tpm_Init
                0x00000000000007a4       0xac .pio\build\frdm_kl25z\lib26f\libpwm_z42.a(pwm_z42.o)
                0x00000000000007a4                pwm_tpm_Init
 .text.pwm_tpm_Ch_Init
                0x0000000000000850      0x164 .pio\build\frdm_kl25z\lib26f\libpwm_z42.a(pwm_z42.o)
                0x0000000000000850                pwm_tpm_Ch_Init
 .text.char_out
                0x00000000000009b4       0x10 C:\Users\felip\OneDrive\Desktop\Temp\psi3422-lab-sis-elet-2026\Aula1\.pio\build\frdm_kl25z\zephyr/libzephyr.a(printk.c.o)
 .text.__printk_hook_install
                0x00000000000009c4        0xc C:\Users\felip\OneDrive\Desktop\Temp\psi3422-lab-sis-elet-2026\Aula1\.pio\build\frdm_kl25z\zephyr/libzephyr.a(printk.c.o)
                0x00000000000009c4                __printk_hook_install
 .text.vprintk  0x00000000000009d0       0x30 C:\Users\felip\OneDrive\Desktop\Temp\psi3422-lab-sis-elet-2026\Aula1\.pio\build\frdm_kl25z\zephyr/libzephyr.a(printk.c.o)
                0x00000000000009d0                vprintk
 .text.clock_init
                0x0000000000000a00       0x84 C:\Users\felip\OneDrive\Desktop\Temp\psi3422-lab-sis-elet-2026\Aula1\.pio\build\frdm_kl25z\zephyr/libzephyr.a(soc.c.o)
                0x0000000000000a00                clock_init
 .text.z_SysNmiOnReset
                0x0000000000000a84        0x4 C:\Users\felip\OneDrive\Desktop\Temp\psi3422-lab-sis-elet-2026\Aula1\.pio\build\frdm_kl25z\zephyr/arch/arch/arm/core/libarch__arm__core.a(nmi_on_reset.S.o)
                0x0000000000000a84                z_SysNmiOnReset
 .text._HandlerModeExit
                0x0000000000000a88       0x20 C:\Users\felip\OneDrive\Desktop\Temp\psi3422-lab-sis-elet-2026\Aula1\.pio\build\frdm_kl25z\zephyr/arch/arch/arm/core/cortex_m/libarch__arm__core__cortex_m.a(exc_exit.c.o)
                0x0000000000000a88                z_arm_int_exit
                0x0000000000000a88                z_arm_exc_exit
 .text.z_arm_fault
                0x0000000000000aa8       0xa8 C:\Users\felip\OneDrive\Desktop\Temp\psi3422-lab-sis-elet-2026\Aula1\.pio\build\frdm_kl25z\zephyr/arch/arch/arm/core/cortex_m/libarch__arm__core__cortex_m.a(fault.c.o)
                0x0000000000000aa8                z_arm_fault
 .text.z_arm_fault_init
                0x0000000000000b50       0x10 C:\Users\felip\OneDrive\Desktop\Temp\psi3422-lab-sis-elet-2026\Aula1\.pio\build\frdm_kl25z\zephyr/arch/arch/arm/core/cortex_m/libarch__arm__core__cortex_m.a(fault.c.o)
                0x0000000000000b50                z_arm_fault_init
 .text.__fault  0x0000000000000b60       0x14 C:\Users\felip\OneDrive\Desktop\Temp\psi3422-lab-sis-elet-2026\Aula1\.pio\build\frdm_kl25z\zephyr/arch/arch/arm/core/cortex_m/libarch__arm__core__cortex_m.a(fault_s.S.o)
                0x0000000000000b60                z_arm_hard_fault
                0x0000000000000b60                z_arm_exc_spurious
 .text._reset_section
                0x0000000000000b74       0x38 C:\Users\felip\OneDrive\Desktop\Temp\psi3422-lab-sis-elet-2026\Aula1\.pio\build\frdm_kl25z\zephyr/arch/arch/arm/core/cortex_m/libarch__arm__core__cortex_m.a(reset.S.o)
                0x0000000000000b74                __start
                0x0000000000000b74                z_arm_reset
 .text.z_impl_k_thread_abort
                0x0000000000000bac       0x38 C:\Users\felip\OneDrive\Desktop\Temp\psi3422-lab-sis-elet-2026\Aula1\.pio\build\frdm_kl25z\zephyr/arch/arch/arm/core/cortex_m/libarch__arm__core__cortex_m.a(thread_abort.c.o)
                0x0000000000000bac                z_impl_k_thread_abort
 .text.z_arm_pendsv
                0x0000000000000be4       0x60 C:\Users\felip\OneDrive\Desktop\Temp\psi3422-lab-sis-elet-2026\Aula1\.pio\build\frdm_kl25z\zephyr/arch/arch/arm/core/cortex_m/libarch__arm__core__cortex_m.a(swap_helper.S.o)
                0x0000000000000be4                z_arm_pendsv
 .text.z_arm_svc
                0x0000000000000c44       0x28 C:\Users\felip\OneDrive\Desktop\Temp\psi3422-lab-sis-elet-2026\Aula1\.pio\build\frdm_kl25z\zephyr/arch/arch/arm/core/cortex_m/libarch__arm__core__cortex_m.a(swap_helper.S.o)
                0x0000000000000c44                z_arm_svc
 .text.arm_irq_enable
                0x0000000000000c6c       0x18 C:\Users\felip\OneDrive\Desktop\Temp\psi3422-lab-sis-elet-2026\Aula1\.pio\build\frdm_kl25z\zephyr/arch/arch/arm/core/cortex_m/libarch__arm__core__cortex_m.a(irq_manage.c.o)
                0x0000000000000c6c                arm_irq_enable
 .text.arm_irq_priority_set
                0x0000000000000c84       0x54 C:\Users\felip\OneDrive\Desktop\Temp\psi3422-lab-sis-elet-2026\Aula1\.pio\build\frdm_kl25z\zephyr/arch/arch/arm/core/cortex_m/libarch__arm__core__cortex_m.a(irq_manage.c.o)
                0x0000000000000c84                arm_irq_priority_set
 .text.relocate_vector_table
                0x0000000000000cd8       0x1c C:\Users\felip\OneDrive\Desktop\Temp\psi3422-lab-sis-elet-2026\Aula1\.pio\build\frdm_kl25z\zephyr/arch/arch/arm/core/cortex_m/libarch__arm__core__cortex_m.a(prep_c.c.o)
                0x0000000000000cd8                relocate_vector_table
 .text.arch_new_thread
                0x0000000000000cf4       0x2c C:\Users\felip\OneDrive\Desktop\Temp\psi3422-lab-sis-elet-2026\Aula1\.pio\build\frdm_kl25z\zephyr/arch/arch/arm/core/cortex_m/libarch__arm__core__cortex_m.a(thread.c.o)
                0x0000000000000cf4                arch_new_thread
 .text.arch_switch_to_main_thread
                0x0000000000000d20       0x34 C:\Users\felip\OneDrive\Desktop\Temp\psi3422-lab-sis-elet-2026\Aula1\.pio\build\frdm_kl25z\zephyr/arch/arch/arm/core/cortex_m/libarch__arm__core__cortex_m.a(thread.c.o)
                0x0000000000000d20                arch_switch_to_main_thread
 .text.z_arm_cpu_idle_init
                0x0000000000000d54        0xc C:\Users\felip\OneDrive\Desktop\Temp\psi3422-lab-sis-elet-2026\Aula1\.pio\build\frdm_kl25z\zephyr/arch/arch/arm/core/cortex_m/libarch__arm__core__cortex_m.a(cpu_idle.c.o)
                0x0000000000000d54                z_arm_cpu_idle_init
 .text.z_arm_interrupt_init
                0x0000000000000d60       0x30 C:\Users\felip\OneDrive\Desktop\Temp\psi3422-lab-sis-elet-2026\Aula1\.pio\build\frdm_kl25z\zephyr/arch/arch/arm/core/cortex_m/libarch__arm__core__cortex_m.a(irq_init.c.o)
                0x0000000000000d60                z_arm_interrupt_init
 .text._isr_wrapper
                0x0000000000000d90       0x20 C:\Users\felip\OneDrive\Desktop\Temp\psi3422-lab-sis-elet-2026\Aula1\.pio\build\frdm_kl25z\zephyr/arch/arch/arm/core/cortex_m/libarch__arm__core__cortex_m.a(isr_wrapper.c.o)
                0x0000000000000d90                _isr_wrapper
 .text.z_impl_zephyr_fputc
                0x0000000000000db0       0x10 C:\Users\felip\OneDrive\Desktop\Temp\psi3422-lab-sis-elet-2026\Aula1\.pio\build\frdm_kl25z\zephyr/lib/libc/picolibc/liblib__libc__picolibc.a(stdio.c.o)
                0x0000000000000db0                z_impl_zephyr_fputc
 .text.__stdout_hook_install
                0x0000000000000dc0       0x18 C:\Users\felip\OneDrive\Desktop\Temp\psi3422-lab-sis-elet-2026\Aula1\.pio\build\frdm_kl25z\zephyr/lib/libc/picolibc/liblib__libc__picolibc.a(stdio.c.o)
                0x0000000000000dc0                __stdout_hook_install
 .text.malloc_prepare
                0x0000000000000dd8       0x24 C:\Users\felip\OneDrive\Desktop\Temp\psi3422-lab-sis-elet-2026\Aula1\.pio\build\frdm_kl25z\zephyr/lib/libc/common/liblib__libc__common.a(malloc.c.o)
 .text.mcux_sim_on
                0x0000000000000dfc       0x1c C:\Users\felip\OneDrive\Desktop\Temp\psi3422-lab-sis-elet-2026\Aula1\.pio\build\frdm_kl25z\zephyr/drivers/clock_control/libdrivers__clock_control.a(clock_control_mcux_sim.c.o)
 .text.mcux_sim_off
                0x0000000000000e18       0x1c C:\Users\felip\OneDrive\Desktop\Temp\psi3422-lab-sis-elet-2026\Aula1\.pio\build\frdm_kl25z\zephyr/drivers/clock_control/libdrivers__clock_control.a(clock_control_mcux_sim.c.o)
 .text.mcux_sim_get_subsys_rate
                0x0000000000000e34       0x30 C:\Users\felip\OneDrive\Desktop\Temp\psi3422-lab-sis-elet-2026\Aula1\.pio\build\frdm_kl25z\zephyr/drivers/clock_control/libdrivers__clock_control.a(clock_control_mcux_sim.c.o)
 .text.uart_console_init
                0x0000000000000e64       0x2c C:\Users\felip\OneDrive\Desktop\Temp\psi3422-lab-sis-elet-2026\Aula1\.pio\build\frdm_kl25z\zephyr/drivers/console/libdrivers__console.a(uart_console.c.o)
 .text.console_out
                0x0000000000000e90       0x28 C:\Users\felip\OneDrive\Desktop\Temp\psi3422-lab-sis-elet-2026\Aula1\.pio\build\frdm_kl25z\zephyr/drivers/console/libdrivers__console.a(uart_console.c.o)
 .text.gpio_mcux_port_configure
                0x0000000000000eb8       0xa0 C:\Users\felip\OneDrive\Desktop\Temp\psi3422-lab-sis-elet-2026\Aula1\.pio\build\frdm_kl25z\zephyr/drivers/gpio/libdrivers__gpio.a(gpio_mcux.c.o)
 .text.gpio_mcux_pin_interrupt_configure
                0x0000000000000f58       0x88 C:\Users\felip\OneDrive\Desktop\Temp\psi3422-lab-sis-elet-2026\Aula1\.pio\build\frdm_kl25z\zephyr/drivers/gpio/libdrivers__gpio.a(gpio_mcux.c.o)
 .text.pinctrl_configure_pins
                0x0000000000000fe0       0x44 C:\Users\felip\OneDrive\Desktop\Temp\psi3422-lab-sis-elet-2026\Aula1\.pio\build\frdm_kl25z\zephyr/drivers/pinctrl/libdrivers__pinctrl.a(pinctrl_nxp_port.c.o)
                0x0000000000000fe0                pinctrl_configure_pins
 .text.elapsed  0x0000000000001024       0x40 C:\Users\felip\OneDrive\Desktop\Temp\psi3422-lab-sis-elet-2026\Aula1\.pio\build\frdm_kl25z\zephyr/drivers/timer/libdrivers__timer.a(cortex_m_systick.c.o)
 .text.sys_clock_driver_init
                0x0000000000001064       0x40 C:\Users\felip\OneDrive\Desktop\Temp\psi3422-lab-sis-elet-2026\Aula1\.pio\build\frdm_kl25z\zephyr/drivers/timer/libdrivers__timer.a(cortex_m_systick.c.o)
 .text.sys_clock_isr
                0x00000000000010a4       0x44 C:\Users\felip\OneDrive\Desktop\Temp\psi3422-lab-sis-elet-2026\Aula1\.pio\build\frdm_kl25z\zephyr/drivers/timer/libdrivers__timer.a(cortex_m_systick.c.o)
                0x00000000000010a4                sys_clock_isr
 .text.sys_clock_set_timeout
                0x00000000000010e8       0xf8 C:\Users\felip\OneDrive\Desktop\Temp\psi3422-lab-sis-elet-2026\Aula1\.pio\build\frdm_kl25z\zephyr/drivers/timer/libdrivers__timer.a(cortex_m_systick.c.o)
                0x00000000000010e8                sys_clock_set_timeout
 .text.sys_clock_elapsed
                0x00000000000011e0       0x34 C:\Users\felip\OneDrive\Desktop\Temp\psi3422-lab-sis-elet-2026\Aula1\.pio\build\frdm_kl25z\zephyr/drivers/timer/libdrivers__timer.a(cortex_m_systick.c.o)
                0x00000000000011e0                sys_clock_elapsed
 .text.CLOCK_GetFllExtRefClkFreq
                0x0000000000001214       0x3c C:\Users\felip\OneDrive\Desktop\Temp\psi3422-lab-sis-elet-2026\Aula1\.pio\build\frdm_kl25z\modules/hal_nxp/libmodules__hal_nxp.a(fsl_clock.c.o)
 .text.CLOCK_GetInternalRefClkSelectFreq
                0x0000000000001250       0x28 C:\Users\felip\OneDrive\Desktop\Temp\psi3422-lab-sis-elet-2026\Aula1\.pio\build\frdm_kl25z\modules/hal_nxp/libmodules__hal_nxp.a(fsl_clock.c.o)
 .text.CLOCK_GetOsc0ErClkFreq
                0x0000000000001278       0x1c C:\Users\felip\OneDrive\Desktop\Temp\psi3422-lab-sis-elet-2026\Aula1\.pio\build\frdm_kl25z\modules/hal_nxp/libmodules__hal_nxp.a(fsl_clock.c.o)
                0x0000000000001278                CLOCK_GetOsc0ErClkFreq
 .text.CLOCK_GetEr32kClkFreq
                0x0000000000001294       0x40 C:\Users\felip\OneDrive\Desktop\Temp\psi3422-lab-sis-elet-2026\Aula1\.pio\build\frdm_kl25z\modules/hal_nxp/libmodules__hal_nxp.a(fsl_clock.c.o)
                0x0000000000001294                CLOCK_GetEr32kClkFreq
 .text.CLOCK_SetSimConfig
                0x00000000000012d4       0x4c C:\Users\felip\OneDrive\Desktop\Temp\psi3422-lab-sis-elet-2026\Aula1\.pio\build\frdm_kl25z\modules/hal_nxp/libmodules__hal_nxp.a(fsl_clock.c.o)
                0x00000000000012d4                CLOCK_SetSimConfig
 .text.CLOCK_GetFllFreq
                0x0000000000001320       0x4c C:\Users\felip\OneDrive\Desktop\Temp\psi3422-lab-sis-elet-2026\Aula1\.pio\build\frdm_kl25z\modules/hal_nxp/libmodules__hal_nxp.a(fsl_clock.c.o)
                0x0000000000001320                CLOCK_GetFllFreq
 .text.CLOCK_GetInternalRefClkFreq
                0x000000000000136c       0x18 C:\Users\felip\OneDrive\Desktop\Temp\psi3422-lab-sis-elet-2026\Aula1\.pio\build\frdm_kl25z\modules/hal_nxp/libmodules__hal_nxp.a(fsl_clock.c.o)
                0x000000000000136c                CLOCK_GetInternalRefClkFreq
 .text.CLOCK_GetPll0Freq
                0x0000000000001384       0x30 C:\Users\felip\OneDrive\Desktop\Temp\psi3422-lab-sis-elet-2026\Aula1\.pio\build\frdm_kl25z\modules/hal_nxp/libmodules__hal_nxp.a(fsl_clock.c.o)
                0x0000000000001384                CLOCK_GetPll0Freq
 .text.CLOCK_GetPllFllSelClkFreq
                0x00000000000013b4       0x24 C:\Users\felip\OneDrive\Desktop\Temp\psi3422-lab-sis-elet-2026\Aula1\.pio\build\frdm_kl25z\modules/hal_nxp/libmodules__hal_nxp.a(fsl_clock.c.o)
                0x00000000000013b4                CLOCK_GetPllFllSelClkFreq
 .text.CLOCK_GetOutClkFreq
                0x00000000000013d8       0x38 C:\Users\felip\OneDrive\Desktop\Temp\psi3422-lab-sis-elet-2026\Aula1\.pio\build\frdm_kl25z\modules/hal_nxp/libmodules__hal_nxp.a(fsl_clock.c.o)
                0x00000000000013d8                CLOCK_GetOutClkFreq
 .text.CLOCK_GetFixedFreqClkFreq
                0x0000000000001410       0x34 C:\Users\felip\OneDrive\Desktop\Temp\psi3422-lab-sis-elet-2026\Aula1\.pio\build\frdm_kl25z\modules/hal_nxp/libmodules__hal_nxp.a(fsl_clock.c.o)
                0x0000000000001410                CLOCK_GetFixedFreqClkFreq
 .text.CLOCK_GetFreq
                0x0000000000001444       0x84 C:\Users\felip\OneDrive\Desktop\Temp\psi3422-lab-sis-elet-2026\Aula1\.pio\build\frdm_kl25z\modules/hal_nxp/libmodules__hal_nxp.a(fsl_clock.c.o)
                0x0000000000001444                CLOCK_GetFreq
 .text.CLOCK_SetInternalRefClkConfig
                0x00000000000014c8       0x74 C:\Users\felip\OneDrive\Desktop\Temp\psi3422-lab-sis-elet-2026\Aula1\.pio\build\frdm_kl25z\modules/hal_nxp/libmodules__hal_nxp.a(fsl_clock.c.o)
                0x00000000000014c8                CLOCK_SetInternalRefClkConfig
 .text.CLOCK_EnablePll0
                0x000000000000153c       0x30 C:\Users\felip\OneDrive\Desktop\Temp\psi3422-lab-sis-elet-2026\Aula1\.pio\build\frdm_kl25z\modules/hal_nxp/libmodules__hal_nxp.a(fsl_clock.c.o)
                0x000000000000153c                CLOCK_EnablePll0
 .text.CLOCK_InitOsc0
                0x000000000000156c       0x6c C:\Users\felip\OneDrive\Desktop\Temp\psi3422-lab-sis-elet-2026\Aula1\.pio\build\frdm_kl25z\modules/hal_nxp/libmodules__hal_nxp.a(fsl_clock.c.o)
                0x000000000000156c                CLOCK_InitOsc0
 .text.CLOCK_SetPbeMode
                0x00000000000015d8       0x50 C:\Users\felip\OneDrive\Desktop\Temp\psi3422-lab-sis-elet-2026\Aula1\.pio\build\frdm_kl25z\modules/hal_nxp/libmodules__hal_nxp.a(fsl_clock.c.o)
                0x00000000000015d8                CLOCK_SetPbeMode
 .text.CLOCK_BootToPeeMode
                0x0000000000001628       0x2c C:\Users\felip\OneDrive\Desktop\Temp\psi3422-lab-sis-elet-2026\Aula1\.pio\build\frdm_kl25z\modules/hal_nxp/libmodules__hal_nxp.a(fsl_clock.c.o)
                0x0000000000001628                CLOCK_BootToPeeMode
 .text.SystemInit
                0x0000000000001654       0x10 C:\Users\felip\OneDrive\Desktop\Temp\psi3422-lab-sis-elet-2026\Aula1\.pio\build\frdm_kl25z\modules/hal_nxp/libmodules__hal_nxp.a(system_MKL25Z4.c.o)
                0x0000000000001654                SystemInit
 .text.LPSCI_Init
                0x0000000000001664      0x134 C:\Users\felip\OneDrive\Desktop\Temp\psi3422-lab-sis-elet-2026\Aula1\.pio\build\frdm_kl25z\modules/hal_nxp/libmodules__hal_nxp.a(fsl_lpsci.c.o)
                0x0000000000001664                LPSCI_Init
 .text.LPSCI_ClearStatusFlags
                0x0000000000001798       0x54 C:\Users\felip\OneDrive\Desktop\Temp\psi3422-lab-sis-elet-2026\Aula1\.pio\build\frdm_kl25z\modules/hal_nxp/libmodules__hal_nxp.a(fsl_lpsci.c.o)
                0x0000000000001798                LPSCI_ClearStatusFlags
 .text.z_fatal_error
                0x00000000000017ec       0x28 C:\Users\felip\OneDrive\Desktop\Temp\psi3422-lab-sis-elet-2026\Aula1\.pio\build\frdm_kl25z\zephyr/kernel/libkernel.a(fatal.c.o)
                0x00000000000017ec                z_fatal_error
 .text.z_sys_init_run_level
                0x0000000000001814       0x34 C:\Users\felip\OneDrive\Desktop\Temp\psi3422-lab-sis-elet-2026\Aula1\.pio\build\frdm_kl25z\zephyr/kernel/libkernel.a(init.c.o)
 .text.bg_thread_main
                0x0000000000001848       0xa8 C:\Users\felip\OneDrive\Desktop\Temp\psi3422-lab-sis-elet-2026\Aula1\.pio\build\frdm_kl25z\zephyr/kernel/libkernel.a(init.c.o)
 .text.z_bss_zero
                0x00000000000018f0       0x18 C:\Users\felip\OneDrive\Desktop\Temp\psi3422-lab-sis-elet-2026\Aula1\.pio\build\frdm_kl25z\zephyr/kernel/libkernel.a(init.c.o)
                0x00000000000018f0                z_bss_zero
 .text.z_init_cpu
                0x0000000000001908       0x68 C:\Users\felip\OneDrive\Desktop\Temp\psi3422-lab-sis-elet-2026\Aula1\.pio\build\frdm_kl25z\zephyr/kernel/libkernel.a(init.c.o)
                0x0000000000001908                z_init_cpu
 .text.z_cstart
                0x0000000000001970       0xb8 C:\Users\felip\OneDrive\Desktop\Temp\psi3422-lab-sis-elet-2026\Aula1\.pio\build\frdm_kl25z\zephyr/kernel/libkernel.a(init.c.o)
                0x0000000000001970                z_cstart
 .text.z_setup_new_thread
                0x0000000000001a28       0x58 C:\Users\felip\OneDrive\Desktop\Temp\psi3422-lab-sis-elet-2026\Aula1\.pio\build\frdm_kl25z\zephyr/kernel/libkernel.a(thread.c.o)
                0x0000000000001a28                z_setup_new_thread
 .text.z_dummy_thread_init
                0x0000000000001a80       0x14 C:\Users\felip\OneDrive\Desktop\Temp\psi3422-lab-sis-elet-2026\Aula1\.pio\build\frdm_kl25z\zephyr/kernel/libkernel.a(thread.c.o)
                0x0000000000001a80                z_dummy_thread_init
 .text.z_swap_irqlock
                0x0000000000001a94       0x2c C:\Users\felip\OneDrive\Desktop\Temp\psi3422-lab-sis-elet-2026\Aula1\.pio\build\frdm_kl25z\zephyr/kernel/libkernel.a(sched.c.o)
 .text.unready_thread
                0x0000000000001ac0       0x58 C:\Users\felip\OneDrive\Desktop\Temp\psi3422-lab-sis-elet-2026\Aula1\.pio\build\frdm_kl25z\zephyr/kernel/libkernel.a(sched.c.o)
 .text.ready_thread
                0x0000000000001b18       0x94 C:\Users\felip\OneDrive\Desktop\Temp\psi3422-lab-sis-elet-2026\Aula1\.pio\build\frdm_kl25z\zephyr/kernel/libkernel.a(sched.c.o)
 .text.move_thread_to_end_of_prio_q
                0x0000000000001bac       0xa0 C:\Users\felip\OneDrive\Desktop\Temp\psi3422-lab-sis-elet-2026\Aula1\.pio\build\frdm_kl25z\zephyr/kernel/libkernel.a(sched.c.o)
                0x0000000000001bac                move_thread_to_end_of_prio_q
 .text.z_reschedule
                0x0000000000001c4c       0x2c C:\Users\felip\OneDrive\Desktop\Temp\psi3422-lab-sis-elet-2026\Aula1\.pio\build\frdm_kl25z\zephyr/kernel/libkernel.a(sched.c.o)
                0x0000000000001c4c                z_reschedule
 .text.z_reschedule_irqlock
                0x0000000000001c78       0x2c C:\Users\felip\OneDrive\Desktop\Temp\psi3422-lab-sis-elet-2026\Aula1\.pio\build\frdm_kl25z\zephyr/kernel/libkernel.a(sched.c.o)
                0x0000000000001c78                z_reschedule_irqlock
 .text.k_sched_lock
                0x0000000000001ca4       0x20 C:\Users\felip\OneDrive\Desktop\Temp\psi3422-lab-sis-elet-2026\Aula1\.pio\build\frdm_kl25z\zephyr/kernel/libkernel.a(sched.c.o)
                0x0000000000001ca4                k_sched_lock
 .text.k_sched_unlock
                0x0000000000001cc4       0x60 C:\Users\felip\OneDrive\Desktop\Temp\psi3422-lab-sis-elet-2026\Aula1\.pio\build\frdm_kl25z\zephyr/kernel/libkernel.a(sched.c.o)
                0x0000000000001cc4                k_sched_unlock
 .text.z_sched_init
                0x0000000000001d24       0x14 C:\Users\felip\OneDrive\Desktop\Temp\psi3422-lab-sis-elet-2026\Aula1\.pio\build\frdm_kl25z\zephyr/kernel/libkernel.a(sched.c.o)
                0x0000000000001d24                z_sched_init
 .text.z_impl_k_yield
                0x0000000000001d38       0x84 C:\Users\felip\OneDrive\Desktop\Temp\psi3422-lab-sis-elet-2026\Aula1\.pio\build\frdm_kl25z\zephyr/kernel/libkernel.a(sched.c.o)
                0x0000000000001d38                z_impl_k_yield
 .text.z_tick_sleep
                0x0000000000001dbc       0x74 C:\Users\felip\OneDrive\Desktop\Temp\psi3422-lab-sis-elet-2026\Aula1\.pio\build\frdm_kl25z\zephyr/kernel/libkernel.a(sched.c.o)
 .text.z_impl_k_sleep
                0x0000000000001e30       0x4c C:\Users\felip\OneDrive\Desktop\Temp\psi3422-lab-sis-elet-2026\Aula1\.pio\build\frdm_kl25z\zephyr/kernel/libkernel.a(sched.c.o)
                0x0000000000001e30                z_impl_k_sleep
 .text.z_impl_k_wakeup
                0x0000000000001e7c       0x40 C:\Users\felip\OneDrive\Desktop\Temp\psi3422-lab-sis-elet-2026\Aula1\.pio\build\frdm_kl25z\zephyr/kernel/libkernel.a(sched.c.o)
                0x0000000000001e7c                z_impl_k_wakeup
 .text.z_impl_k_sched_current_thread_query
                0x0000000000001ebc        0xc C:\Users\felip\OneDrive\Desktop\Temp\psi3422-lab-sis-elet-2026\Aula1\.pio\build\frdm_kl25z\zephyr/kernel/libkernel.a(sched.c.o)
                0x0000000000001ebc                z_impl_k_sched_current_thread_query
 .text.z_thread_abort
                0x0000000000001ec8      0x128 C:\Users\felip\OneDrive\Desktop\Temp\psi3422-lab-sis-elet-2026\Aula1\.pio\build\frdm_kl25z\zephyr/kernel/libkernel.a(sched.c.o)
                0x0000000000001ec8                z_thread_abort
 .text.slice_timeout
                0x0000000000001ff0       0x20 C:\Users\felip\OneDrive\Desktop\Temp\psi3422-lab-sis-elet-2026\Aula1\.pio\build\frdm_kl25z\zephyr/kernel/libkernel.a(timeslicing.c.o)
 .text.thread_is_sliceable
                0x0000000000002010       0x40 C:\Users\felip\OneDrive\Desktop\Temp\psi3422-lab-sis-elet-2026\Aula1\.pio\build\frdm_kl25z\zephyr/kernel/libkernel.a(timeslicing.c.o)
                0x0000000000002010                thread_is_sliceable
 .text.z_reset_time_slice
                0x0000000000002050       0x4c C:\Users\felip\OneDrive\Desktop\Temp\psi3422-lab-sis-elet-2026\Aula1\.pio\build\frdm_kl25z\zephyr/kernel/libkernel.a(timeslicing.c.o)
                0x0000000000002050                z_reset_time_slice
 .text.z_time_slice
                0x000000000000209c       0x58 C:\Users\felip\OneDrive\Desktop\Temp\psi3422-lab-sis-elet-2026\Aula1\.pio\build\frdm_kl25z\zephyr/kernel/libkernel.a(timeslicing.c.o)
                0x000000000000209c                z_time_slice
 .text.z_data_copy
                0x00000000000020f4       0x34 C:\Users\felip\OneDrive\Desktop\Temp\psi3422-lab-sis-elet-2026\Aula1\.pio\build\frdm_kl25z\zephyr/kernel/libkernel.a(xip.c.o)
                0x00000000000020f4                z_data_copy
 .text.first    0x0000000000002128       0x10 C:\Users\felip\OneDrive\Desktop\Temp\psi3422-lab-sis-elet-2026\Aula1\.pio\build\frdm_kl25z\zephyr/kernel/libkernel.a(timeout.c.o)
 .text.next_timeout
                0x0000000000002138       0x38 C:\Users\felip\OneDrive\Desktop\Temp\psi3422-lab-sis-elet-2026\Aula1\.pio\build\frdm_kl25z\zephyr/kernel/libkernel.a(timeout.c.o)
 .text.elapsed  0x0000000000002170       0x18 C:\Users\felip\OneDrive\Desktop\Temp\psi3422-lab-sis-elet-2026\Aula1\.pio\build\frdm_kl25z\zephyr/kernel/libkernel.a(timeout.c.o)
 .text.remove_timeout
                0x0000000000002188       0x38 C:\Users\felip\OneDrive\Desktop\Temp\psi3422-lab-sis-elet-2026\Aula1\.pio\build\frdm_kl25z\zephyr/kernel/libkernel.a(timeout.c.o)
 .text.z_add_timeout
                0x00000000000021c0      0x120 C:\Users\felip\OneDrive\Desktop\Temp\psi3422-lab-sis-elet-2026\Aula1\.pio\build\frdm_kl25z\zephyr/kernel/libkernel.a(timeout.c.o)
                0x00000000000021c0                z_add_timeout
 .text.sys_clock_announce
                0x00000000000022e0       0xd0 C:\Users\felip\OneDrive\Desktop\Temp\psi3422-lab-sis-elet-2026\Aula1\.pio\build\frdm_kl25z\zephyr/kernel/libkernel.a(timeout.c.o)
                0x00000000000022e0                sys_clock_announce
 .text.sys_clock_tick_get
                0x00000000000023b0       0x30 C:\Users\felip\OneDrive\Desktop\Temp\psi3422-lab-sis-elet-2026\Aula1\.pio\build\frdm_kl25z\zephyr/kernel/libkernel.a(timeout.c.o)
                0x00000000000023b0                sys_clock_tick_get
 .text.boot_banner
                0x00000000000023e0       0x10 C:\Users\felip\OneDrive\Desktop\Temp\psi3422-lab-sis-elet-2026\Aula1\.pio\build\frdm_kl25z\zephyr/kernel/libkernel.a(banner.c.o)
                0x00000000000023e0                boot_banner
 .text.vfprintf
                0x00000000000023f0      0x50c C:\Users\felip\OneDrive\Desktop\Temp\psi3422-lab-sis-elet-2026\Aula1\.pio\build\frdm_kl25z\modules\picolibc\libc.a(vflprintf.c.o)
                0x00000000000023f0                vfprintf
                0x00000000000023f0                __l_vfprintf
 .text.__fixunsdfsi
                0x00000000000028fc       0x3c c:/users/felip/.platformio/packages/toolchain-gccarmnoneeabi/bin/../lib/gcc/arm-none-eabi/8.2.1/thumb/v6-m/nofp\libgcc.a(_fixunsdfsi.o)
                0x00000000000028fc                __aeabi_d2uiz
                0x00000000000028fc                __fixunsdfsi
 .text.__udivmoddi4
                0x0000000000002938      0x1a4 c:/users/felip/.platformio/packages/toolchain-gccarmnoneeabi/bin/../lib/gcc/arm-none-eabi/8.2.1/thumb/v6-m/nofp\libgcc.a(_udivmoddi4.o)
                0x0000000000002938                __udivmoddi4
 .text.__aeabi_dmul
                0x0000000000002adc      0x510 c:/users/felip/.platformio/packages/toolchain-gccarmnoneeabi/bin/../lib/gcc/arm-none-eabi/8.2.1/thumb/v6-m/nofp\libgcc.a(muldf3.o)
                0x0000000000002adc                __aeabi_dmul
 .text.__aeabi_dsub
                0x0000000000002fec      0x730 c:/users/felip/.platformio/packages/toolchain-gccarmnoneeabi/bin/../lib/gcc/arm-none-eabi/8.2.1/thumb/v6-m/nofp\libgcc.a(subdf3.o)
                0x0000000000002fec                __aeabi_dsub
 .text.__aeabi_d2iz
                0x000000000000371c       0x6c c:/users/felip/.platformio/packages/toolchain-gccarmnoneeabi/bin/../lib/gcc/arm-none-eabi/8.2.1/thumb/v6-m/nofp\libgcc.a(fixdfsi.o)
                0x000000000000371c                __aeabi_d2iz
 .text.__aeabi_i2d
                0x0000000000003788       0x78 c:/users/felip/.platformio/packages/toolchain-gccarmnoneeabi/bin/../lib/gcc/arm-none-eabi/8.2.1/thumb/v6-m/nofp\libgcc.a(floatsidf.o)
                0x0000000000003788                __aeabi_i2d
 .text.__eqdf2  0x0000000000003800       0x80 c:/users/felip/.platformio/packages/toolchain-gccarmnoneeabi/bin/../lib/gcc/arm-none-eabi/8.2.1/thumb/v6-m/nofp\libgcc.a(eqdf2.o)
                0x0000000000003800                __nedf2
                0x0000000000003800                __eqdf2
 .text.__gedf2  0x0000000000003880       0xc8 c:/users/felip/.platformio/packages/toolchain-gccarmnoneeabi/bin/../lib/gcc/arm-none-eabi/8.2.1/thumb/v6-m/nofp\libgcc.a(gedf2.o)
                0x0000000000003880                __gedf2
                0x0000000000003880                __gtdf2
 .text.__ledf2  0x0000000000003948       0xc8 c:/users/felip/.platformio/packages/toolchain-gccarmnoneeabi/bin/../lib/gcc/arm-none-eabi/8.2.1/thumb/v6-m/nofp\libgcc.a(ledf2.o)
                0x0000000000003948                __ledf2
                0x0000000000003948                __ltdf2
 .text.pwm_tpm_CnV
                0x0000000000003a10        0xa .pio\build\frdm_kl25z\lib26f\libpwm_z42.a(pwm_z42.o)
                0x0000000000003a10                pwm_tpm_CnV
 .text.chunk_size
                0x0000000000003a1a        0xa C:\Users\felip\OneDrive\Desktop\Temp\psi3422-lab-sis-elet-2026\Aula1\.pio\build\frdm_kl25z\zephyr/libzephyr.a(heap.c.o)
 .text.free_list_add
                0x0000000000003a24       0x52 C:\Users\felip\OneDrive\Desktop\Temp\psi3422-lab-sis-elet-2026\Aula1\.pio\build\frdm_kl25z\zephyr/libzephyr.a(heap.c.o)
 .text.sys_heap_init
                0x0000000000003a76       0x64 C:\Users\felip\OneDrive\Desktop\Temp\psi3422-lab-sis-elet-2026\Aula1\.pio\build\frdm_kl25z\zephyr/libzephyr.a(heap.c.o)
                0x0000000000003a76                sys_heap_init
 .text.arch_printk_char_out
                0x0000000000003ada        0x4 C:\Users\felip\OneDrive\Desktop\Temp\psi3422-lab-sis-elet-2026\Aula1\.pio\build\frdm_kl25z\zephyr/libzephyr.a(printk.c.o)
                0x0000000000003ada                arch_printk_char_out
 .text.printk   0x0000000000003ade       0x16 C:\Users\felip\OneDrive\Desktop\Temp\psi3422-lab-sis-elet-2026\Aula1\.pio\build\frdm_kl25z\zephyr/libzephyr.a(printk.c.o)
                0x0000000000003ade                printk
 .text.z_thread_entry
                0x0000000000003af4       0x14 C:\Users\felip\OneDrive\Desktop\Temp\psi3422-lab-sis-elet-2026\Aula1\.pio\build\frdm_kl25z\zephyr/libzephyr.a(thread_entry.c.o)
                0x0000000000003af4                z_thread_entry
 .text._ConfigAbsSyms
                0x0000000000003b08        0x2 C:\Users\felip\OneDrive\Desktop\Temp\psi3422-lab-sis-elet-2026\Aula1\.pio\build\frdm_kl25z\zephyr/libzephyr.a(configs.c.o)
                0x0000000000003b08                _ConfigAbsSyms
 .text.soc_early_init_hook
                0x0000000000003b0a        0x8 C:\Users\felip\OneDrive\Desktop\Temp\psi3422-lab-sis-elet-2026\Aula1\.pio\build\frdm_kl25z\zephyr/libzephyr.a(soc.c.o)
                0x0000000000003b0a                soc_early_init_hook
 .text.soc_reset_hook
                0x0000000000003b12        0x8 C:\Users\felip\OneDrive\Desktop\Temp\psi3422-lab-sis-elet-2026\Aula1\.pio\build\frdm_kl25z\zephyr/libzephyr.a(soc.c.o)
                0x0000000000003b12                soc_reset_hook
 .text.z_arm_fatal_error
                0x0000000000003b1a       0x10 C:\Users\felip\OneDrive\Desktop\Temp\psi3422-lab-sis-elet-2026\Aula1\.pio\build\frdm_kl25z\zephyr/arch/arch/arm/core/libarch__arm__core.a(fatal.c.o)
                0x0000000000003b1a                z_arm_fatal_error
 .text.z_do_kernel_oops
                0x0000000000003b2a        0xc C:\Users\felip\OneDrive\Desktop\Temp\psi3422-lab-sis-elet-2026\Aula1\.pio\build\frdm_kl25z\zephyr/arch/arch/arm/core/libarch__arm__core.a(fatal.c.o)
                0x0000000000003b2a                z_do_kernel_oops
 .text.z_arm_nmi
                0x0000000000003b36        0xc C:\Users\felip\OneDrive\Desktop\Temp\psi3422-lab-sis-elet-2026\Aula1\.pio\build\frdm_kl25z\zephyr/arch/arch/arm/core/libarch__arm__core.a(nmi.c.o)
                0x0000000000003b36                z_arm_nmi
 .text.z_irq_spurious
                0x0000000000003b42        0xc C:\Users\felip\OneDrive\Desktop\Temp\psi3422-lab-sis-elet-2026\Aula1\.pio\build\frdm_kl25z\zephyr/arch/arch/arm/core/cortex_m/libarch__arm__core__cortex_m.a(irq_manage.c.o)
                0x0000000000003b42                z_irq_spurious
 .text.z_prep_c
                0x0000000000003b4e       0x16 C:\Users\felip\OneDrive\Desktop\Temp\psi3422-lab-sis-elet-2026\Aula1\.pio\build\frdm_kl25z\zephyr/arch/arch/arm/core/cortex_m/libarch__arm__core__cortex_m.a(prep_c.c.o)
                0x0000000000003b4e                z_prep_c
 .text.arch_irq_unlock_outlined
                0x0000000000003b64        0xc C:\Users\felip\OneDrive\Desktop\Temp\psi3422-lab-sis-elet-2026\Aula1\.pio\build\frdm_kl25z\zephyr/arch/arch/arm/core/cortex_m/libarch__arm__core__cortex_m.a(thread.c.o)
                0x0000000000003b64                arch_irq_unlock_outlined
 .text.arch_cpu_idle
                0x0000000000003b70        0xe C:\Users\felip\OneDrive\Desktop\Temp\psi3422-lab-sis-elet-2026\Aula1\.pio\build\frdm_kl25z\zephyr/arch/arch/arm/core/cortex_m/libarch__arm__core__cortex_m.a(cpu_idle.c.o)
                0x0000000000003b70                arch_cpu_idle
 .text.picolibc_put
                0x0000000000003b7e        0xa C:\Users\felip\OneDrive\Desktop\Temp\psi3422-lab-sis-elet-2026\Aula1\.pio\build\frdm_kl25z\zephyr/lib/libc/picolibc/liblib__libc__picolibc.a(stdio.c.o)
 .text.mcux_mcg_on
                0x0000000000003b88        0x4 C:\Users\felip\OneDrive\Desktop\Temp\psi3422-lab-sis-elet-2026\Aula1\.pio\build\frdm_kl25z\zephyr/drivers/clock_control/libdrivers__clock_control.a(clock_control_mcux_mcg.c.o)
 .text.mcux_mcg_get_rate
                0x0000000000003b8c       0x24 C:\Users\felip\OneDrive\Desktop\Temp\psi3422-lab-sis-elet-2026\Aula1\.pio\build\frdm_kl25z\zephyr/drivers/clock_control/libdrivers__clock_control.a(clock_control_mcux_mcg.c.o)
 .text.mcux_mcg_off
                0x0000000000003bb0        0x4 C:\Users\felip\OneDrive\Desktop\Temp\psi3422-lab-sis-elet-2026\Aula1\.pio\build\frdm_kl25z\zephyr/drivers/clock_control/libdrivers__clock_control.a(clock_control_mcux_mcg.c.o)
 .text.mcux_sim_init
                0x0000000000003bb4        0x4 C:\Users\felip\OneDrive\Desktop\Temp\psi3422-lab-sis-elet-2026\Aula1\.pio\build\frdm_kl25z\zephyr/drivers/clock_control/libdrivers__clock_control.a(clock_control_mcux_sim.c.o)
 .text.gpio_mcux_port_get_raw
                0x0000000000003bb8        0xc C:\Users\felip\OneDrive\Desktop\Temp\psi3422-lab-sis-elet-2026\Aula1\.pio\build\frdm_kl25z\zephyr/drivers/gpio/libdrivers__gpio.a(gpio_mcux.c.o)
 .text.gpio_mcux_port_set_masked_raw
                0x0000000000003bc4       0x12 C:\Users\felip\OneDrive\Desktop\Temp\psi3422-lab-sis-elet-2026\Aula1\.pio\build\frdm_kl25z\zephyr/drivers/gpio/libdrivers__gpio.a(gpio_mcux.c.o)
 .text.gpio_mcux_port_set_bits_raw
                0x0000000000003bd6        0xa C:\Users\felip\OneDrive\Desktop\Temp\psi3422-lab-sis-elet-2026\Aula1\.pio\build\frdm_kl25z\zephyr/drivers/gpio/libdrivers__gpio.a(gpio_mcux.c.o)
 .text.gpio_mcux_port_clear_bits_raw
                0x0000000000003be0        0xa C:\Users\felip\OneDrive\Desktop\Temp\psi3422-lab-sis-elet-2026\Aula1\.pio\build\frdm_kl25z\zephyr/drivers/gpio/libdrivers__gpio.a(gpio_mcux.c.o)
 .text.gpio_mcux_port_toggle_bits
                0x0000000000003bea        0xa C:\Users\felip\OneDrive\Desktop\Temp\psi3422-lab-sis-elet-2026\Aula1\.pio\build\frdm_kl25z\zephyr/drivers/gpio/libdrivers__gpio.a(gpio_mcux.c.o)
 .text.gpio_mcux_manage_callback
                0x0000000000003bf4       0x5c C:\Users\felip\OneDrive\Desktop\Temp\psi3422-lab-sis-elet-2026\Aula1\.pio\build\frdm_kl25z\zephyr/drivers/gpio/libdrivers__gpio.a(gpio_mcux.c.o)
 .text.gpio_mcux_port_isr
                0x0000000000003c50       0x30 C:\Users\felip\OneDrive\Desktop\Temp\psi3422-lab-sis-elet-2026\Aula1\.pio\build\frdm_kl25z\zephyr/drivers/gpio/libdrivers__gpio.a(gpio_mcux.c.o)
 .text.gpio_mcux_port1_init
                0x0000000000003c80        0x4 C:\Users\felip\OneDrive\Desktop\Temp\psi3422-lab-sis-elet-2026\Aula1\.pio\build\frdm_kl25z\zephyr/drivers/gpio/libdrivers__gpio.a(gpio_mcux.c.o)
 .text.gpio_mcux_port0_init
                0x0000000000003c84       0x16 C:\Users\felip\OneDrive\Desktop\Temp\psi3422-lab-sis-elet-2026\Aula1\.pio\build\frdm_kl25z\zephyr/drivers/gpio/libdrivers__gpio.a(gpio_mcux.c.o)
 .text.gpio_mcux_port3_init
                0x0000000000003c9a       0x16 C:\Users\felip\OneDrive\Desktop\Temp\psi3422-lab-sis-elet-2026\Aula1\.pio\build\frdm_kl25z\zephyr/drivers/gpio/libdrivers__gpio.a(gpio_mcux.c.o)
 .text.gpio_mcux_port2_init
                0x0000000000003cb0        0x4 C:\Users\felip\OneDrive\Desktop\Temp\psi3422-lab-sis-elet-2026\Aula1\.pio\build\frdm_kl25z\zephyr/drivers/gpio/libdrivers__gpio.a(gpio_mcux.c.o)
 .text.pinctrl_lookup_state
                0x0000000000003cb4       0x28 C:\Users\felip\OneDrive\Desktop\Temp\psi3422-lab-sis-elet-2026\Aula1\.pio\build\frdm_kl25z\zephyr/drivers/pinctrl/libdrivers__pinctrl.a(common.c.o)
                0x0000000000003cb4                pinctrl_lookup_state
 .text.pinctrl_mcux_init
                0x0000000000003cdc       0x28 C:\Users\felip\OneDrive\Desktop\Temp\psi3422-lab-sis-elet-2026\Aula1\.pio\build\frdm_kl25z\zephyr/drivers/pinctrl/libdrivers__pinctrl.a(pinctrl_nxp_port.c.o)
 .text.mcux_lpsci_poll_out
                0x0000000000003d04       0x18 C:\Users\felip\OneDrive\Desktop\Temp\psi3422-lab-sis-elet-2026\Aula1\.pio\build\frdm_kl25z\zephyr/drivers/serial/libdrivers__serial.a(uart_mcux_lpsci.c.o)
 .text.mcux_lpsci_poll_in
                0x0000000000003d1c       0x20 C:\Users\felip\OneDrive\Desktop\Temp\psi3422-lab-sis-elet-2026\Aula1\.pio\build\frdm_kl25z\zephyr/drivers/serial/libdrivers__serial.a(uart_mcux_lpsci.c.o)
 .text.mcux_lpsci_err_check
                0x0000000000003d3c       0x2c C:\Users\felip\OneDrive\Desktop\Temp\psi3422-lab-sis-elet-2026\Aula1\.pio\build\frdm_kl25z\zephyr/drivers/serial/libdrivers__serial.a(uart_mcux_lpsci.c.o)
 .text.mcux_lpsci_init
                0x0000000000003d68       0x6e C:\Users\felip\OneDrive\Desktop\Temp\psi3422-lab-sis-elet-2026\Aula1\.pio\build\frdm_kl25z\zephyr/drivers/serial/libdrivers__serial.a(uart_mcux_lpsci.c.o)
 .text.LPSCI_GetDefaultConfig
                0x0000000000003dd6       0x1c C:\Users\felip\OneDrive\Desktop\Temp\psi3422-lab-sis-elet-2026\Aula1\.pio\build\frdm_kl25z\modules/hal_nxp/libmodules__hal_nxp.a(fsl_lpsci.c.o)
                0x0000000000003dd6                LPSCI_GetDefaultConfig
 .text.LPSCI_GetStatusFlags
                0x0000000000003df2        0xa C:\Users\felip\OneDrive\Desktop\Temp\psi3422-lab-sis-elet-2026\Aula1\.pio\build\frdm_kl25z\modules/hal_nxp/libmodules__hal_nxp.a(fsl_lpsci.c.o)
                0x0000000000003df2                LPSCI_GetStatusFlags
 .text._OffsetAbsSyms
                0x0000000000003dfc        0x2 C:\Users\felip\OneDrive\Desktop\Temp\psi3422-lab-sis-elet-2026\Aula1\.pio\build\frdm_kl25z\zephyr\liboffsets.a(offsets.c.o)
                0x0000000000003dfc                _OffsetAbsSyms
 .text.z_device_state_init
                0x0000000000003dfe        0x2 C:\Users\felip\OneDrive\Desktop\Temp\psi3422-lab-sis-elet-2026\Aula1\.pio\build\frdm_kl25z\zephyr/kernel/libkernel.a(device.c.o)
                0x0000000000003dfe                z_device_state_init
 .text.z_impl_device_is_ready
                0x0000000000003e00       0x1a C:\Users\felip\OneDrive\Desktop\Temp\psi3422-lab-sis-elet-2026\Aula1\.pio\build\frdm_kl25z\zephyr/kernel/libkernel.a(device.c.o)
                0x0000000000003e00                z_impl_device_is_ready
 .text.arch_system_halt
                0x0000000000003e1a        0x8 C:\Users\felip\OneDrive\Desktop\Temp\psi3422-lab-sis-elet-2026\Aula1\.pio\build\frdm_kl25z\zephyr/kernel/libkernel.a(fatal.c.o)
                0x0000000000003e1a                arch_system_halt
 .text.k_sys_fatal_error_handler
                0x0000000000003e22        0x6 C:\Users\felip\OneDrive\Desktop\Temp\psi3422-lab-sis-elet-2026\Aula1\.pio\build\frdm_kl25z\zephyr/kernel/libkernel.a(fatal.c.o)
                0x0000000000003e22                k_sys_fatal_error_handler
 .text.do_device_init
                0x0000000000003e28       0x30 C:\Users\felip\OneDrive\Desktop\Temp\psi3422-lab-sis-elet-2026\Aula1\.pio\build\frdm_kl25z\zephyr/kernel/libkernel.a(init.c.o)
 .text.z_early_memset
                0x0000000000003e58        0x8 C:\Users\felip\OneDrive\Desktop\Temp\psi3422-lab-sis-elet-2026\Aula1\.pio\build\frdm_kl25z\zephyr/kernel/libkernel.a(init.c.o)
                0x0000000000003e58                z_early_memset
 .text.z_early_memcpy
                0x0000000000003e60        0x8 C:\Users\felip\OneDrive\Desktop\Temp\psi3422-lab-sis-elet-2026\Aula1\.pio\build\frdm_kl25z\zephyr/kernel/libkernel.a(init.c.o)
                0x0000000000003e60                z_early_memcpy
 .text.idle     0x0000000000003e68        0xe C:\Users\felip\OneDrive\Desktop\Temp\psi3422-lab-sis-elet-2026\Aula1\.pio\build\frdm_kl25z\zephyr/kernel/libkernel.a(idle.c.o)
                0x0000000000003e68                idle
 .text.sys_dlist_remove
                0x0000000000003e76       0x10 C:\Users\felip\OneDrive\Desktop\Temp\psi3422-lab-sis-elet-2026\Aula1\.pio\build\frdm_kl25z\zephyr/kernel/libkernel.a(sched.c.o)
 .text.unpend_thread_no_timeout
                0x0000000000003e86       0x16 C:\Users\felip\OneDrive\Desktop\Temp\psi3422-lab-sis-elet-2026\Aula1\.pio\build\frdm_kl25z\zephyr/kernel/libkernel.a(sched.c.o)
 .text.z_ready_thread
                0x0000000000003e9c       0x18 C:\Users\felip\OneDrive\Desktop\Temp\psi3422-lab-sis-elet-2026\Aula1\.pio\build\frdm_kl25z\zephyr/kernel/libkernel.a(sched.c.o)
                0x0000000000003e9c                z_ready_thread
 .text.z_sched_wake_thread
                0x0000000000003eb4       0x36 C:\Users\felip\OneDrive\Desktop\Temp\psi3422-lab-sis-elet-2026\Aula1\.pio\build\frdm_kl25z\zephyr/kernel/libkernel.a(sched.c.o)
                0x0000000000003eb4                z_sched_wake_thread
 .text.z_thread_timeout
                0x0000000000003eea        0xc C:\Users\felip\OneDrive\Desktop\Temp\psi3422-lab-sis-elet-2026\Aula1\.pio\build\frdm_kl25z\zephyr/kernel/libkernel.a(sched.c.o)
                0x0000000000003eea                z_thread_timeout
 .text.z_abort_timeout
                0x0000000000003ef6       0x4e C:\Users\felip\OneDrive\Desktop\Temp\psi3422-lab-sis-elet-2026\Aula1\.pio\build\frdm_kl25z\zephyr/kernel/libkernel.a(timeout.c.o)
                0x0000000000003ef6                z_abort_timeout
 .text.sys_clock_tick_get_32
                0x0000000000003f44        0x8 C:\Users\felip\OneDrive\Desktop\Temp\psi3422-lab-sis-elet-2026\Aula1\.pio\build\frdm_kl25z\zephyr/kernel/libkernel.a(timeout.c.o)
                0x0000000000003f44                sys_clock_tick_get_32
 .text.memcpy   0x0000000000003f4c       0x12 C:\Users\felip\OneDrive\Desktop\Temp\psi3422-lab-sis-elet-2026\Aula1\.pio\build\frdm_kl25z\modules\picolibc\libc.a(memcpy.c.o)
                0x0000000000003f4c                __aeabi_memcpy
                0x0000000000003f4c                __aeabi_memcpy4
                0x0000000000003f4c                __aeabi_memcpy8
                0x0000000000003f4c                memcpy
 .text.memset   0x0000000000003f5e       0x10 C:\Users\felip\OneDrive\Desktop\Temp\psi3422-lab-sis-elet-2026\Aula1\.pio\build\frdm_kl25z\modules\picolibc\libc.a(memset.c.o)
                0x0000000000003f5e                memset
 .text.strnlen  0x0000000000003f6e       0x16 C:\Users\felip\OneDrive\Desktop\Temp\psi3422-lab-sis-elet-2026\Aula1\.pio\build\frdm_kl25z\modules\picolibc\libc.a(strnlen.c.o)
                0x0000000000003f6e                strnlen
 .text.__ultoa_invert
                0x0000000000003f84      0x120 C:\Users\felip\OneDrive\Desktop\Temp\psi3422-lab-sis-elet-2026\Aula1\.pio\build\frdm_kl25z\modules\picolibc\libc.a(vflprintf.c.o)
 .text.skip_to_arg
                0x00000000000040a4      0x12e C:\Users\felip\OneDrive\Desktop\Temp\psi3422-lab-sis-elet-2026\Aula1\.pio\build\frdm_kl25z\modules\picolibc\libc.a(vflprintf.c.o)
 *(SORT_BY_ALIGNMENT(.TEXT.*))
 *(SORT_BY_ALIGNMENT(.gnu.linkonce.t.*))
 *(SORT_BY_ALIGNMENT(.glue_7t))
 .glue_7t       0x00000000000041d2        0x0 linker stubs
 *(SORT_BY_ALIGNMENT(.glue_7))
 .glue_7        0x00000000000041d2        0x0 linker stubs
 *(SORT_BY_ALIGNMENT(.vfp11_veneer))
 .vfp11_veneer  0x00000000000041d2        0x0 linker stubs
 *(SORT_BY_ALIGNMENT(.v4_bx))
 .v4_bx         0x00000000000041d2        0x0 linker stubs
                0x00000000000041d4                . = ALIGN (0x4)
 *fill*         0x00000000000041d2        0x2 
                0x00000000000041d4                __text_region_end = .

.ARM.exidx      0x00000000000041d4        0x8
                0x00000000000041d4                __exidx_start = .
 *(SORT_BY_ALIGNMENT(.ARM.exidx*) SORT_BY_ALIGNMENT(gnu.linkonce.armexidx.*))
 .ARM.exidx.text.__udivmoddi4
                0x00000000000041d4        0x8 c:/users/felip/.platformio/packages/toolchain-gccarmnoneeabi/bin/../lib/gcc/arm-none-eabi/8.2.1/thumb/v6-m/nofp\libgcc.a(_udivmoddi4.o)
                0x00000000000041dc                __exidx_end = .
                0x00000000000041dc                __rodata_region_start = .

initlevel       0x00000000000041dc       0x78
                0x00000000000041dc                __init_start = .
                0x00000000000041dc                __init_EARLY_start = .
 *(SORT_BY_NAME(SORT_BY_ALIGNMENT(.z_init_EARLY_P_?_*)))
 *(SORT_BY_NAME(SORT_BY_ALIGNMENT(.z_init_EARLY_P_??_*)))
 *(SORT_BY_NAME(SORT_BY_ALIGNMENT(.z_init_EARLY_P_???_*)))
                0x00000000000041dc                __init_PRE_KERNEL_1_start = .
 *(SORT_BY_NAME(SORT_BY_ALIGNMENT(.z_init_PRE_KERNEL_1_P_?_*)))
 *(SORT_BY_NAME(SORT_BY_ALIGNMENT(.z_init_PRE_KERNEL_1_P_??_*)))
 .z_init_PRE_KERNEL_1_P_30_SUB_00009_
                0x00000000000041dc        0x8 C:\Users\felip\OneDrive\Desktop\Temp\psi3422-lab-sis-elet-2026\Aula1\.pio\build\frdm_kl25z\zephyr/drivers/clock_control/libdrivers__clock_control.a(clock_control_mcux_sim.c.o)
 .z_init_PRE_KERNEL_1_P_30_SUB_00043_
                0x00000000000041e4        0x8 C:\Users\felip\OneDrive\Desktop\Temp\psi3422-lab-sis-elet-2026\Aula1\.pio\build\frdm_kl25z\zephyr/drivers/clock_control/libdrivers__clock_control.a(clock_control_mcux_mcg.c.o)
 .z_init_PRE_KERNEL_1_P_40_SUB_00010_
                0x00000000000041ec        0x8 C:\Users\felip\OneDrive\Desktop\Temp\psi3422-lab-sis-elet-2026\Aula1\.pio\build\frdm_kl25z\zephyr/drivers/pinctrl/libdrivers__pinctrl.a(pinctrl_nxp_port.c.o)
 .z_init_PRE_KERNEL_1_P_40_SUB_00015_
                0x00000000000041f4        0x8 C:\Users\felip\OneDrive\Desktop\Temp\psi3422-lab-sis-elet-2026\Aula1\.pio\build\frdm_kl25z\zephyr/drivers/pinctrl/libdrivers__pinctrl.a(pinctrl_nxp_port.c.o)
 .z_init_PRE_KERNEL_1_P_40_SUB_00017_
                0x00000000000041fc        0x8 C:\Users\felip\OneDrive\Desktop\Temp\psi3422-lab-sis-elet-2026\Aula1\.pio\build\frdm_kl25z\zephyr/drivers/pinctrl/libdrivers__pinctrl.a(pinctrl_nxp_port.c.o)
 .z_init_PRE_KERNEL_1_P_40_SUB_00031_
                0x0000000000004204        0x8 C:\Users\felip\OneDrive\Desktop\Temp\psi3422-lab-sis-elet-2026\Aula1\.pio\build\frdm_kl25z\zephyr/drivers/pinctrl/libdrivers__pinctrl.a(pinctrl_nxp_port.c.o)
 .z_init_PRE_KERNEL_1_P_40_SUB_00033_
                0x000000000000420c        0x8 C:\Users\felip\OneDrive\Desktop\Temp\psi3422-lab-sis-elet-2026\Aula1\.pio\build\frdm_kl25z\zephyr/drivers/pinctrl/libdrivers__pinctrl.a(pinctrl_nxp_port.c.o)
 .z_init_PRE_KERNEL_1_P_50_SUB_00037_
                0x0000000000004214        0x8 C:\Users\felip\OneDrive\Desktop\Temp\psi3422-lab-sis-elet-2026\Aula1\.pio\build\frdm_kl25z\zephyr/drivers/serial/libdrivers__serial.a(uart_mcux_lpsci.c.o)
 .z_init_PRE_KERNEL_1_P_60_SUB_0_
                0x000000000000421c        0x8 C:\Users\felip\OneDrive\Desktop\Temp\psi3422-lab-sis-elet-2026\Aula1\.pio\build\frdm_kl25z\zephyr/drivers/console/libdrivers__console.a(uart_console.c.o)
 *(SORT_BY_NAME(SORT_BY_ALIGNMENT(.z_init_PRE_KERNEL_1_P_???_*)))
                0x0000000000004224                __init_PRE_KERNEL_2_start = .
 *(SORT_BY_NAME(SORT_BY_ALIGNMENT(.z_init_PRE_KERNEL_2_P_?_*)))
 .z_init_PRE_KERNEL_2_P_0_SUB_0_
                0x0000000000004224        0x8 C:\Users\felip\OneDrive\Desktop\Temp\psi3422-lab-sis-elet-2026\Aula1\.pio\build\frdm_kl25z\zephyr/drivers/timer/libdrivers__timer.a(cortex_m_systick.c.o)
 *(SORT_BY_NAME(SORT_BY_ALIGNMENT(.z_init_PRE_KERNEL_2_P_??_*)))
 *(SORT_BY_NAME(SORT_BY_ALIGNMENT(.z_init_PRE_KERNEL_2_P_???_*)))
                0x000000000000422c                __init_POST_KERNEL_start = .
 *(SORT_BY_NAME(SORT_BY_ALIGNMENT(.z_init_POST_KERNEL_P_?_*)))
 *(SORT_BY_NAME(SORT_BY_ALIGNMENT(.z_init_POST_KERNEL_P_??_*)))
 .z_init_POST_KERNEL_P_35_SUB_0_
                0x000000000000422c        0x8 C:\Users\felip\OneDrive\Desktop\Temp\psi3422-lab-sis-elet-2026\Aula1\.pio\build\frdm_kl25z\zephyr/lib/libc/common/liblib__libc__common.a(malloc.c.o)
 .z_init_POST_KERNEL_P_40_SUB_00011_
                0x0000000000004234        0x8 C:\Users\felip\OneDrive\Desktop\Temp\psi3422-lab-sis-elet-2026\Aula1\.pio\build\frdm_kl25z\zephyr/drivers/gpio/libdrivers__gpio.a(gpio_mcux.c.o)
 .z_init_POST_KERNEL_P_40_SUB_00016_
                0x000000000000423c        0x8 C:\Users\felip\OneDrive\Desktop\Temp\psi3422-lab-sis-elet-2026\Aula1\.pio\build\frdm_kl25z\zephyr/drivers/gpio/libdrivers__gpio.a(gpio_mcux.c.o)
 .z_init_POST_KERNEL_P_40_SUB_00018_
                0x0000000000004244        0x8 C:\Users\felip\OneDrive\Desktop\Temp\psi3422-lab-sis-elet-2026\Aula1\.pio\build\frdm_kl25z\zephyr/drivers/gpio/libdrivers__gpio.a(gpio_mcux.c.o)
 .z_init_POST_KERNEL_P_40_SUB_00032_
                0x000000000000424c        0x8 C:\Users\felip\OneDrive\Desktop\Temp\psi3422-lab-sis-elet-2026\Aula1\.pio\build\frdm_kl25z\zephyr/drivers/gpio/libdrivers__gpio.a(gpio_mcux.c.o)
 *(SORT_BY_NAME(SORT_BY_ALIGNMENT(.z_init_POST_KERNEL_P_???_*)))
                0x0000000000004254                __init_APPLICATION_start = .
 *(SORT_BY_NAME(SORT_BY_ALIGNMENT(.z_init_APPLICATION_P_?_*)))
 *(SORT_BY_NAME(SORT_BY_ALIGNMENT(.z_init_APPLICATION_P_??_*)))
 *(SORT_BY_NAME(SORT_BY_ALIGNMENT(.z_init_APPLICATION_P_???_*)))
                0x0000000000004254                __init_SMP_start = .
 *(SORT_BY_NAME(SORT_BY_ALIGNMENT(.z_init_SMP_P_?_*)))
 *(SORT_BY_NAME(SORT_BY_ALIGNMENT(.z_init_SMP_P_??_*)))
 *(SORT_BY_NAME(SORT_BY_ALIGNMENT(.z_init_SMP_P_???_*)))
                0x0000000000004254                __init_end = .

device_area     0x0000000000004254      0x180
                0x0000000000004254                _device_list_start = .
 *(SORT_BY_NAME(SORT_BY_ALIGNMENT(._device.static.*_?_*)))
 *(SORT_BY_NAME(SORT_BY_ALIGNMENT(._device.static.*_??_*)))
 ._device.static.1_30_
                0x0000000000004254       0x20 C:\Users\felip\OneDrive\Desktop\Temp\psi3422-lab-sis-elet-2026\Aula1\.pio\build\frdm_kl25z\zephyr/drivers/clock_control/libdrivers__clock_control.a(clock_control_mcux_mcg.c.o)
                0x0000000000004254                __device_dts_ord_43
 ._device.static.1_30_
                0x0000000000004274       0x20 C:\Users\felip\OneDrive\Desktop\Temp\psi3422-lab-sis-elet-2026\Aula1\.pio\build\frdm_kl25z\zephyr/drivers/clock_control/libdrivers__clock_control.a(clock_control_mcux_sim.c.o)
                0x0000000000004274                __device_dts_ord_9
 ._device.static.1_40_
                0x0000000000004294       0xa0 C:\Users\felip\OneDrive\Desktop\Temp\psi3422-lab-sis-elet-2026\Aula1\.pio\build\frdm_kl25z\zephyr/drivers/pinctrl/libdrivers__pinctrl.a(pinctrl_nxp_port.c.o)
                0x0000000000004294                __device_dts_ord_33
                0x00000000000042b4                __device_dts_ord_17
                0x00000000000042d4                __device_dts_ord_31
                0x00000000000042f4                __device_dts_ord_15
                0x0000000000004314                __device_dts_ord_10
 ._device.static.1_50_
                0x0000000000004334       0x20 C:\Users\felip\OneDrive\Desktop\Temp\psi3422-lab-sis-elet-2026\Aula1\.pio\build\frdm_kl25z\zephyr/drivers/serial/libdrivers__serial.a(uart_mcux_lpsci.c.o)
                0x0000000000004334                __device_dts_ord_37
 ._device.static.3_40_
                0x0000000000004354       0x80 C:\Users\felip\OneDrive\Desktop\Temp\psi3422-lab-sis-elet-2026\Aula1\.pio\build\frdm_kl25z\zephyr/drivers/gpio/libdrivers__gpio.a(gpio_mcux.c.o)
                0x0000000000004354                __device_dts_ord_18
                0x0000000000004374                __device_dts_ord_32
                0x0000000000004394                __device_dts_ord_16
                0x00000000000043b4                __device_dts_ord_11
 *(SORT_BY_NAME(SORT_BY_ALIGNMENT(._device.static.*_???_*)))
 *(SORT_BY_NAME(SORT_BY_ALIGNMENT(._device.static.*_????_*)))
 *(SORT_BY_NAME(SORT_BY_ALIGNMENT(._device.static.*_?????_*)))
                0x00000000000043d4                _device_list_end = .

sw_isr_table    0x00000000000043d4      0x100
                0x00000000000043d4                . = ALIGN (0x4)
 *(SORT_BY_ALIGNMENT(.gnu.linkonce.sw_isr_table*))
 .gnu.linkonce.sw_isr_table
                0x00000000000043d4      0x100 .pio\build\frdm_kl25z\zephyr_final\zephyr\isr_tables.c.o
                0x00000000000043d4                _sw_isr_table

initlevel_error
                0x00000000000041dc        0x0
 *(SORT_BY_NAME(SORT_BY_ALIGNMENT(.z_init_*)))
                0x0000000000000001                ASSERT ((SIZEOF (initlevel_error) == 0x0), Undefined initialization levels used.)

app_shmem_regions
                0x00000000000044d4        0x0
                0x00000000000044d4                __app_shmem_regions_start = .
 *(SORT_BY_NAME(SORT_BY_ALIGNMENT(.app_regions.*)))
                0x00000000000044d4                __app_shmem_regions_end = .

k_p4wq_initparam_area
                0x00000000000044d4        0x0
                0x00000000000044d4                _k_p4wq_initparam_list_start = .
 *(SORT_BY_NAME(SORT_BY_ALIGNMENT(._k_p4wq_initparam.static.*)))
                0x00000000000044d4                _k_p4wq_initparam_list_end = .

_static_thread_data_area
                0x00000000000044d4        0x0
                0x00000000000044d4                __static_thread_data_list_start = .
 *(SORT_BY_NAME(SORT_BY_ALIGNMENT(.__static_thread_data.static.*)))
                0x00000000000044d4                __static_thread_data_list_end = .

device_deps     0x00000000000044d4        0x0
                0x00000000000044d4                __device_deps_start = .
 *(SORT_BY_NAME(SORT_BY_ALIGNMENT(.__device_deps_pass2*)))
                0x00000000000044d4                __device_deps_end = .

gpio_driver_api_area
                0x00000000000044d4       0x24
                0x00000000000044d4                _gpio_driver_api_list_start = .
 *(SORT_BY_NAME(SORT_BY_ALIGNMENT(._gpio_driver_api.static.*)))
 ._gpio_driver_api.static.gpio_mcux_driver_api_
                0x00000000000044d4       0x24 C:\Users\felip\OneDrive\Desktop\Temp\psi3422-lab-sis-elet-2026\Aula1\.pio\build\frdm_kl25z\zephyr/drivers/gpio/libdrivers__gpio.a(gpio_mcux.c.o)
                0x00000000000044f8                _gpio_driver_api_list_end = .

shared_irq_driver_api_area
                0x00000000000044f8        0x0
                0x00000000000044f8                _shared_irq_driver_api_list_start = .
 *(SORT_BY_NAME(SORT_BY_ALIGNMENT(._shared_irq_driver_api.static.*)))
                0x00000000000044f8                _shared_irq_driver_api_list_end = .

crypto_driver_api_area
                0x00000000000044f8        0x0
                0x00000000000044f8                _crypto_driver_api_list_start = .
 *(SORT_BY_NAME(SORT_BY_ALIGNMENT(._crypto_driver_api.static.*)))
                0x00000000000044f8                _crypto_driver_api_list_end = .

adc_driver_api_area
                0x00000000000044f8        0x0
                0x00000000000044f8                _adc_driver_api_list_start = .
 *(SORT_BY_NAME(SORT_BY_ALIGNMENT(._adc_driver_api.static.*)))
                0x00000000000044f8                _adc_driver_api_list_end = .

auxdisplay_driver_api_area
                0x00000000000044f8        0x0
                0x00000000000044f8                _auxdisplay_driver_api_list_start = .
 *(SORT_BY_NAME(SORT_BY_ALIGNMENT(._auxdisplay_driver_api.static.*)))
                0x00000000000044f8                _auxdisplay_driver_api_list_end = .

bbram_driver_api_area
                0x00000000000044f8        0x0
                0x00000000000044f8                _bbram_driver_api_list_start = .
 *(SORT_BY_NAME(SORT_BY_ALIGNMENT(._bbram_driver_api.static.*)))
                0x00000000000044f8                _bbram_driver_api_list_end = .

bt_hci_driver_api_area
                0x00000000000044f8        0x0
                0x00000000000044f8                _bt_hci_driver_api_list_start = .
 *(SORT_BY_NAME(SORT_BY_ALIGNMENT(._bt_hci_driver_api.static.*)))
                0x00000000000044f8                _bt_hci_driver_api_list_end = .

can_driver_api_area
                0x00000000000044f8        0x0
                0x00000000000044f8                _can_driver_api_list_start = .
 *(SORT_BY_NAME(SORT_BY_ALIGNMENT(._can_driver_api.static.*)))
                0x00000000000044f8                _can_driver_api_list_end = .

cellular_driver_api_area
                0x00000000000044f8        0x0
                0x00000000000044f8                _cellular_driver_api_list_start = .
 *(SORT_BY_NAME(SORT_BY_ALIGNMENT(._cellular_driver_api.static.*)))
                0x00000000000044f8                _cellular_driver_api_list_end = .

charger_driver_api_area
                0x00000000000044f8        0x0
                0x00000000000044f8                _charger_driver_api_list_start = .
 *(SORT_BY_NAME(SORT_BY_ALIGNMENT(._charger_driver_api.static.*)))
                0x00000000000044f8                _charger_driver_api_list_end = .

clock_control_driver_api_area
                0x00000000000044f8       0x38
                0x00000000000044f8                _clock_control_driver_api_list_start = .
 *(SORT_BY_NAME(SORT_BY_ALIGNMENT(._clock_control_driver_api.static.*)))
 ._clock_control_driver_api.static.mcux_mcg_driver_api_
                0x00000000000044f8       0x1c C:\Users\felip\OneDrive\Desktop\Temp\psi3422-lab-sis-elet-2026\Aula1\.pio\build\frdm_kl25z\zephyr/drivers/clock_control/libdrivers__clock_control.a(clock_control_mcux_mcg.c.o)
 ._clock_control_driver_api.static.mcux_sim_driver_api_
                0x0000000000004514       0x1c C:\Users\felip\OneDrive\Desktop\Temp\psi3422-lab-sis-elet-2026\Aula1\.pio\build\frdm_kl25z\zephyr/drivers/clock_control/libdrivers__clock_control.a(clock_control_mcux_sim.c.o)
                0x0000000000004530                _clock_control_driver_api_list_end = .

comparator_driver_api_area
                0x0000000000004530        0x0
                0x0000000000004530                _comparator_driver_api_list_start = .
 *(SORT_BY_NAME(SORT_BY_ALIGNMENT(._comparator_driver_api.static.*)))
                0x0000000000004530                _comparator_driver_api_list_end = .

coredump_driver_api_area
                0x0000000000004530        0x0
                0x0000000000004530                _coredump_driver_api_list_start = .
 *(SORT_BY_NAME(SORT_BY_ALIGNMENT(._coredump_driver_api.static.*)))
                0x0000000000004530                _coredump_driver_api_list_end = .

counter_driver_api_area
                0x0000000000004530        0x0
                0x0000000000004530                _counter_driver_api_list_start = .
 *(SORT_BY_NAME(SORT_BY_ALIGNMENT(._counter_driver_api.static.*)))
                0x0000000000004530                _counter_driver_api_list_end = .

dac_driver_api_area
                0x0000000000004530        0x0
                0x0000000000004530                _dac_driver_api_list_start = .
 *(SORT_BY_NAME(SORT_BY_ALIGNMENT(._dac_driver_api.static.*)))
                0x0000000000004530                _dac_driver_api_list_end = .

dai_driver_api_area
                0x0000000000004530        0x0
                0x0000000000004530                _dai_driver_api_list_start = .
 *(SORT_BY_NAME(SORT_BY_ALIGNMENT(._dai_driver_api.static.*)))
                0x0000000000004530                _dai_driver_api_list_end = .

display_driver_api_area
                0x0000000000004530        0x0
                0x0000000000004530                _display_driver_api_list_start = .
 *(SORT_BY_NAME(SORT_BY_ALIGNMENT(._display_driver_api.static.*)))
                0x0000000000004530                _display_driver_api_list_end = .

dma_driver_api_area
                0x0000000000004530        0x0
                0x0000000000004530                _dma_driver_api_list_start = .
 *(SORT_BY_NAME(SORT_BY_ALIGNMENT(._dma_driver_api.static.*)))
                0x0000000000004530                _dma_driver_api_list_end = .

edac_driver_api_area
                0x0000000000004530        0x0
                0x0000000000004530                _edac_driver_api_list_start = .
 *(SORT_BY_NAME(SORT_BY_ALIGNMENT(._edac_driver_api.static.*)))
                0x0000000000004530                _edac_driver_api_list_end = .

eeprom_driver_api_area
                0x0000000000004530        0x0
                0x0000000000004530                _eeprom_driver_api_list_start = .
 *(SORT_BY_NAME(SORT_BY_ALIGNMENT(._eeprom_driver_api.static.*)))
                0x0000000000004530                _eeprom_driver_api_list_end = .

emul_bbram_driver_api_area
                0x0000000000004530        0x0
                0x0000000000004530                _emul_bbram_driver_api_list_start = .
 *(SORT_BY_NAME(SORT_BY_ALIGNMENT(._emul_bbram_driver_api.static.*)))
                0x0000000000004530                _emul_bbram_driver_api_list_end = .

fuel_gauge_emul_driver_api_area
                0x0000000000004530        0x0
                0x0000000000004530                _fuel_gauge_emul_driver_api_list_start = .
 *(SORT_BY_NAME(SORT_BY_ALIGNMENT(._fuel_gauge_emul_driver_api.static.*)))
                0x0000000000004530                _fuel_gauge_emul_driver_api_list_end = .

emul_sensor_driver_api_area
                0x0000000000004530        0x0
                0x0000000000004530                _emul_sensor_driver_api_list_start = .
 *(SORT_BY_NAME(SORT_BY_ALIGNMENT(._emul_sensor_driver_api.static.*)))
                0x0000000000004530                _emul_sensor_driver_api_list_end = .

entropy_driver_api_area
                0x0000000000004530        0x0
                0x0000000000004530                _entropy_driver_api_list_start = .
 *(SORT_BY_NAME(SORT_BY_ALIGNMENT(._entropy_driver_api.static.*)))
                0x0000000000004530                _entropy_driver_api_list_end = .

espi_driver_api_area
                0x0000000000004530        0x0
                0x0000000000004530                _espi_driver_api_list_start = .
 *(SORT_BY_NAME(SORT_BY_ALIGNMENT(._espi_driver_api.static.*)))
                0x0000000000004530                _espi_driver_api_list_end = .

espi_saf_driver_api_area
                0x0000000000004530        0x0
                0x0000000000004530                _espi_saf_driver_api_list_start = .
 *(SORT_BY_NAME(SORT_BY_ALIGNMENT(._espi_saf_driver_api.static.*)))
                0x0000000000004530                _espi_saf_driver_api_list_end = .

flash_driver_api_area
                0x0000000000004530        0x0
                0x0000000000004530                _flash_driver_api_list_start = .
 *(SORT_BY_NAME(SORT_BY_ALIGNMENT(._flash_driver_api.static.*)))
                0x0000000000004530                _flash_driver_api_list_end = .

fpga_driver_api_area
                0x0000000000004530        0x0
                0x0000000000004530                _fpga_driver_api_list_start = .
 *(SORT_BY_NAME(SORT_BY_ALIGNMENT(._fpga_driver_api.static.*)))
                0x0000000000004530                _fpga_driver_api_list_end = .

fuel_gauge_driver_api_area
                0x0000000000004530        0x0
                0x0000000000004530                _fuel_gauge_driver_api_list_start = .
 *(SORT_BY_NAME(SORT_BY_ALIGNMENT(._fuel_gauge_driver_api.static.*)))
                0x0000000000004530                _fuel_gauge_driver_api_list_end = .

gnss_driver_api_area
                0x0000000000004530        0x0
                0x0000000000004530                _gnss_driver_api_list_start = .
 *(SORT_BY_NAME(SORT_BY_ALIGNMENT(._gnss_driver_api.static.*)))
                0x0000000000004530                _gnss_driver_api_list_end = .

haptics_driver_api_area
                0x0000000000004530        0x0
                0x0000000000004530                _haptics_driver_api_list_start = .
 *(SORT_BY_NAME(SORT_BY_ALIGNMENT(._haptics_driver_api.static.*)))
                0x0000000000004530                _haptics_driver_api_list_end = .

hwspinlock_driver_api_area
                0x0000000000004530        0x0
                0x0000000000004530                _hwspinlock_driver_api_list_start = .
 *(SORT_BY_NAME(SORT_BY_ALIGNMENT(._hwspinlock_driver_api.static.*)))
                0x0000000000004530                _hwspinlock_driver_api_list_end = .

i2c_driver_api_area
                0x0000000000004530        0x0
                0x0000000000004530                _i2c_driver_api_list_start = .
 *(SORT_BY_NAME(SORT_BY_ALIGNMENT(._i2c_driver_api.static.*)))
                0x0000000000004530                _i2c_driver_api_list_end = .

i2c_target_driver_api_area
                0x0000000000004530        0x0
                0x0000000000004530                _i2c_target_driver_api_list_start = .
 *(SORT_BY_NAME(SORT_BY_ALIGNMENT(._i2c_target_driver_api.static.*)))
                0x0000000000004530                _i2c_target_driver_api_list_end = .

i2s_driver_api_area
                0x0000000000004530        0x0
                0x0000000000004530                _i2s_driver_api_list_start = .
 *(SORT_BY_NAME(SORT_BY_ALIGNMENT(._i2s_driver_api.static.*)))
                0x0000000000004530                _i2s_driver_api_list_end = .

i3c_driver_api_area
                0x0000000000004530        0x0
                0x0000000000004530                _i3c_driver_api_list_start = .
 *(SORT_BY_NAME(SORT_BY_ALIGNMENT(._i3c_driver_api.static.*)))
                0x0000000000004530                _i3c_driver_api_list_end = .

ipm_driver_api_area
                0x0000000000004530        0x0
                0x0000000000004530                _ipm_driver_api_list_start = .
 *(SORT_BY_NAME(SORT_BY_ALIGNMENT(._ipm_driver_api.static.*)))
                0x0000000000004530                _ipm_driver_api_list_end = .

led_driver_api_area
                0x0000000000004530        0x0
                0x0000000000004530                _led_driver_api_list_start = .
 *(SORT_BY_NAME(SORT_BY_ALIGNMENT(._led_driver_api.static.*)))
                0x0000000000004530                _led_driver_api_list_end = .

led_strip_driver_api_area
                0x0000000000004530        0x0
                0x0000000000004530                _led_strip_driver_api_list_start = .
 *(SORT_BY_NAME(SORT_BY_ALIGNMENT(._led_strip_driver_api.static.*)))
                0x0000000000004530                _led_strip_driver_api_list_end = .

lora_driver_api_area
                0x0000000000004530        0x0
                0x0000000000004530                _lora_driver_api_list_start = .
 *(SORT_BY_NAME(SORT_BY_ALIGNMENT(._lora_driver_api.static.*)))
                0x0000000000004530                _lora_driver_api_list_end = .

mbox_driver_api_area
                0x0000000000004530        0x0
                0x0000000000004530                _mbox_driver_api_list_start = .
 *(SORT_BY_NAME(SORT_BY_ALIGNMENT(._mbox_driver_api.static.*)))
                0x0000000000004530                _mbox_driver_api_list_end = .

mdio_driver_api_area
                0x0000000000004530        0x0
                0x0000000000004530                _mdio_driver_api_list_start = .
 *(SORT_BY_NAME(SORT_BY_ALIGNMENT(._mdio_driver_api.static.*)))
                0x0000000000004530                _mdio_driver_api_list_end = .

mipi_dbi_driver_api_area
                0x0000000000004530        0x0
                0x0000000000004530                _mipi_dbi_driver_api_list_start = .
 *(SORT_BY_NAME(SORT_BY_ALIGNMENT(._mipi_dbi_driver_api.static.*)))
                0x0000000000004530                _mipi_dbi_driver_api_list_end = .

mipi_dsi_driver_api_area
                0x0000000000004530        0x0
                0x0000000000004530                _mipi_dsi_driver_api_list_start = .
 *(SORT_BY_NAME(SORT_BY_ALIGNMENT(._mipi_dsi_driver_api.static.*)))
                0x0000000000004530                _mipi_dsi_driver_api_list_end = .

mspi_driver_api_area
                0x0000000000004530        0x0
                0x0000000000004530                _mspi_driver_api_list_start = .
 *(SORT_BY_NAME(SORT_BY_ALIGNMENT(._mspi_driver_api.static.*)))
                0x0000000000004530                _mspi_driver_api_list_end = .

peci_driver_api_area
                0x0000000000004530        0x0
                0x0000000000004530                _peci_driver_api_list_start = .
 *(SORT_BY_NAME(SORT_BY_ALIGNMENT(._peci_driver_api.static.*)))
                0x0000000000004530                _peci_driver_api_list_end = .

ps2_driver_api_area
                0x0000000000004530        0x0
                0x0000000000004530                _ps2_driver_api_list_start = .
 *(SORT_BY_NAME(SORT_BY_ALIGNMENT(._ps2_driver_api.static.*)))
                0x0000000000004530                _ps2_driver_api_list_end = .

ptp_clock_driver_api_area
                0x0000000000004530        0x0
                0x0000000000004530                _ptp_clock_driver_api_list_start = .
 *(SORT_BY_NAME(SORT_BY_ALIGNMENT(._ptp_clock_driver_api.static.*)))
                0x0000000000004530                _ptp_clock_driver_api_list_end = .

pwm_driver_api_area
                0x0000000000004530        0x0
                0x0000000000004530                _pwm_driver_api_list_start = .
 *(SORT_BY_NAME(SORT_BY_ALIGNMENT(._pwm_driver_api.static.*)))
                0x0000000000004530                _pwm_driver_api_list_end = .

regulator_parent_driver_api_area
                0x0000000000004530        0x0
                0x0000000000004530                _regulator_parent_driver_api_list_start = .
 *(SORT_BY_NAME(SORT_BY_ALIGNMENT(._regulator_parent_driver_api.static.*)))
                0x0000000000004530                _regulator_parent_driver_api_list_end = .

regulator_driver_api_area
                0x0000000000004530        0x0
                0x0000000000004530                _regulator_driver_api_list_start = .
 *(SORT_BY_NAME(SORT_BY_ALIGNMENT(._regulator_driver_api.static.*)))
                0x0000000000004530                _regulator_driver_api_list_end = .

reset_driver_api_area
                0x0000000000004530        0x0
                0x0000000000004530                _reset_driver_api_list_start = .
 *(SORT_BY_NAME(SORT_BY_ALIGNMENT(._reset_driver_api.static.*)))
                0x0000000000004530                _reset_driver_api_list_end = .

retained_mem_driver_api_area
                0x0000000000004530        0x0
                0x0000000000004530                _retained_mem_driver_api_list_start = .
 *(SORT_BY_NAME(SORT_BY_ALIGNMENT(._retained_mem_driver_api.static.*)))
                0x0000000000004530                _retained_mem_driver_api_list_end = .

rtc_driver_api_area
                0x0000000000004530        0x0
                0x0000000000004530                _rtc_driver_api_list_start = .
 *(SORT_BY_NAME(SORT_BY_ALIGNMENT(._rtc_driver_api.static.*)))
                0x0000000000004530                _rtc_driver_api_list_end = .

sdhc_driver_api_area
                0x0000000000004530        0x0
                0x0000000000004530                _sdhc_driver_api_list_start = .
 *(SORT_BY_NAME(SORT_BY_ALIGNMENT(._sdhc_driver_api.static.*)))
                0x0000000000004530                _sdhc_driver_api_list_end = .

sensor_driver_api_area
                0x0000000000004530        0x0
                0x0000000000004530                _sensor_driver_api_list_start = .
 *(SORT_BY_NAME(SORT_BY_ALIGNMENT(._sensor_driver_api.static.*)))
                0x0000000000004530                _sensor_driver_api_list_end = .

smbus_driver_api_area
                0x0000000000004530        0x0
                0x0000000000004530                _smbus_driver_api_list_start = .
 *(SORT_BY_NAME(SORT_BY_ALIGNMENT(._smbus_driver_api.static.*)))
                0x0000000000004530                _smbus_driver_api_list_end = .

spi_driver_api_area
                0x0000000000004530        0x0
                0x0000000000004530                _spi_driver_api_list_start = .
 *(SORT_BY_NAME(SORT_BY_ALIGNMENT(._spi_driver_api.static.*)))
                0x0000000000004530                _spi_driver_api_list_end = .

stepper_driver_api_area
                0x0000000000004530        0x0
                0x0000000000004530                _stepper_driver_api_list_start = .
 *(SORT_BY_NAME(SORT_BY_ALIGNMENT(._stepper_driver_api.static.*)))
                0x0000000000004530                _stepper_driver_api_list_end = .

syscon_driver_api_area
                0x0000000000004530        0x0
                0x0000000000004530                _syscon_driver_api_list_start = .
 *(SORT_BY_NAME(SORT_BY_ALIGNMENT(._syscon_driver_api.static.*)))
                0x0000000000004530                _syscon_driver_api_list_end = .

tee_driver_api_area
                0x0000000000004530        0x0
                0x0000000000004530                _tee_driver_api_list_start = .
 *(SORT_BY_NAME(SORT_BY_ALIGNMENT(._tee_driver_api.static.*)))
                0x0000000000004530                _tee_driver_api_list_end = .

video_driver_api_area
                0x0000000000004530        0x0
                0x0000000000004530                _video_driver_api_list_start = .
 *(SORT_BY_NAME(SORT_BY_ALIGNMENT(._video_driver_api.static.*)))
                0x0000000000004530                _video_driver_api_list_end = .

virtio_driver_api_area
                0x0000000000004530        0x0
                0x0000000000004530                _virtio_driver_api_list_start = .
 *(SORT_BY_NAME(SORT_BY_ALIGNMENT(._virtio_driver_api.static.*)))
                0x0000000000004530                _virtio_driver_api_list_end = .

w1_driver_api_area
                0x0000000000004530        0x0
                0x0000000000004530                _w1_driver_api_list_start = .
 *(SORT_BY_NAME(SORT_BY_ALIGNMENT(._w1_driver_api.static.*)))
                0x0000000000004530                _w1_driver_api_list_end = .

wdt_driver_api_area
                0x0000000000004530        0x0
                0x0000000000004530                _wdt_driver_api_list_start = .
 *(SORT_BY_NAME(SORT_BY_ALIGNMENT(._wdt_driver_api.static.*)))
                0x0000000000004530                _wdt_driver_api_list_end = .

can_transceiver_driver_api_area
                0x0000000000004530        0x0
                0x0000000000004530                _can_transceiver_driver_api_list_start = .
 *(SORT_BY_NAME(SORT_BY_ALIGNMENT(._can_transceiver_driver_api.static.*)))
                0x0000000000004530                _can_transceiver_driver_api_list_end = .

nrf_clock_control_driver_api_area
                0x0000000000004530        0x0
                0x0000000000004530                _nrf_clock_control_driver_api_list_start = .
 *(SORT_BY_NAME(SORT_BY_ALIGNMENT(._nrf_clock_control_driver_api.static.*)))
                0x0000000000004530                _nrf_clock_control_driver_api_list_end = .

i3c_target_driver_api_area
                0x0000000000004530        0x0
                0x0000000000004530                _i3c_target_driver_api_list_start = .
 *(SORT_BY_NAME(SORT_BY_ALIGNMENT(._i3c_target_driver_api.static.*)))
                0x0000000000004530                _i3c_target_driver_api_list_end = .

its_driver_api_area
                0x0000000000004530        0x0
                0x0000000000004530                _its_driver_api_list_start = .
 *(SORT_BY_NAME(SORT_BY_ALIGNMENT(._its_driver_api.static.*)))
                0x0000000000004530                _its_driver_api_list_end = .

vtd_driver_api_area
                0x0000000000004530        0x0
                0x0000000000004530                _vtd_driver_api_list_start = .
 *(SORT_BY_NAME(SORT_BY_ALIGNMENT(._vtd_driver_api.static.*)))
                0x0000000000004530                _vtd_driver_api_list_end = .

renesas_elc_driver_api_area
                0x0000000000004530        0x0
                0x0000000000004530                _renesas_elc_driver_api_list_start = .
 *(SORT_BY_NAME(SORT_BY_ALIGNMENT(._renesas_elc_driver_api.static.*)))
                0x0000000000004530                _renesas_elc_driver_api_list_end = .

tgpio_driver_api_area
                0x0000000000004530        0x0
                0x0000000000004530                _tgpio_driver_api_list_start = .
 *(SORT_BY_NAME(SORT_BY_ALIGNMENT(._tgpio_driver_api.static.*)))
                0x0000000000004530                _tgpio_driver_api_list_end = .

pcie_ctrl_driver_api_area
                0x0000000000004530        0x0
                0x0000000000004530                _pcie_ctrl_driver_api_list_start = .
 *(SORT_BY_NAME(SORT_BY_ALIGNMENT(._pcie_ctrl_driver_api.static.*)))
                0x0000000000004530                _pcie_ctrl_driver_api_list_end = .

pcie_ep_driver_api_area
                0x0000000000004530        0x0
                0x0000000000004530                _pcie_ep_driver_api_list_start = .
 *(SORT_BY_NAME(SORT_BY_ALIGNMENT(._pcie_ep_driver_api.static.*)))
                0x0000000000004530                _pcie_ep_driver_api_list_end = .

psi5_driver_api_area
                0x0000000000004530        0x0
                0x0000000000004530                _psi5_driver_api_list_start = .
 *(SORT_BY_NAME(SORT_BY_ALIGNMENT(._psi5_driver_api.static.*)))
                0x0000000000004530                _psi5_driver_api_list_end = .

sent_driver_api_area
                0x0000000000004530        0x0
                0x0000000000004530                _sent_driver_api_list_start = .
 *(SORT_BY_NAME(SORT_BY_ALIGNMENT(._sent_driver_api.static.*)))
                0x0000000000004530                _sent_driver_api_list_end = .

svc_driver_api_area
                0x0000000000004530        0x0
                0x0000000000004530                _svc_driver_api_list_start = .
 *(SORT_BY_NAME(SORT_BY_ALIGNMENT(._svc_driver_api.static.*)))
                0x0000000000004530                _svc_driver_api_list_end = .

uart_driver_api_area
                0x0000000000004530       0x14
                0x0000000000004530                _uart_driver_api_list_start = .
 *(SORT_BY_NAME(SORT_BY_ALIGNMENT(._uart_driver_api.static.*)))
 ._uart_driver_api.static.mcux_lpsci_driver_api_
                0x0000000000004530       0x14 C:\Users\felip\OneDrive\Desktop\Temp\psi3422-lab-sis-elet-2026\Aula1\.pio\build\frdm_kl25z\zephyr/drivers/serial/libdrivers__serial.a(uart_mcux_lpsci.c.o)
                0x0000000000004544                _uart_driver_api_list_end = .

bc12_emul_driver_api_area
                0x0000000000004544        0x0
                0x0000000000004544                _bc12_emul_driver_api_list_start = .
 *(SORT_BY_NAME(SORT_BY_ALIGNMENT(._bc12_emul_driver_api.static.*)))
                0x0000000000004544                _bc12_emul_driver_api_list_end = .

bc12_driver_api_area
                0x0000000000004544        0x0
                0x0000000000004544                _bc12_driver_api_list_start = .
 *(SORT_BY_NAME(SORT_BY_ALIGNMENT(._bc12_driver_api.static.*)))
                0x0000000000004544                _bc12_driver_api_list_end = .

usbc_ppc_driver_api_area
                0x0000000000004544        0x0
                0x0000000000004544                _usbc_ppc_driver_api_list_start = .
 *(SORT_BY_NAME(SORT_BY_ALIGNMENT(._usbc_ppc_driver_api.static.*)))
                0x0000000000004544                _usbc_ppc_driver_api_list_end = .

tcpc_driver_api_area
                0x0000000000004544        0x0
                0x0000000000004544                _tcpc_driver_api_list_start = .
 *(SORT_BY_NAME(SORT_BY_ALIGNMENT(._tcpc_driver_api.static.*)))
                0x0000000000004544                _tcpc_driver_api_list_end = .

usbc_vbus_driver_api_area
                0x0000000000004544        0x0
                0x0000000000004544                _usbc_vbus_driver_api_list_start = .
 *(SORT_BY_NAME(SORT_BY_ALIGNMENT(._usbc_vbus_driver_api.static.*)))
                0x0000000000004544                _usbc_vbus_driver_api_list_end = .

ivshmem_driver_api_area
                0x0000000000004544        0x0
                0x0000000000004544                _ivshmem_driver_api_list_start = .
 *(SORT_BY_NAME(SORT_BY_ALIGNMENT(._ivshmem_driver_api.static.*)))
                0x0000000000004544                _ivshmem_driver_api_list_end = .

ethphy_driver_api_area
                0x0000000000004544        0x0
                0x0000000000004544                _ethphy_driver_api_list_start = .
 *(SORT_BY_NAME(SORT_BY_ALIGNMENT(._ethphy_driver_api.static.*)))
                0x0000000000004544                _ethphy_driver_api_list_end = .

ztest           0x0000000000004544        0x0
                0x0000000000004544                _ztest_expected_result_entry_list_start = .
 *(SORT_BY_NAME(SORT_BY_ALIGNMENT(._ztest_expected_result_entry.static.*)))
                0x0000000000004544                _ztest_expected_result_entry_list_end = .
                0x0000000000004544                _ztest_suite_node_list_start = .
 *(SORT_BY_NAME(SORT_BY_ALIGNMENT(._ztest_suite_node.static.*)))
                0x0000000000004544                _ztest_suite_node_list_end = .
                0x0000000000004544                _ztest_unit_test_list_start = .
 *(SORT_BY_NAME(SORT_BY_ALIGNMENT(._ztest_unit_test.static.*)))
                0x0000000000004544                _ztest_unit_test_list_end = .
                0x0000000000004544                _ztest_test_rule_list_start = .
 *(SORT_BY_NAME(SORT_BY_ALIGNMENT(._ztest_test_rule.static.*)))
                0x0000000000004544                _ztest_test_rule_list_end = .

init_array      0x0000000000004544        0x0
                0x0000000000004544                __zephyr_init_array_start = .
 *(SORT_BY_INIT_PRIORITY(.init_array.*) SORT_BY_INIT_PRIORITY(.ctors.*))
 *(SORT_BY_ALIGNMENT(.init_array) SORT_BY_ALIGNMENT(.ctors))
                0x0000000000004544                __zephyr_init_array_end = .
                0x0000000000000001                ASSERT ((__zephyr_init_array_start == __zephyr_init_array_end), GNU-style constructors required but STATIC_INIT_GNU not enabled)

bt_l2cap_fixed_chan_area
                0x0000000000004544        0x0
                0x0000000000004544                _bt_l2cap_fixed_chan_list_start = .
 *(SORT_BY_NAME(SORT_BY_ALIGNMENT(._bt_l2cap_fixed_chan.static.*)))
                0x0000000000004544                _bt_l2cap_fixed_chan_list_end = .

bt_gatt_service_static_area
                0x0000000000004544        0x0
                0x0000000000004544                _bt_gatt_service_static_list_start = .
 *(SORT_BY_NAME(SORT_BY_ALIGNMENT(._bt_gatt_service_static.static.*)))
                0x0000000000004544                _bt_gatt_service_static_list_end = .

log_strings_area
                0x0000000000004544        0x0
                0x0000000000004544                _log_strings_list_start = .
 *(SORT_BY_NAME(SORT_BY_ALIGNMENT(._log_strings.static.*)))
                0x0000000000004544                _log_strings_list_end = .

log_stmesp_ptr_area
                0x0000000000004544        0x0
                0x0000000000004544                _log_stmesp_ptr_list_start = .
 *(SORT_BY_NAME(SORT_BY_ALIGNMENT(._log_stmesp_ptr.static.*)))
                0x0000000000004544                _log_stmesp_ptr_list_end = .

log_stmesp_str_area
                0x0000000000004544        0x0
                0x0000000000004544                _log_stmesp_str_list_start = .
 *(SORT_BY_NAME(SORT_BY_ALIGNMENT(._log_stmesp_str.static.*)))
                0x0000000000004544                _log_stmesp_str_list_end = .

log_const_area  0x0000000000004544        0x0
                0x0000000000004544                _log_const_list_start = .
 *(SORT_BY_NAME(SORT_BY_ALIGNMENT(._log_const.static.*)))
                0x0000000000004544                _log_const_list_end = .

log_backend_area
                0x0000000000004544        0x0
                0x0000000000004544                _log_backend_list_start = .
 *(SORT_BY_NAME(SORT_BY_ALIGNMENT(._log_backend.static.*)))
                0x0000000000004544                _log_backend_list_end = .

log_link_area   0x0000000000004544        0x0
                0x0000000000004544                _log_link_list_start = .
 *(SORT_BY_NAME(SORT_BY_ALIGNMENT(._log_link.static.*)))
                0x0000000000004544                _log_link_list_end = .

tracing_backend_area
                0x0000000000004544        0x0
                0x0000000000004544                _tracing_backend_list_start = .
 *(SORT_BY_NAME(SORT_BY_ALIGNMENT(._tracing_backend.static.*)))
                0x0000000000004544                _tracing_backend_list_end = .

zephyr_dbg_info
 *(SORT_BY_ALIGNMENT(.dbg_thread_info))

intc_table_area
                0x0000000000004544        0x0
                0x0000000000004544                _intc_table_list_start = .
 *(SORT_BY_NAME(SORT_BY_ALIGNMENT(._intc_table.static.*)))
                0x0000000000004544                _intc_table_list_end = .

symbol_to_keep  0x0000000000004544        0x0
                0x0000000000004544                __symbol_to_keep_start = .
 *(SORT_BY_NAME(SORT_BY_ALIGNMENT(.symbol_to_keep*)))
                0x0000000000004544                __symbol_to_keep_end = .

shell_area      0x0000000000004544        0x0
                0x0000000000004544                _shell_list_start = .
 *(SORT_BY_NAME(SORT_BY_ALIGNMENT(._shell.static.*)))