Archive member included to satisfy reference by file (symbol)

C:\Users\felip\Documents\Escola_Politecnica_da_USP\psi3422-lab-sis-elet-2026\Aula4\.pio\build\frdm_kl25z\zephyr/libzephyr.a(heap.c.o)
                              (--whole-archive)
C:\Users\felip\Documents\Escola_Politecnica_da_USP\psi3422-lab-sis-elet-2026\Aula4\.pio\build\frdm_kl25z\zephyr/libzephyr.a(cbprintf_packaged.c.o)
                              (--whole-archive)
C:\Users\felip\Documents\Escola_Politecnica_da_USP\psi3422-lab-sis-elet-2026\Aula4\.pio\build\frdm_kl25z\zephyr/libzephyr.a(clock.c.o)
                              (--whole-archive)
C:\Users\felip\Documents\Escola_Politecnica_da_USP\psi3422-lab-sis-elet-2026\Aula4\.pio\build\frdm_kl25z\zephyr/libzephyr.a(printk.c.o)
                              (--whole-archive)
C:\Users\felip\Documents\Escola_Politecnica_da_USP\psi3422-lab-sis-elet-2026\Aula4\.pio\build\frdm_kl25z\zephyr/libzephyr.a(sem.c.o)
                              (--whole-archive)
C:\Users\felip\Documents\Escola_Politecnica_da_USP\psi3422-lab-sis-elet-2026\Aula4\.pio\build\frdm_kl25z\zephyr/libzephyr.a(thread_entry.c.o)
                              (--whole-archive)
C:\Users\felip\Documents\Escola_Politecnica_da_USP\psi3422-lab-sis-elet-2026\Aula4\.pio\build\frdm_kl25z\zephyr/libzephyr.a(cbprintf_complete.c.o)
                              (--whole-archive)
C:\Users\felip\Documents\Escola_Politecnica_da_USP\psi3422-lab-sis-elet-2026\Aula4\.pio\build\frdm_kl25z\zephyr/libzephyr.a(assert.c.o)
                              (--whole-archive)
C:\Users\felip\Documents\Escola_Politecnica_da_USP\psi3422-lab-sis-elet-2026\Aula4\.pio\build\frdm_kl25z\zephyr/libzephyr.a(dec.c.o)
                              (--whole-archive)
C:\Users\felip\Documents\Escola_Politecnica_da_USP\psi3422-lab-sis-elet-2026\Aula4\.pio\build\frdm_kl25z\zephyr/libzephyr.a(hex.c.o)
                              (--whole-archive)
C:\Users\felip\Documents\Escola_Politecnica_da_USP\psi3422-lab-sis-elet-2026\Aula4\.pio\build\frdm_kl25z\zephyr/libzephyr.a(rb.c.o)
                              (--whole-archive)
C:\Users\felip\Documents\Escola_Politecnica_da_USP\psi3422-lab-sis-elet-2026\Aula4\.pio\build\frdm_kl25z\zephyr/libzephyr.a(timeutil.c.o)
                              (--whole-archive)
C:\Users\felip\Documents\Escola_Politecnica_da_USP\psi3422-lab-sis-elet-2026\Aula4\.pio\build\frdm_kl25z\zephyr/libzephyr.a(bitarray.c.o)
                              (--whole-archive)
C:\Users\felip\Documents\Escola_Politecnica_da_USP\psi3422-lab-sis-elet-2026\Aula4\.pio\build\frdm_kl25z\zephyr/libzephyr.a(ring_buffer.c.o)
                              (--whole-archive)
C:\Users\felip\Documents\Escola_Politecnica_da_USP\psi3422-lab-sis-elet-2026\Aula4\.pio\build\frdm_kl25z\zephyr/libzephyr.a(last_section_id.c.o)
                              (--whole-archive)
C:\Users\felip\Documents\Escola_Politecnica_da_USP\psi3422-lab-sis-elet-2026\Aula4\.pio\build\frdm_kl25z\zephyr/libzephyr.a(configs.c.o)
                              (--whole-archive)
C:\Users\felip\Documents\Escola_Politecnica_da_USP\psi3422-lab-sis-elet-2026\Aula4\.pio\build\frdm_kl25z\zephyr/libzephyr.a(flash_configuration.c.o)
                              (--whole-archive)
C:\Users\felip\Documents\Escola_Politecnica_da_USP\psi3422-lab-sis-elet-2026\Aula4\.pio\build\frdm_kl25z\zephyr/libzephyr.a(soc.c.o)
                              (--whole-archive)
C:\Users\felip\Documents\Escola_Politecnica_da_USP\psi3422-lab-sis-elet-2026\Aula4\.pio\build\frdm_kl25z\zephyr/libzephyr.a(tracing_none.c.o)
                              (--whole-archive)
C:\Users\felip\Documents\Escola_Politecnica_da_USP\psi3422-lab-sis-elet-2026\Aula4\.pio\build\frdm_kl25z\zephyr/arch/common/libarch__common.a(sw_isr_common.c.o)
                              (--whole-archive)
C:\Users\felip\Documents\Escola_Politecnica_da_USP\psi3422-lab-sis-elet-2026\Aula4\.pio\build\frdm_kl25z\zephyr/arch/arch/arm/core/libarch__arm__core.a(fatal.c.o)
                              (--whole-archive)
C:\Users\felip\Documents\Escola_Politecnica_da_USP\psi3422-lab-sis-elet-2026\Aula4\.pio\build\frdm_kl25z\zephyr/arch/arch/arm/core/libarch__arm__core.a(nmi.c.o)
                              (--whole-archive)
C:\Users\felip\Documents\Escola_Politecnica_da_USP\psi3422-lab-sis-elet-2026\Aula4\.pio\build\frdm_kl25z\zephyr/arch/arch/arm/core/libarch__arm__core.a(nmi_on_reset.S.o)
                              (--whole-archive)
C:\Users\felip\Documents\Escola_Politecnica_da_USP\psi3422-lab-sis-elet-2026\Aula4\.pio\build\frdm_kl25z\zephyr/arch/arch/arm/core/cortex_m/libarch__arm__core__cortex_m.a(exc_exit.c.o)
                              (--whole-archive)
C:\Users\felip\Documents\Escola_Politecnica_da_USP\psi3422-lab-sis-elet-2026\Aula4\.pio\build\frdm_kl25z\zephyr/arch/arch/arm/core/cortex_m/libarch__arm__core__cortex_m.a(fault.c.o)
                              (--whole-archive)
[...]
Memory Configuration

Name             Origin             Length             Attributes
FLASH            0x0000000000000000 0x0000000000020000 xr
RAM              0x000000001ffff000 0x0000000000004000 xw
IDT_LIST         0x00000000ffff7fff 0x0000000000008000 xw
*default*        0x0000000000000000 0xffffffffffffffff

Linker script and memory map

LOAD .pio\build\frdm_kl25z\zephyr_pre0\zephyr\misc\empty_file.c.o
LOAD .pio\build\frdm_kl25z\src\main.o
LOAD .pio\build\frdm_kl25z\zephyr_final\zephyr\misc\empty_file.c.o
LOAD .pio\build\frdm_kl25z\zephyr_final\zephyr\isr_tables.c.o
LOAD C:\Users\felip\Documents\Escola_Politecnica_da_USP\psi3422-lab-sis-elet-2026\Aula4\.pio\build\frdm_kl25z\zephyr/libzephyr.a
LOAD C:\Users\felip\Documents\Escola_Politecnica_da_USP\psi3422-lab-sis-elet-2026\Aula4\.pio\build\frdm_kl25z\zephyr/arch/common/libarch__common.a
LOAD C:\Users\felip\Documents\Escola_Politecnica_da_USP\psi3422-lab-sis-elet-2026\Aula4\.pio\build\frdm_kl25z\zephyr/arch/arch/arm/core/libarch__arm__core.a
LOAD C:\Users\felip\Documents\Escola_Politecnica_da_USP\psi3422-lab-sis-elet-2026\Aula4\.pio\build\frdm_kl25z\zephyr/arch/arch/arm/core/cortex_m/libarch__arm__core__cortex_m.a
LOAD C:\Users\felip\Documents\Escola_Politecnica_da_USP\psi3422-lab-sis-elet-2026\Aula4\.pio\build\frdm_kl25z\zephyr/lib/libc/picolibc/liblib__libc__picolibc.a
LOAD C:\Users\felip\Documents\Escola_Politecnica_da_USP\psi3422-lab-sis-elet-2026\Aula4\.pio\build\frdm_kl25z\zephyr/lib/libc/common/liblib__libc__common.a
LOAD C:\Users\felip\Documents\Escola_Politecnica_da_USP\psi3422-lab-sis-elet-2026\Aula4\.pio\build\frdm_kl25z\zephyr/drivers/clock_control/libdrivers__clock_control.a
LOAD C:\Users\felip\Documents\Escola_Politecnica_da_USP\psi3422-lab-sis-elet-2026\Aula4\.pio\build\frdm_kl25z\zephyr/drivers/console/libdrivers__console.a
LOAD C:\Users\felip\Documents\Escola_Politecnica_da_USP\psi3422-lab-sis-elet-2026\Aula4\.pio\build\frdm_kl25z\zephyr/drivers/gpio/libdrivers__gpio.a
LOAD C:\Users\felip\Documents\Escola_Politecnica_da_USP\psi3422-lab-sis-elet-2026\Aula4\.pio\build\frdm_kl25z\zephyr/drivers/pinctrl/libdrivers__pinctrl.a
LOAD C:\Users\felip\Documents\Escola_Politecnica_da_USP\psi3422-lab-sis-elet-2026\Aula4\.pio\build\frdm_kl25z\zephyr/drivers/serial/libdrivers__serial.a
LOAD C:\Users\felip\Documents\Escola_Politecnica_da_USP\psi3422-lab-sis-elet-2026\Aula4\.pio\build\frdm_kl25z\zephyr/drivers/timer/libdrivers__timer.a
LOAD C:\Users\felip\Documents\Escola_Politecnica_da_USP\psi3422-lab-sis-elet-2026\Aula4\.pio\build\frdm_kl25z\modules/_bare_module/lib_pio___bare_module.a
LOAD C:\Users\felip\Documents\Escola_Politecnica_da_USP\psi3422-lab-sis-elet-2026\Aula4\.pio\build\frdm_kl25z\modules/hal_nxp/libmodules__hal_nxp.a
LOAD C:\Users\felip\Documents\Escola_Politecnica_da_USP\psi3422-lab-sis-elet-2026\Aula4\.pio\build\frdm_kl25z\zephyr\liboffsets.a
LOAD C:\Users\felip\Documents\Escola_Politecnica_da_USP\psi3422-lab-sis-elet-2026\Aula4\.pio\build\frdm_kl25z\zephyr/kernel/libkernel.a
LOAD C:\Users\felip\Documents\Escola_Politecnica_da_USP\psi3422-lab-sis-elet-2026\Aula4\.pio\build\frdm_kl25z\zephyr/arch/common/libisr_tables.a
LOAD C:\Users\felip\Documents\Escola_Politecnica_da_USP\psi3422-lab-sis-elet-2026\Aula4\.pio\build\frdm_kl25z\modules\picolibc\libc.a
LOAD c:/users/felip/.platformio/packages/toolchain-gccarmnoneeabi@1.80201.181220/bin/../lib/gcc/arm-none-eabi/8.2.1/thumb/v6-m/nofp\libgcc.a
                0x0000000000000004                _region_min_align = 0x4

.rel.plt        0x0000000000000000        0x0
 *(SORT_BY_ALIGNMENT(.rel.plt))
                [!provide]                        PROVIDE (__rel_iplt_start = .)
 *(SORT_BY_ALIGNMENT(.rel.iplt))
 .rel.iplt      0x0000000000000000        0x0 .pio\build\frdm_kl25z\src\main.o
                [!provide]                        PROVIDE (__rel_iplt_end = .)

.rela.plt       0x0000000000000000        0x0
 *(SORT_BY_ALIGNMENT(.rela.plt))
                [!provide]                        PROVIDE (__rela_iplt_start = .)
 *(SORT_BY_ALIGNMENT(.rela.iplt))
                [!provide]                        PROVIDE (__rela_iplt_end = .)

.rel.dyn
 *(SORT_BY_ALIGNMENT(.rel.*))

.rela.dyn
 *(SORT_BY_ALIGNMENT(.rela.*))

/DISCARD/
 *(SORT_BY_ALIGNMENT(.plt))
 *(SORT_BY_ALIGNMENT(.iplt))
 *(SORT_BY_ALIGNMENT(.eh_frame))
 *(SORT_BY_ALIGNMENT(.got.plt))
 *(SORT_BY_ALIGNMENT(.igot.plt))
 *(SORT_BY_ALIGNMENT(.got))
 *(SORT_BY_ALIGNMENT(.igot))
 *(SORT_BY_ALIGNMENT(.irq_info*))
 *(SORT_BY_ALIGNMENT(.intList*))
 *(SORT_BY_ALIGNMENT(.note.GNU-stack))
                0x0000000000000000                __rom_region_start = 0x0

rom_start       0x0000000000000000      0x410
                0x0000000000000000                __rom_start_address = .
 FILL mask 0x00
                0x0000000000000000                . = (. + (0x0 - (. - __rom_start_address)))
                0x0000000000000000                . = ALIGN (0x4)
                0x0000000000000000                . = ALIGN (0x100)
                0x0000000000000000                . = ALIGN (0x100)
                0x0000000000000000                _vector_start = .
 *(SORT_BY_ALIGNMENT(.exc_vector_table))
 *(SORT_BY_ALIGNMENT(.exc_vector_table.*))
 .exc_vector_table._vector_table_section
                0x0000000000000000       0x40 C:\Users\felip\Documents\Escola_Politecnica_da_USP\psi3422-lab-sis-elet-2026\Aula4\.pio\build\frdm_kl25z\zephyr/arch/arch/arm/core/cortex_m/libarch__arm__core__cortex_m.a(vector_table.S.o)
                0x0000000000000000                _vector_table
 *(SORT_BY_ALIGNMENT(.vectors))
                0x0000000000000040                _vector_end = .
                0x0000000000000040                . = ALIGN (0x4)
 *(SORT_BY_ALIGNMENT(.gnu.linkonce.irq_vector_table*))
 .gnu.linkonce.irq_vector_table
                0x0000000000000040       0x80 .pio\build\frdm_kl25z\zephyr_final\zephyr\isr_tables.c.o
                0x0000000000000040                _irq_vector_table
                0x00000000000000c0                _vector_end = .
                0x0000000000000400                . = 0x400
 *fill*         0x00000000000000c0      0x340 00
 *(SORT_BY_ALIGNMENT(.kinetis_flash_config))
 *(SORT_BY_ALIGNMENT(.kinetis_flash_config.*))
 .kinetis_flash_config."ZEPHYR_BASE\\soc\\nxp\\kinetis\\flash_configuration.c".0
                0x0000000000000400       0x10 C:\Users\felip\Documents\Escola_Politecnica_da_USP\psi3422-lab-sis-elet-2026\Aula4\.pio\build\frdm_kl25z\zephyr/libzephyr.a(flash_configuration.c.o)
                0x0000000000000400                __kinetis_flash_config

text            0x0000000000000410     0x43f8
                0x0000000000000410                __text_region_start = .
 *(SORT_BY_ALIGNMENT(.text))
 .text          0x0000000000000410       0x14 c:/users/felip/.platformio/packages/toolchain-gccarmnoneeabi@1.80201.181220/bin/../lib/gcc/arm-none-eabi/8.2.1/thumb/v6-m/nofp\libgcc.a(_thumb1_case_uqi.o)
                0x0000000000000410                __gnu_thumb1_case_uqi
 .text          0x0000000000000424      0x114 c:/users/felip/.platformio/packages/toolchain-gccarmnoneeabi@1.80201.181220/bin/../lib/gcc/arm-none-eabi/8.2.1/thumb/v6-m/nofp\libgcc.a(_udivsi3.o)
                0x0000000000000424                __aeabi_uidiv
                0x0000000000000424                __udivsi3
                0x0000000000000530                __aeabi_uidivmod
 .text          0x0000000000000538      0x1d4 c:/users/felip/.platformio/packages/toolchain-gccarmnoneeabi@1.80201.181220/bin/../lib/gcc/arm-none-eabi/8.2.1/thumb/v6-m/nofp\libgcc.a(_divsi3.o)
                0x0000000000000538                __divsi3
                0x0000000000000538                __aeabi_idiv
                0x0000000000000704                __aeabi_idivmod
 .text          0x000000000000070c        0x4 c:/users/felip/.platformio/packages/toolchain-gccarmnoneeabi@1.80201.181220/bin/../lib/gcc/arm-none-eabi/8.2.1/thumb/v6-m/nofp\libgcc.a(_dvmd_tls.o)
                0x000000000000070c                __aeabi_idiv0
                0x000000000000070c                __aeabi_ldiv0
 .text          0x0000000000000710       0x18 c:/users/felip/.platformio/packages/toolchain-gccarmnoneeabi@1.80201.181220/bin/../lib/gcc/arm-none-eabi/8.2.1/thumb/v6-m/nofp\libgcc.a(_lshrdi3.o)
                0x0000000000000710                __lshrdi3
                0x0000000000000710                __aeabi_llsr
 .text          0x0000000000000728       0x1c c:/users/felip/.platformio/packages/toolchain-gccarmnoneeabi@1.80201.181220/bin/../lib/gcc/arm-none-eabi/8.2.1/thumb/v6-m/nofp\libgcc.a(_ashrdi3.o)
                0x0000000000000728                __aeabi_lasr
                0x0000000000000728                __ashrdi3
 .text          0x0000000000000744       0x18 c:/users/felip/.platformio/packages/toolchain-gccarmnoneeabi@1.80201.181220/bin/../lib/gcc/arm-none-eabi/8.2.1/thumb/v6-m/nofp\libgcc.a(_ashldi3.o)
                0x0000000000000744                __aeabi_llsl
                0x0000000000000744                __ashldi3
 .text          0x000000000000075c       0x3c c:/users/felip/.platformio/packages/toolchain-gccarmnoneeabi@1.80201.181220/bin/../lib/gcc/arm-none-eabi/8.2.1/thumb/v6-m/nofp\libgcc.a(_clzsi2.o)
                0x000000000000075c                __clzsi2
 .text          0x0000000000000798       0x40 c:/users/felip/.platformio/packages/toolchain-gccarmnoneeabi@1.80201.181220/bin/../lib/gcc/arm-none-eabi/8.2.1/thumb/v6-m/nofp\libgcc.a(_aeabi_uldivmod.o)
                0x0000000000000798                __aeabi_uldivmod
 .text          0x00000000000007d8       0x18 c:/users/felip/.platformio/packages/toolchain-gccarmnoneeabi@1.80201.181220/bin/../lib/gcc/arm-none-eabi/8.2.1/thumb/v6-m/nofp\libgcc.a(_clzdi2.o)
                0x00000000000007d8                __clzdi2
 *(SORT_BY_ALIGNMENT(.text.*))
 .text.calcula_rpm_timer_handler
                0x00000000000007f0       0x30 .pio\build\frdm_kl25z\src\main.o
                0x00000000000007f0                calcula_rpm_timer_handler
 .text.encoder_isr
                0x0000000000000820       0x10 .pio\build\frdm_kl25z\src\main.o
                0x0000000000000820                encoder_isr
 .text.main     0x0000000000000830       0x9c .pio\build\frdm_kl25z\src\main.o
                0x0000000000000830                main
 .text.char_out
                0x00000000000008cc       0x10 C:\Users\felip\Documents\Escola_Politecnica_da_USP\psi3422-lab-sis-elet-2026\Aula4\.pio\build\frdm_kl25z\zephyr/libzephyr.a(printk.c.o)
 .text.__printk_hook_install
                0x00000000000008dc        0xc C:\Users\felip\Documents\Escola_Politecnica_da_USP\psi3422-lab-sis-elet-2026\Aula4\.pio\build\frdm_kl25z\zephyr/libzephyr.a(printk.c.o)
                0x00000000000008dc                __printk_hook_install
 .text.vprintk  0x00000000000008e8       0x30 C:\Users\felip\Documents\Escola_Politecnica_da_USP\psi3422-lab-sis-elet-2026\Aula4\.pio\build\frdm_kl25z\zephyr/libzephyr.a(printk.c.o)
                0x00000000000008e8                vprintk
 .text.clock_init
                0x0000000000000918       0x84 C:\Users\felip\Documents\Escola_Politecnica_da_USP\psi3422-lab-sis-elet-2026\Aula4\.pio\build\frdm_kl25z\zephyr/libzephyr.a(soc.c.o)
                0x0000000000000918                clock_init
 .text.z_SysNmiOnReset
                0x000000000000099c        0x4 C:\Users\felip\Documents\Escola_Politecnica_da_USP\psi3422-lab-sis-elet-2026\Aula4\.pio\build\frdm_kl25z\zephyr/arch/arch/arm/core/libarch__arm__core.a(nmi_on_reset.S.o)
                0x000000000000099c                z_SysNmiOnReset
 .text._HandlerModeExit
                0x00000000000009a0       0x20 C:\Users\felip\Documents\Escola_Politecnica_da_USP\psi3422-lab-sis-elet-2026\Aula4\.pio\build\frdm_kl25z\zephyr/arch/arch/arm/core/cortex_m/libarch__arm__core__cortex_m.a(exc_exit.c.o)
                0x00000000000009a0                z_arm_int_exit
                0x00000000000009a0                z_arm_exc_exit
 .text.z_arm_fault
                0x00000000000009c0       0xa8 C:\Users\felip\Documents\Escola_Politecnica_da_USP\psi3422-lab-sis-elet-2026\Aula4\.pio\build\frdm_kl25z\zephyr/arch/arch/arm/core/cortex_m/libarch__arm__core__cortex_m.a(fault.c.o)
                0x00000000000009c0                z_arm_fault
 .text.z_arm_fault_init
                0x0000000000000a68       0x10 C:\Users\felip\Documents\Escola_Politecnica_da_USP\psi3422-lab-sis-elet-2026\Aula4\.pio\build\frdm_kl25z\zephyr/arch/arch/arm/core/cortex_m/libarch__arm__core__cortex_m.a(fault.c.o)
                0x0000000000000a68                z_arm_fault_init
 .text.__fault  0x0000000000000a78       0x14 C:\Users\felip\Documents\Escola_Politecnica_da_USP\psi3422-lab-sis-elet-2026\Aula4\.pio\build\frdm_kl25z\zephyr/arch/arch/arm/core/cortex_m/libarch__arm__core__cortex_m.a(fault_s.S.o)
                0x0000000000000a78                z_arm_hard_fault
                0x0000000000000a78                z_arm_exc_spurious
 .text._reset_section
                0x0000000000000a8c       0x38 C:\Users\felip\Documents\Escola_Politecnica_da_USP\psi3422-lab-sis-elet-2026\Aula4\.pio\build\frdm_kl25z\zephyr/arch/arch/arm/core/cortex_m/libarch__arm__core__cortex_m.a(reset.S.o)
                0x0000000000000a8c                __start
                0x0000000000000a8c                z_arm_reset
 .text.z_impl_k_thread_abort
                0x0000000000000ac4       0x38 C:\Users\felip\Documents\Escola_Politecnica_da_USP\psi3422-lab-sis-elet-2026\Aula4\.pio\build\frdm_kl25z\zephyr/arch/arch/arm/core/cortex_m/libarch__arm__core__cortex_m.a(thread_abort.c.o)
                0x0000000000000ac4                z_impl_k_thread_abort
 .text.z_arm_pendsv
                0x0000000000000afc       0x60 C:\Users\felip\Documents\Escola_Politecnica_da_USP\psi3422-lab-sis-elet-2026\Aula4\.pio\build\frdm_kl25z\zephyr/arch/arch/arm/core/cortex_m/libarch__arm__core__cortex_m.a(swap_helper.S.o)
                0x0000000000000afc                z_arm_pendsv
 .text.z_arm_svc
                0x0000000000000b5c       0x28 C:\Users\felip\Documents\Escola_Politecnica_da_USP\psi3422-lab-sis-elet-2026\Aula4\.pio\build\frdm_kl25z\zephyr/arch/arch/arm/core/cortex_m/libarch__arm__core__cortex_m.a(swap_helper.S.o)
                0x0000000000000b5c                z_arm_svc
 .text.arm_irq_enable
                0x0000000000000b84       0x18 C:\Users\felip\Documents\Escola_Politecnica_da_USP\psi3422-lab-sis-elet-2026\Aula4\.pio\build\frdm_kl25z\zephyr/arch/arch/arm/core/cortex_m/libarch__arm__core__cortex_m.a(irq_manage.c.o)
                0x0000000000000b84                arm_irq_enable
 .text.arm_irq_priority_set
                0x0000000000000b9c       0x54 C:\Users\felip\Documents\Escola_Politecnica_da_USP\psi3422-lab-sis-elet-2026\Aula4\.pio\build\frdm_kl25z\zephyr/arch/arch/arm/core/cortex_m/libarch__arm__core__cortex_m.a(irq_manage.c.o)
                0x0000000000000b9c                arm_irq_priority_set
 .text.relocate_vector_table
                0x0000000000000bf0       0x1c C:\Users\felip\Documents\Escola_Politecnica_da_USP\psi3422-lab-sis-elet-2026\Aula4\.pio\build\frdm_kl25z\zephyr/arch/arch/arm/core/cortex_m/libarch__arm__core__cortex_m.a(prep_c.c.o)
                0x0000000000000bf0                relocate_vector_table
 .text.arch_new_thread
                0x0000000000000c0c       0x2c C:\Users\felip\Documents\Escola_Politecnica_da_USP\psi3422-lab-sis-elet-2026\Aula4\.pio\build\frdm_kl25z\zephyr/arch/arch/arm/core/cortex_m/libarch__arm__core__cortex_m.a(thread.c.o)
                0x0000000000000c0c                arch_new_thread
 .text.arch_switch_to_main_thread
                0x0000000000000c38       0x34 C:\Users\felip\Documents\Escola_Politecnica_da_USP\psi3422-lab-sis-elet-2026\Aula4\.pio\build\frdm_kl25z\zephyr/arch/arch/arm/core/cortex_m/libarch__arm__core__cortex_m.a(thread.c.o)
                0x0000000000000c38                arch_switch_to_main_thread
 .text.z_arm_cpu_idle_init
                0x0000000000000c6c        0xc C:\Users\felip\Documents\Escola_Politecnica_da_USP\psi3422-lab-sis-elet-2026\Aula4\.pio\build\frdm_kl25z\zephyr/arch/arch/arm/core/cortex_m/libarch__arm__core__cortex_m.a(cpu_idle.c.o)
                0x0000000000000c6c                z_arm_cpu_idle_init
 .text.z_arm_interrupt_init
                0x0000000000000c78       0x30 C:\Users\felip\Documents\Escola_Politecnica_da_USP\psi3422-lab-sis-elet-2026\Aula4\.pio\build\frdm_kl25z\zephyr/arch/arch/arm/core/cortex_m/libarch__arm__core__cortex_m.a(irq_init.c.o)
                0x0000000000000c78                z_arm_interrupt_init
 .text._isr_wrapper
                0x0000000000000ca8       0x20 C:\Users\felip\Documents\Escola_Politecnica_da_USP\psi3422-lab-sis-elet-2026\Aula4\.pio\build\frdm_kl25z\zephyr/arch/arch/arm/core/cortex_m/libarch__arm__core__cortex_m.a(isr_wrapper.c.o)
                0x0000000000000ca8                _isr_wrapper
 .text.z_impl_zephyr_fputc
                0x0000000000000cc8       0x10 C:\Users\felip\Documents\Escola_Politecnica_da_USP\psi3422-lab-sis-elet-2026\Aula4\.pio\build\frdm_kl25z\zephyr/lib/libc/picolibc/liblib__libc__picolibc.a(stdio.c.o)
                0x0000000000000cc8                z_impl_zephyr_fputc
 .text.__stdout_hook_install
                0x0000000000000cd8       0x18 C:\Users\felip\Documents\Escola_Politecnica_da_USP\psi3422-lab-sis-elet-2026\Aula4\.pio\build\frdm_kl25z\zephyr/lib/libc/picolibc/liblib__libc__picolibc.a(stdio.c.o)
                0x0000000000000cd8                __stdout_hook_install
 .text.malloc_prepare
                0x0000000000000cf0       0x24 C:\Users\felip\Documents\Escola_Politecnica_da_USP\psi3422-lab-sis-elet-2026\Aula4\.pio\build\frdm_kl25z\zephyr/lib/libc/common/liblib__libc__common.a(malloc.c.o)
 .text.mcux_sim_on
                0x0000000000000d14       0x1c C:\Users\felip\Documents\Escola_Politecnica_da_USP\psi3422-lab-sis-elet-2026\Aula4\.pio\build\frdm_kl25z\zephyr/drivers/clock_control/libdrivers__clock_control.a(clock_control_mcux_sim.c.o)
 .text.mcux_sim_off
                0x0000000000000d30       0x1c C:\Users\felip\Documents\Escola_Politecnica_da_USP\psi3422-lab-sis-elet-2026\Aula4\.pio\build\frdm_kl25z\zephyr/drivers/clock_control/libdrivers__clock_control.a(clock_control_mcux_sim.c.o)
 .text.mcux_sim_get_subsys_rate
                0x0000000000000d4c       0x30 C:\Users\felip\Documents\Escola_Politecnica_da_USP\psi3422-lab-sis-elet-2026\Aula4\.pio\build\frdm_kl25z\zephyr/drivers/clock_control/libdrivers__clock_control.a(clock_control_mcux_sim.c.o)
 .text.uart_console_init
                0x0000000000000d7c       0x2c C:\Users\felip\Documents\Escola_Politecnica_da_USP\psi3422-lab-sis-elet-2026\Aula4\.pio\build\frdm_kl25z\zephyr/drivers/console/libdrivers__console.a(uart_console.c.o)
 .text.console_out
                0x0000000000000da8       0x28 C:\Users\felip\Documents\Escola_Politecnica_da_USP\psi3422-lab-sis-elet-2026\Aula4\.pio\build\frdm_kl25z\zephyr/drivers/console/libdrivers__console.a(uart_console.c.o)
 .text.gpio_mcux_port_configure
                0x0000000000000dd0       0xa0 C:\Users\felip\Documents\Escola_Politecnica_da_USP\psi3422-lab-sis-elet-2026\Aula4\.pio\build\frdm_kl25z\zephyr/drivers/gpio/libdrivers__gpio.a(gpio_mcux.c.o)
 .text.gpio_mcux_pin_interrupt_configure
                0x0000000000000e70       0x88 C:\Users\felip\Documents\Escola_Politecnica_da_USP\psi3422-lab-sis-elet-2026\Aula4\.pio\build\frdm_kl25z\zephyr/drivers/gpio/libdrivers__gpio.a(gpio_mcux.c.o)
 .text.pinctrl_configure_pins
                0x0000000000000ef8       0x44 C:\Users\felip\Documents\Escola_Politecnica_da_USP\psi3422-lab-sis-elet-2026\Aula4\.pio\build\frdm_kl25z\zephyr/drivers/pinctrl/libdrivers__pinctrl.a(pinctrl_nxp_port.c.o)
                0x0000000000000ef8                pinctrl_configure_pins
 .text.elapsed  0x0000000000000f3c       0x40 C:\Users\felip\Documents\Escola_Politecnica_da_USP\psi3422-lab-sis-elet-2026\Aula4\.pio\build\frdm_kl25z\zephyr/drivers/timer/libdrivers__timer.a(cortex_m_systick.c.o)
 .text.sys_clock_driver_init
                0x0000000000000f7c       0x40 C:\Users\felip\Documents\Escola_Politecnica_da_USP\psi3422-lab-sis-elet-2026\Aula4\.pio\build\frdm_kl25z\zephyr/drivers/timer/libdrivers__timer.a(cortex_m_systick.c.o)
 .text.sys_clock_isr
                0x0000000000000fbc       0x44 C:\Users\felip\Documents\Escola_Politecnica_da_USP\psi3422-lab-sis-elet-2026\Aula4\.pio\build\frdm_kl25z\zephyr/drivers/timer/libdrivers__timer.a(cortex_m_systick.c.o)
                0x0000000000000fbc                sys_clock_isr
 .text.sys_clock_set_timeout
                0x0000000000001000       0xf8 C:\Users\felip\Documents\Escola_Politecnica_da_USP\psi3422-lab-sis-elet-2026\Aula4\.pio\build\frdm_kl25z\zephyr/drivers/timer/libdrivers__timer.a(cortex_m_systick.c.o)
                0x0000000000001000                sys_clock_set_timeout
 .text.sys_clock_elapsed
                0x00000000000010f8       0x34 C:\Users\felip\Documents\Escola_Politecnica_da_USP\psi3422-lab-sis-elet-2026\Aula4\.pio\build\frdm_kl25z\zephyr/drivers/timer/libdrivers__timer.a(cortex_m_systick.c.o)
                0x00000000000010f8                sys_clock_elapsed
 .text.CLOCK_GetFllExtRefClkFreq
                0x000000000000112c       0x3c C:\Users\felip\Documents\Escola_Politecnica_da_USP\psi3422-lab-sis-elet-2026\Aula4\.pio\build\frdm_kl25z\modules/hal_nxp/libmodules__hal_nxp.a(fsl_clock.c.o)
 .text.CLOCK_GetInternalRefClkSelectFreq
                0x0000000000001168       0x28 C:\Users\felip\Documents\Escola_Politecnica_da_USP\psi3422-lab-sis-elet-2026\Aula4\.pio\build\frdm_kl25z\modules/hal_nxp/libmodules__hal_nxp.a(fsl_clock.c.o)
 .text.CLOCK_GetOsc0ErClkFreq
                0x0000000000001190       0x1c C:\Users\felip\Documents\Escola_Politecnica_da_USP\psi3422-lab-sis-elet-2026\Aula4\.pio\build\frdm_kl25z\modules/hal_nxp/libmodules__hal_nxp.a(fsl_clock.c.o)
                0x0000000000001190                CLOCK_GetOsc0ErClkFreq
 .text.CLOCK_GetEr32kClkFreq
                0x00000000000011ac       0x40 C:\Users\felip\Documents\Escola_Politecnica_da_USP\psi3422-lab-sis-elet-2026\Aula4\.pio\build\frdm_kl25z\modules/hal_nxp/libmodules__hal_nxp.a(fsl_clock.c.o)
                0x00000000000011ac                CLOCK_GetEr32kClkFreq
 .text.CLOCK_SetSimConfig
                0x00000000000011ec       0x4c C:\Users\felip\Documents\Escola_Politecnica_da_USP\psi3422-lab-sis-elet-2026\Aula4\.pio\build\frdm_kl25z\modules/hal_nxp/libmodules__hal_nxp.a(fsl_clock.c.o)
                0x00000000000011ec                CLOCK_SetSimConfig
 .text.CLOCK_GetFllFreq
                0x0000000000001238       0x4c C:\Users\felip\Documents\Escola_Politecnica_da_USP\psi3422-lab-sis-elet-2026\Aula4\.pio\build\frdm_kl25z\modules/hal_nxp/libmodules__hal_nxp.a(fsl_clock.c.o)
                0x0000000000001238                CLOCK_GetFllFreq
 .text.CLOCK_GetInternalRefClkFreq
                0x0000000000001284       0x18 C:\Users\felip\Documents\Escola_Politecnica_da_USP\psi3422-lab-sis-elet-2026\Aula4\.pio\build\frdm_kl25z\modules/hal_nxp/libmodules__hal_nxp.a(fsl_clock.c.o)
                0x0000000000001284                CLOCK_GetInternalRefClkFreq
 .text.CLOCK_GetPll0Freq
                0x000000000000129c       0x30 C:\Users\felip\Documents\Escola_Politecnica_da_USP\psi3422-lab-sis-elet-2026\Aula4\.pio\build\frdm_kl25z\modules/hal_nxp/libmodules__hal_nxp.a(fsl_clock.c.o)
                0x000000000000129c                CLOCK_GetPll0Freq
 .text.CLOCK_GetPllFllSelClkFreq
                0x00000000000012cc       0x24 C:\Users\felip\Documents\Escola_Politecnica_da_USP\psi3422-lab-sis-elet-2026\Aula4\.pio\build\frdm_kl25z\modules/hal_nxp/libmodules__hal_nxp.a(fsl_clock.c.o)
                0x00000000000012cc                CLOCK_GetPllFllSelClkFreq
 .text.CLOCK_GetOutClkFreq
                0x00000000000012f0       0x38 C:\Users\felip\Documents\Escola_Politecnica_da_USP\psi3422-lab-sis-elet-2026\Aula4\.pio\build\frdm_kl25z\modules/hal_nxp/libmodules__hal_nxp.a(fsl_clock.c.o)
                0x00000000000012f0                CLOCK_GetOutClkFreq
 .text.CLOCK_GetFixedFreqClkFreq
                0x0000000000001328       0x34 C:\Users\felip\Documents\Escola_Politecnica_da_USP\psi3422-lab-sis-elet-2026\Aula4\.pio\build\frdm_kl25z\modules/hal_nxp/libmodules__hal_nxp.a(fsl_clock.c.o)
                0x0000000000001328                CLOCK_GetFixedFreqClkFreq
 .text.CLOCK_GetFreq
                0x000000000000135c       0x84 C:\Users\felip\Documents\Escola_Politecnica_da_USP\psi3422-lab-sis-elet-2026\Aula4\.pio\build\frdm_kl25z\modules/hal_nxp/libmodules__hal_nxp.a(fsl_clock.c.o)
                0x000000000000135c                CLOCK_GetFreq
 .text.CLOCK_SetInternalRefClkConfig
                0x00000000000013e0       0x74 C:\Users\felip\Documents\Escola_Politecnica_da_USP\psi3422-lab-sis-elet-2026\Aula4\.pio\build\frdm_kl25z\modules/hal_nxp/libmodules__hal_nxp.a(fsl_clock.c.o)
                0x00000000000013e0                CLOCK_SetInternalRefClkConfig
 .text.CLOCK_EnablePll0
                0x0000000000001454       0x30 C:\Users\felip\Documents\Escola_Politecnica_da_USP\psi3422-lab-sis-elet-2026\Aula4\.pio\build\frdm_kl25z\modules/hal_nxp/libmodules__hal_nxp.a(fsl_clock.c.o)
                0x0000000000001454                CLOCK_EnablePll0
 .text.CLOCK_InitOsc0
                0x0000000000001484       0x6c C:\Users\felip\Documents\Escola_Politecnica_da_USP\psi3422-lab-sis-elet-2026\Aula4\.pio\build\frdm_kl25z\modules/hal_nxp/libmodules__hal_nxp.a(fsl_clock.c.o)
                0x0000000000001484                CLOCK_InitOsc0
 .text.CLOCK_SetPbeMode
                0x00000000000014f0       0x50 C:\Users\felip\Documents\Escola_Politecnica_da_USP\psi3422-lab-sis-elet-2026\Aula4\.pio\build\frdm_kl25z\modules/hal_nxp/libmodules__hal_nxp.a(fsl_clock.c.o)
                0x00000000000014f0                CLOCK_SetPbeMode
 .text.CLOCK_BootToPeeMode
                0x0000000000001540       0x2c C:\Users\felip\Documents\Escola_Politecnica_da_USP\psi3422-lab-sis-elet-2026\Aula4\.pio\build\frdm_kl25z\modules/hal_nxp/libmodules__hal_nxp.a(fsl_clock.c.o)
                0x0000000000001540                CLOCK_BootToPeeMode
 .text.SystemInit
                0x000000000000156c       0x10 C:\Users\felip\Documents\Escola_Politecnica_da_USP\psi3422-lab-sis-elet-2026\Aula4\.pio\build\frdm_kl25z\modules/hal_nxp/libmodules__hal_nxp.a(system_MKL25Z4.c.o)
                0x000000000000156c                SystemInit
 .text.LPSCI_Init
                0x000000000000157c      0x134 C:\Users\felip\Documents\Escola_Politecnica_da_USP\psi3422-lab-sis-elet-2026\Aula4\.pio\build\frdm_kl25z\modules/hal_nxp/libmodules__hal_nxp.a(fsl_lpsci.c.o)
                0x000000000000157c                LPSCI_Init
 .text.LPSCI_ClearStatusFlags
                0x00000000000016b0       0x54 C:\Users\felip\Documents\Escola_Politecnica_da_USP\psi3422-lab-sis-elet-2026\Aula4\.pio\build\frdm_kl25z\modules/hal_nxp/libmodules__hal_nxp.a(fsl_lpsci.c.o)
                0x00000000000016b0                LPSCI_ClearStatusFlags
 .text.z_fatal_error
                0x0000000000001704       0x28 C:\Users\felip\Documents\Escola_Politecnica_da_USP\psi3422-lab-sis-elet-2026\Aula4\.pio\build\frdm_kl25z\zephyr/kernel/libkernel.a(fatal.c.o)
                0x0000000000001704                z_fatal_error
 .text.z_sys_init_run_level
                0x000000000000172c       0x34 C:\Users\felip\Documents\Escola_Politecnica_da_USP\psi3422-lab-sis-elet-2026\Aula4\.pio\build\frdm_kl25z\zephyr/kernel/libkernel.a(init.c.o)
 .text.bg_thread_main
                0x0000000000001760       0xa8 C:\Users\felip\Documents\Escola_Politecnica_da_USP\psi3422-lab-sis-elet-2026\Aula4\.pio\build\frdm_kl25z\zephyr/kernel/libkernel.a(init.c.o)
 .text.z_bss_zero
                0x0000000000001808       0x18 C:\Users\felip\Documents\Escola_Politecnica_da_USP\psi3422-lab-sis-elet-2026\Aula4\.pio\build\frdm_kl25z\zephyr/kernel/libkernel.a(init.c.o)
                0x0000000000001808                z_bss_zero
 .text.z_init_cpu
                0x0000000000001820       0x68 C:\Users\felip\Documents\Escola_Politecnica_da_USP\psi3422-lab-sis-elet-2026\Aula4\.pio\build\frdm_kl25z\zephyr/kernel/libkernel.a(init.c.o)
                0x0000000000001820                z_init_cpu
 .text.z_cstart
                0x0000000000001888       0xb8 C:\Users\felip\Documents\Escola_Politecnica_da_USP\psi3422-lab-sis-elet-2026\Aula4\.pio\build\frdm_kl25z\zephyr/kernel/libkernel.a(init.c.o)
                0x0000000000001888                z_cstart
 .text.z_setup_new_thread
                0x0000000000001940       0x58 C:\Users\felip\Documents\Escola_Politecnica_da_USP\psi3422-lab-sis-elet-2026\Aula4\.pio\build\frdm_kl25z\zephyr/kernel/libkernel.a(thread.c.o)
                0x0000000000001940                z_setup_new_thread
 .text.z_dummy_thread_init
                0x0000000000001998       0x14 C:\Users\felip\Documents\Escola_Politecnica_da_USP\psi3422-lab-sis-elet-2026\Aula4\.pio\build\frdm_kl25z\zephyr/kernel/libkernel.a(thread.c.o)
                0x0000000000001998                z_dummy_thread_init
 .text.z_swap_irqlock
                0x00000000000019ac       0x2c C:\Users\felip\Documents\Escola_Politecnica_da_USP\psi3422-lab-sis-elet-2026\Aula4\.pio\build\frdm_kl25z\zephyr/kernel/libkernel.a(sched.c.o)
 .text.unready_thread
                0x00000000000019d8       0x58 C:\Users\felip\Documents\Escola_Politecnica_da_USP\psi3422-lab-sis-elet-2026\Aula4\.pio\build\frdm_kl25z\zephyr/kernel/libkernel.a(sched.c.o)
 .text.ready_thread
                0x0000000000001a30       0x94 C:\Users\felip\Documents\Escola_Politecnica_da_USP\psi3422-lab-sis-elet-2026\Aula4\.pio\build\frdm_kl25z\zephyr/kernel/libkernel.a(sched.c.o)
 .text.move_thread_to_end_of_prio_q
                0x0000000000001ac4       0xa0 C:\Users\felip\Documents\Escola_Politecnica_da_USP\psi3422-lab-sis-elet-2026\Aula4\.pio\build\frdm_kl25z\zephyr/kernel/libkernel.a(sched.c.o)
                0x0000000000001ac4                move_thread_to_end_of_prio_q
 .text.z_reschedule
                0x0000000000001b64       0x2c C:\Users\felip\Documents\Escola_Politecnica_da_USP\psi3422-lab-sis-elet-2026\Aula4\.pio\build\frdm_kl25z\zephyr/kernel/libkernel.a(sched.c.o)
                0x0000000000001b64                z_reschedule
 .text.z_reschedule_irqlock
                0x0000000000001b90       0x2c C:\Users\felip\Documents\Escola_Politecnica_da_USP\psi3422-lab-sis-elet-2026\Aula4\.pio\build\frdm_kl25z\zephyr/kernel/libkernel.a(sched.c.o)
                0x0000000000001b90                z_reschedule_irqlock
 .text.k_sched_lock
                0x0000000000001bbc       0x20 C:\Users\felip\Documents\Escola_Politecnica_da_USP\psi3422-lab-sis-elet-2026\Aula4\.pio\build\frdm_kl25z\zephyr/kernel/libkernel.a(sched.c.o)
                0x0000000000001bbc                k_sched_lock
 .text.k_sched_unlock
                0x0000000000001bdc       0x60 C:\Users\felip\Documents\Escola_Politecnica_da_USP\psi3422-lab-sis-elet-2026\Aula4\.pio\build\frdm_kl25z\zephyr/kernel/libkernel.a(sched.c.o)
                0x0000000000001bdc                k_sched_unlock
 .text.z_sched_init
                0x0000000000001c3c       0x14 C:\Users\felip\Documents\Escola_Politecnica_da_USP\psi3422-lab-sis-elet-2026\Aula4\.pio\build\frdm_kl25z\zephyr/kernel/libkernel.a(sched.c.o)
                0x0000000000001c3c                z_sched_init
 .text.z_impl_k_yield
                0x0000000000001c50       0x84 C:\Users\felip\Documents\Escola_Politecnica_da_USP\psi3422-lab-sis-elet-2026\Aula4\.pio\build\frdm_kl25z\zephyr/kernel/libkernel.a(sched.c.o)
                0x0000000000001c50                z_impl_k_yield
 .text.z_tick_sleep
                0x0000000000001cd4       0x74 C:\Users\felip\Documents\Escola_Politecnica_da_USP\psi3422-lab-sis-elet-2026\Aula4\.pio\build\frdm_kl25z\zephyr/kernel/libkernel.a(sched.c.o)
 .text.z_impl_k_sleep
                0x0000000000001d48       0x4c C:\Users\felip\Documents\Escola_Politecnica_da_USP\psi3422-lab-sis-elet-2026\Aula4\.pio\build\frdm_kl25z\zephyr/kernel/libkernel.a(sched.c.o)
                0x0000000000001d48                z_impl_k_sleep
 .text.z_impl_k_wakeup
                0x0000000000001d94       0x40 C:\Users\felip\Documents\Escola_Politecnica_da_USP\psi3422-lab-sis-elet-2026\Aula4\.pio\build\frdm_kl25z\zephyr/kernel/libkernel.a(sched.c.o)
                0x0000000000001d94                z_impl_k_wakeup
 .text.z_impl_k_sched_current_thread_query
                0x0000000000001dd4        0xc C:\Users\felip\Documents\Escola_Politecnica_da_USP\psi3422-lab-sis-elet-2026\Aula4\.pio\build\frdm_kl25z\zephyr/kernel/libkernel.a(sched.c.o)
                0x0000000000001dd4                z_impl_k_sched_current_thread_query
 .text.z_thread_abort
                0x0000000000001de0      0x128 C:\Users\felip\Documents\Escola_Politecnica_da_USP\psi3422-lab-sis-elet-2026\Aula4\.pio\build\frdm_kl25z\zephyr/kernel/libkernel.a(sched.c.o)
                0x0000000000001de0                z_thread_abort
 .text.slice_timeout
                0x0000000000001f08       0x20 C:\Users\felip\Documents\Escola_Politecnica_da_USP\psi3422-lab-sis-elet-2026\Aula4\.pio\build\frdm_kl25z\zephyr/kernel/libkernel.a(timeslicing.c.o)
 .text.thread_is_sliceable
                0x0000000000001f28       0x40 C:\Users\felip\Documents\Escola_Politecnica_da_USP\psi3422-lab-sis-elet-2026\Aula4\.pio\build\frdm_kl25z\zephyr/kernel/libkernel.a(timeslicing.c.o)
                0x0000000000001f28                thread_is_sliceable
 .text.z_reset_time_slice
                0x0000000000001f68       0x4c C:\Users\felip\Documents\Escola_Politecnica_da_USP\psi3422-lab-sis-elet-2026\Aula4\.pio\build\frdm_kl25z\zephyr/kernel/libkernel.a(timeslicing.c.o)
                0x0000000000001f68                z_reset_time_slice
 .text.z_time_slice
                0x0000000000001fb4       0x58 C:\Users\felip\Documents\Escola_Politecnica_da_USP\psi3422-lab-sis-elet-2026\Aula4\.pio\build\frdm_kl25z\zephyr/kernel/libkernel.a(timeslicing.c.o)
                0x0000000000001fb4                z_time_slice
 .text.z_data_copy
                0x000000000000200c       0x34 C:\Users\felip\Documents\Escola_Politecnica_da_USP\psi3422-lab-sis-elet-2026\Aula4\.pio\build\frdm_kl25z\zephyr/kernel/libkernel.a(xip.c.o)
                0x000000000000200c                z_data_copy
 .text.first    0x0000000000002040       0x10 C:\Users\felip\Documents\Escola_Politecnica_da_USP\psi3422-lab-sis-elet-2026\Aula4\.pio\build\frdm_kl25z\zephyr/kernel/libkernel.a(timeout.c.o)
 .text.next_timeout
                0x0000000000002050       0x38 C:\Users\felip\Documents\Escola_Politecnica_da_USP\psi3422-lab-sis-elet-2026\Aula4\.pio\build\frdm_kl25z\zephyr/kernel/libkernel.a(timeout.c.o)
 .text.elapsed  0x0000000000002088       0x18 C:\Users\felip\Documents\Escola_Politecnica_da_USP\psi3422-lab-sis-elet-2026\Aula4\.pio\build\frdm_kl25z\zephyr/kernel/libkernel.a(timeout.c.o)
 .text.remove_timeout
                0x00000000000020a0       0x38 C:\Users\felip\Documents\Escola_Politecnica_da_USP\psi3422-lab-sis-elet-2026\Aula4\.pio\build\frdm_kl25z\zephyr/kernel/libkernel.a(timeout.c.o)
 .text.z_add_timeout
                0x00000000000020d8      0x120 C:\Users\felip\Documents\Escola_Politecnica_da_USP\psi3422-lab-sis-elet-2026\Aula4\.pio\build\frdm_kl25z\zephyr/kernel/libkernel.a(timeout.c.o)
                0x00000000000020d8                z_add_timeout
 .text.sys_clock_announce
                0x00000000000021f8       0xd0 C:\Users\felip\Documents\Escola_Politecnica_da_USP\psi3422-lab-sis-elet-2026\Aula4\.pio\build\frdm_kl25z\zephyr/kernel/libkernel.a(timeout.c.o)
                0x00000000000021f8                sys_clock_announce
 .text.sys_clock_tick_get
                0x00000000000022c8       0x30 C:\Users\felip\Documents\Escola_Politecnica_da_USP\psi3422-lab-sis-elet-2026\Aula4\.pio\build\frdm_kl25z\zephyr/kernel/libkernel.a(timeout.c.o)
                0x00000000000022c8                sys_clock_tick_get
 .text.z_timer_expiration_handler
                0x00000000000022f8      0x110 C:\Users\felip\Documents\Escola_Politecnica_da_USP\psi3422-lab-sis-elet-2026\Aula4\.pio\build\frdm_kl25z\zephyr/kernel/libkernel.a(timer.c.o)
                0x00000000000022f8                z_timer_expiration_handler
 .text.z_impl_k_timer_start
                0x0000000000002408       0x68 C:\Users\felip\Documents\Escola_Politecnica_da_USP\psi3422-lab-sis-elet-2026\Aula4\.pio\build\frdm_kl25z\zephyr/kernel/libkernel.a(timer.c.o)
                0x0000000000002408                z_impl_k_timer_start
 .text.boot_banner
                0x0000000000002470       0x10 C:\Users\felip\Documents\Escola_Politecnica_da_USP\psi3422-lab-sis-elet-2026\Aula4\.pio\build\frdm_kl25z\zephyr/kernel/libkernel.a(banner.c.o)
                0x0000000000002470                boot_banner
 .text.printf   0x0000000000002480       0x20 C:\Users\felip\Documents\Escola_Politecnica_da_USP\psi3422-lab-sis-elet-2026\Aula4\.pio\build\frdm_kl25z\modules\picolibc\libc.a(printf.c.o)
                0x0000000000002480                printf
 .text.vfprintf
                0x00000000000024a0      0x978 C:\Users\felip\Documents\Escola_Politecnica_da_USP\psi3422-lab-sis-elet-2026\Aula4\.pio\build\frdm_kl25z\modules\picolibc\libc.a(vfprintf.c.o)
                0x00000000000024a0                vfprintf
                0x00000000000024a0                __d_vfprintf
 .text.div10    0x0000000000002e18       0x28 C:\Users\felip\Documents\Escola_Politecnica_da_USP\psi3422-lab-sis-elet-2026\Aula4\.pio\build\frdm_kl25z\modules\picolibc\libc.a(dtoa_ryu.c.o)
 .text.__dtoa_engine
                0x0000000000002e40      0x4d8 C:\Users\felip\Documents\Escola_Politecnica_da_USP\psi3422-lab-sis-elet-2026\Aula4\.pio\build\frdm_kl25z\modules\picolibc\libc.a(dtoa_ryu.c.o)
                0x0000000000002e40                __dtoa_engine
 .text.__log10Pow2
                0x0000000000003318        0xc C:\Users\felip\Documents\Escola_Politecnica_da_USP\psi3422-lab-sis-elet-2026\Aula4\.pio\build\frdm_kl25z\modules\picolibc\libc.a(ryu_log10.c.o)
                0x0000000000003318                __log10Pow2
 .text.__log10Pow5
                0x0000000000003324        0xc C:\Users\felip\Documents\Escola_Politecnica_da_USP\psi3422-lab-sis-elet-2026\Aula4\.pio\build\frdm_kl25z\modules\picolibc\libc.a(ryu_log10.c.o)
                0x0000000000003324                __log10Pow5
 .text.__pow5bits
                0x0000000000003330       0x10 C:\Users\felip\Documents\Escola_Politecnica_da_USP\psi3422-lab-sis-elet-2026\Aula4\.pio\build\frdm_kl25z\modules\picolibc\libc.a(ryu_pow5bits.c.o)
                0x0000000000003330                __pow5bits
 .text.__pow5Factor
                0x0000000000003340       0x2c C:\Users\felip\Documents\Escola_Politecnica_da_USP\psi3422-lab-sis-elet-2026\Aula4\.pio\build\frdm_kl25z\modules\picolibc\libc.a(ryu_table.c.o)
                0x0000000000003340                __pow5Factor
 .text.__double_computePow5
                0x000000000000336c      0x104 C:\Users\felip\Documents\Escola_Politecnica_da_USP\psi3422-lab-sis-elet-2026\Aula4\.pio\build\frdm_kl25z\modules\picolibc\libc.a(ryu_table.c.o)
                0x000000000000336c                __double_computePow5
 .text.__double_computeInvPow5
                0x0000000000003470      0x110 C:\Users\felip\Documents\Escola_Politecnica_da_USP\psi3422-lab-sis-elet-2026\Aula4\.pio\build\frdm_kl25z\modules\picolibc\libc.a(ryu_table.c.o)
                0x0000000000003470                __double_computeInvPow5
 .text.__dtox_engine
                0x0000000000003580      0x138 C:\Users\felip\Documents\Escola_Politecnica_da_USP\psi3422-lab-sis-elet-2026\Aula4\.pio\build\frdm_kl25z\modules\picolibc\libc.a(dtox_engine.c.o)
                0x0000000000003580                __dtox_engine
 .text.__muldi3
                0x00000000000036b8       0x54 c:/users/felip/.platformio/packages/toolchain-gccarmnoneeabi@1.80201.181220/bin/../lib/gcc/arm-none-eabi/8.2.1/thumb/v6-m/nofp\libgcc.a(_muldi3.o)
                0x00000000000036b8                __muldi3
                0x00000000000036b8                __aeabi_lmul
 .text.__udivmoddi4
                0x000000000000370c      0x1a4 c:/users/felip/.platformio/packages/toolchain-gccarmnoneeabi@1.80201.181220/bin/../lib/gcc/arm-none-eabi/8.2.1/thumb/v6-m/nofp\libgcc.a(_udivmoddi4.o)
                0x000000000000370c                __udivmoddi4
 .text.__aeabi_fdiv
                0x00000000000038b0      0x230 c:/users/felip/.platformio/packages/toolchain-gccarmnoneeabi@1.80201.181220/bin/../lib/gcc/arm-none-eabi/8.2.1/thumb/v6-m/nofp\libgcc.a(divsf3.o)
                0x00000000000038b0                __aeabi_fdiv
 .text.__aeabi_fmul
                0x0000000000003ae0      0x22c c:/users/felip/.platformio/packages/toolchain-gccarmnoneeabi@1.80201.181220/bin/../lib/gcc/arm-none-eabi/8.2.1/thumb/v6-m/nofp\libgcc.a(mulsf3.o)
                0x0000000000003ae0                __aeabi_fmul
 .text.__aeabi_i2f
                0x0000000000003d0c       0x94 c:/users/felip/.platformio/packages/toolchain-gccarmnoneeabi@1.80201.181220/bin/../lib/gcc/arm-none-eabi/8.2.1/thumb/v6-m/nofp\libgcc.a(floatsisf.o)
                0x0000000000003d0c                __aeabi_i2f
 .text.__aeabi_f2d
                0x0000000000003da0       0xa4 c:/users/felip/.platformio/packages/toolchain-gccarmnoneeabi@1.80201.181220/bin/../lib/gcc/arm-none-eabi/8.2.1/thumb/v6-m/nofp\libgcc.a(extendsfdf2.o)
                0x0000000000003da0                __aeabi_f2d
 .text.chunk_size
                0x0000000000003e44        0xa C:\Users\felip\Documents\Escola_Politecnica_da_USP\psi3422-lab-sis-elet-2026\Aula4\.pio\build\frdm_kl25z\zephyr/libzephyr.a(heap.c.o)
 .text.free_list_add
                0x0000000000003e4e       0x52 C:\Users\felip\Documents\Escola_Politecnica_da_USP\psi3422-lab-sis-elet-2026\Aula4\.pio\build\frdm_kl25z\zephyr/libzephyr.a(heap.c.o)
 .text.sys_heap_init
                0x0000000000003ea0       0x64 C:\Users\felip\Documents\Escola_Politecnica_da_USP\psi3422-lab-sis-elet-2026\Aula4\.pio\build\frdm_kl25z\zephyr/libzephyr.a(heap.c.o)
                0x0000000000003ea0                sys_heap_init
 .text.arch_printk_char_out
                0x0000000000003f04        0x4 C:\Users\felip\Documents\Escola_Politecnica_da_USP\psi3422-lab-sis-elet-2026\Aula4\.pio\build\frdm_kl25z\zephyr/libzephyr.a(printk.c.o)
                0x0000000000003f04                arch_printk_char_out
 .text.printk   0x0000000000003f08       0x16 C:\Users\felip\Documents\Escola_Politecnica_da_USP\psi3422-lab-sis-elet-2026\Aula4\.pio\build\frdm_kl25z\zephyr/libzephyr.a(printk.c.o)
                0x0000000000003f08                printk
 .text.z_thread_entry
                0x0000000000003f1e       0x14 C:\Users\felip\Documents\Escola_Politecnica_da_USP\psi3422-lab-sis-elet-2026\Aula4\.pio\build\frdm_kl25z\zephyr/libzephyr.a(thread_entry.c.o)
                0x0000000000003f1e                z_thread_entry
 .text._ConfigAbsSyms
                0x0000000000003f32        0x2 C:\Users\felip\Documents\Escola_Politecnica_da_USP\psi3422-lab-sis-elet-2026\Aula4\.pio\build\frdm_kl25z\zephyr/libzephyr.a(configs.c.o)
                0x0000000000003f32                _ConfigAbsSyms
 .text.soc_early_init_hook
                0x0000000000003f34        0x8 C:\Users\felip\Documents\Escola_Politecnica_da_USP\psi3422-lab-sis-elet-2026\Aula4\.pio\build\frdm_kl25z\zephyr/libzephyr.a(soc.c.o)
                0x0000000000003f34                soc_early_init_hook
 .text.soc_reset_hook
                0x0000000000003f3c        0x8 C:\Users\felip\Documents\Escola_Politecnica_da_USP\psi3422-lab-sis-elet-2026\Aula4\.pio\build\frdm_kl25z\zephyr/libzephyr.a(soc.c.o)
                0x0000000000003f3c                soc_reset_hook
 .text.z_arm_fatal_error
                0x0000000000003f44       0x10 C:\Users\felip\Documents\Escola_Politecnica_da_USP\psi3422-lab-sis-elet-2026\Aula4\.pio\build\frdm_kl25z\zephyr/arch/arch/arm/core/libarch__arm__core.a(fatal.c.o)
                0x0000000000003f44                z_arm_fatal_error
 .text.z_do_kernel_oops
                0x0000000000003f54        0xc C:\Users\felip\Documents\Escola_Politecnica_da_USP\psi3422-lab-sis-elet-2026\Aula4\.pio\build\frdm_kl25z\zephyr/arch/arch/arm/core/libarch__arm__core.a(fatal.c.o)
                0x0000000000003f54                z_do_kernel_oops
 .text.z_arm_nmi
                0x0000000000003f60        0xc C:\Users\felip\Documents\Escola_Politecnica_da_USP\psi3422-lab-sis-elet-2026\Aula4\.pio\build\frdm_kl25z\zephyr/arch/arch/arm/core/libarch__arm__core.a(nmi.c.o)
                0x0000000000003f60                z_arm_nmi
 .text.z_irq_spurious
                0x0000000000003f6c        0xc C:\Users\felip\Documents\Escola_Politecnica_da_USP\psi3422-lab-sis-elet-2026\Aula4\.pio\build\frdm_kl25z\zephyr/arch/arch/arm/core/cortex_m/libarch__arm__core__cortex_m.a(irq_manage.c.o)
                0x0000000000003f6c                z_irq_spurious
 .text.z_prep_c
                0x0000000000003f78       0x16 C:\Users\felip\Documents\Escola_Politecnica_da_USP\psi3422-lab-sis-elet-2026\Aula4\.pio\build\frdm_kl25z\zephyr/arch/arch/arm/core/cortex_m/libarch__arm__core__cortex_m.a(prep_c.c.o)
                0x0000000000003f78                z_prep_c
 .text.arch_irq_unlock_outlined
                0x0000000000003f8e        0xc C:\Users\felip\Documents\Escola_Politecnica_da_USP\psi3422-lab-sis-elet-2026\Aula4\.pio\build\frdm_kl25z\zephyr/arch/arch/arm/core/cortex_m/libarch__arm__core__cortex_m.a(thread.c.o)
                0x0000000000003f8e                arch_irq_unlock_outlined
 .text.arch_cpu_idle
                0x0000000000003f9a        0xe C:\Users\felip\Documents\Escola_Politecnica_da_USP\psi3422-lab-sis-elet-2026\Aula4\.pio\build\frdm_kl25z\zephyr/arch/arch/arm/core/cortex_m/libarch__arm__core__cortex_m.a(cpu_idle.c.o)
                0x0000000000003f9a                arch_cpu_idle
 .text.picolibc_put
                0x0000000000003fa8        0xa C:\Users\felip\Documents\Escola_Politecnica_da_USP\psi3422-lab-sis-elet-2026\Aula4\.pio\build\frdm_kl25z\zephyr/lib/libc/picolibc/liblib__libc__picolibc.a(stdio.c.o)
 .text.mcux_mcg_on
                0x0000000000003fb2        0x4 C:\Users\felip\Documents\Escola_Politecnica_da_USP\psi3422-lab-sis-elet-2026\Aula4\.pio\build\frdm_kl25z\zephyr/drivers/clock_control/libdrivers__clock_control.a(clock_control_mcux_mcg.c.o)
 .text.mcux_mcg_get_rate
                0x0000000000003fb6       0x24 C:\Users\felip\Documents\Escola_Politecnica_da_USP\psi3422-lab-sis-elet-2026\Aula4\.pio\build\frdm_kl25z\zephyr/drivers/clock_control/libdrivers__clock_control.a(clock_control_mcux_mcg.c.o)
 .text.mcux_mcg_off
                0x0000000000003fda        0x4 C:\Users\felip\Documents\Escola_Politecnica_da_USP\psi3422-lab-sis-elet-2026\Aula4\.pio\build\frdm_kl25z\zephyr/drivers/clock_control/libdrivers__clock_control.a(clock_control_mcux_mcg.c.o)
 .text.mcux_sim_init
                0x0000000000003fde        0x4 C:\Users\felip\Documents\Escola_Politecnica_da_USP\psi3422-lab-sis-elet-2026\Aula4\.pio\build\frdm_kl25z\zephyr/drivers/clock_control/libdrivers__clock_control.a(clock_control_mcux_sim.c.o)
 .text.gpio_mcux_port_get_raw
                0x0000000000003fe2        0xc C:\Users\felip\Documents\Escola_Politecnica_da_USP\psi3422-lab-sis-elet-2026\Aula4\.pio\build\frdm_kl25z\zephyr/drivers/gpio/libdrivers__gpio.a(gpio_mcux.c.o)
 .text.gpio_mcux_port_set_masked_raw
                0x0000000000003fee       0x12 C:\Users\felip\Documents\Escola_Politecnica_da_USP\psi3422-lab-sis-elet-2026\Aula4\.pio\build\frdm_kl25z\zephyr/drivers/gpio/libdrivers__gpio.a(gpio_mcux.c.o)
 .text.gpio_mcux_port_set_bits_raw
                0x0000000000004000        0xa C:\Users\felip\Documents\Escola_Politecnica_da_USP\psi3422-lab-sis-elet-2026\Aula4\.pio\build\frdm_kl25z\zephyr/drivers/gpio/libdrivers__gpio.a(gpio_mcux.c.o)
 .text.gpio_mcux_port_clear_bits_raw
                0x000000000000400a        0xa C:\Users\felip\Documents\Escola_Politecnica_da_USP\psi3422-lab-sis-elet-2026\Aula4\.pio\build\frdm_kl25z\zephyr/drivers/gpio/libdrivers__gpio.a(gpio_mcux.c.o)
 .text.gpio_mcux_port_toggle_bits
                0x0000000000004014        0xa C:\Users\felip\Documents\Escola_Politecnica_da_USP\psi3422-lab-sis-elet-2026\Aula4\.pio\build\frdm_kl25z\zephyr/drivers/gpio/libdrivers__gpio.a(gpio_mcux.c.o)
 .text.gpio_mcux_manage_callback
                0x000000000000401e       0x5c C:\Users\felip\Documents\Escola_Politecnica_da_USP\psi3422-lab-sis-elet-2026\Aula4\.pio\build\frdm_kl25z\zephyr/drivers/gpio/libdrivers__gpio.a(gpio_mcux.c.o)
 .text.gpio_mcux_port_isr
                0x000000000000407a       0x30 C:\Users\felip\Documents\Escola_Politecnica_da_USP\psi3422-lab-sis-elet-2026\Aula4\.pio\build\frdm_kl25z\zephyr/drivers/gpio/libdrivers__gpio.a(gpio_mcux.c.o)
 .text.gpio_mcux_port1_init
                0x00000000000040aa        0x4 C:\Users\felip\Documents\Escola_Politecnica_da_USP\psi3422-lab-sis-elet-2026\Aula4\.pio\build\frdm_kl25z\zephyr/drivers/gpio/libdrivers__gpio.a(gpio_mcux.c.o)
 .text.gpio_mcux_port0_init
                0x00000000000040ae       0x16 C:\Users\felip\Documents\Escola_Politecnica_da_USP\psi3422-lab-sis-elet-2026\Aula4\.pio\build\frdm_kl25z\zephyr/drivers/gpio/libdrivers__gpio.a(gpio_mcux.c.o)
 .text.gpio_mcux_port2_init
                0x00000000000040c4       0x16 C:\Users\felip\Documents\Escola_Politecnica_da_USP\psi3422-lab-sis-elet-2026\Aula4\.pio\build\frdm_kl25z\zephyr/drivers/gpio/libdrivers__gpio.a(gpio_mcux.c.o)
 .text.pinctrl_lookup_state
                0x00000000000040da       0x28 C:\Users\felip\Documents\Escola_Politecnica_da_USP\psi3422-lab-sis-elet-2026\Aula4\.pio\build\frdm_kl25z\zephyr/drivers/pinctrl/libdrivers__pinctrl.a(common.c.o)
                0x00000000000040da                pinctrl_lookup_state
 .text.pinctrl_mcux_init
                0x0000000000004102       0x28 C:\Users\felip\Documents\Escola_Politecnica_da_USP\psi3422-lab-sis-elet-2026\Aula4\.pio\build\frdm_kl25z\zephyr/drivers/pinctrl/libdrivers__pinctrl.a(pinctrl_nxp_port.c.o)
 .text.mcux_lpsci_poll_out
                0x000000000000412a       0x18 C:\Users\felip\Documents\Escola_Politecnica_da_USP\psi3422-lab-sis-elet-2026\Aula4\.pio\build\frdm_kl25z\zephyr/drivers/serial/libdrivers__serial.a(uart_mcux_lpsci.c.o)
 .text.mcux_lpsci_poll_in
                0x0000000000004142       0x20 C:\Users\felip\Documents\Escola_Politecnica_da_USP\psi3422-lab-sis-elet-2026\Aula4\.pio\build\frdm_kl25z\zephyr/drivers/serial/libdrivers__serial.a(uart_mcux_lpsci.c.o)
 .text.mcux_lpsci_err_check
                0x0000000000004162       0x2c C:\Users\felip\Documents\Escola_Politecnica_da_USP\psi3422-lab-sis-elet-2026\Aula4\.pio\build\frdm_kl25z\zephyr/drivers/serial/libdrivers__serial.a(uart_mcux_lpsci.c.o)
 .text.mcux_lpsci_init
                0x000000000000418e       0x6e C:\Users\felip\Documents\Escola_Politecnica_da_USP\psi3422-lab-sis-elet-2026\Aula4\.pio\build\frdm_kl25z\zephyr/drivers/serial/libdrivers__serial.a(uart_mcux_lpsci.c.o)
 .text.LPSCI_GetDefaultConfig
                0x00000000000041fc       0x1c C:\Users\felip\Documents\Escola_Politecnica_da_USP\psi3422-lab-sis-elet-2026\Aula4\.pio\build\frdm_kl25z\modules/hal_nxp/libmodules__hal_nxp.a(fsl_lpsci.c.o)
                0x00000000000041fc                LPSCI_GetDefaultConfig
 .text.LPSCI_GetStatusFlags
                0x0000000000004218        0xa C:\Users\felip\Documents\Escola_Politecnica_da_USP\psi3422-lab-sis-elet-2026\Aula4\.pio\build\frdm_kl25z\modules/hal_nxp/libmodules__hal_nxp.a(fsl_lpsci.c.o)
                0x0000000000004218                LPSCI_GetStatusFlags
 .text._OffsetAbsSyms
                0x0000000000004222        0x2 C:\Users\felip\Documents\Escola_Politecnica_da_USP\psi3422-lab-sis-elet-2026\Aula4\.pio\build\frdm_kl25z\zephyr\liboffsets.a(offsets.c.o)
                0x0000000000004222                _OffsetAbsSyms
 .text.z_device_state_init
                0x0000000000004224        0x2 C:\Users\felip\Documents\Escola_Politecnica_da_USP\psi3422-lab-sis-elet-2026\Aula4\.pio\build\frdm_kl25z\zephyr/kernel/libkernel.a(device.c.o)
                0x0000000000004224                z_device_state_init
 .text.z_impl_device_is_ready
                0x0000000000004226       0x1a C:\Users\felip\Documents\Escola_Politecnica_da_USP\psi3422-lab-sis-elet-2026\Aula4\.pio\build\frdm_kl25z\zephyr/kernel/libkernel.a(device.c.o)
                0x0000000000004226                z_impl_device_is_ready
 .text.arch_system_halt
                0x0000000000004240        0x8 C:\Users\felip\Documents\Escola_Politecnica_da_USP\psi3422-lab-sis-elet-2026\Aula4\.pio\build\frdm_kl25z\zephyr/kernel/libkernel.a(fatal.c.o)
                0x0000000000004240                arch_system_halt
 .text.k_sys_fatal_error_handler
                0x0000000000004248        0x6 C:\Users\felip\Documents\Escola_Politecnica_da_USP\psi3422-lab-sis-elet-2026\Aula4\.pio\build\frdm_kl25z\zephyr/kernel/libkernel.a(fatal.c.o)
                0x0000000000004248                k_sys_fatal_error_handler
 .text.do_device_init
                0x000000000000424e       0x30 C:\Users\felip\Documents\Escola_Politecnica_da_USP\psi3422-lab-sis-elet-2026\Aula4\.pio\build\frdm_kl25z\zephyr/kernel/libkernel.a(init.c.o)
 .text.z_early_memset
                0x000000000000427e        0x8 C:\Users\felip\Documents\Escola_Politecnica_da_USP\psi3422-lab-sis-elet-2026\Aula4\.pio\build\frdm_kl25z\zephyr/kernel/libkernel.a(init.c.o)
                0x000000000000427e                z_early_memset
 .text.z_early_memcpy
                0x0000000000004286        0x8 C:\Users\felip\Documents\Escola_Politecnica_da_USP\psi3422-lab-sis-elet-2026\Aula4\.pio\build\frdm_kl25z\zephyr/kernel/libkernel.a(init.c.o)
                0x0000000000004286                z_early_memcpy
 .text.idle     0x000000000000428e        0xe C:\Users\felip\Documents\Escola_Politecnica_da_USP\psi3422-lab-sis-elet-2026\Aula4\.pio\build\frdm_kl25z\zephyr/kernel/libkernel.a(idle.c.o)
                0x000000000000428e                idle
 .text.sys_dlist_remove
                0x000000000000429c       0x10 C:\Users\felip\Documents\Escola_Politecnica_da_USP\psi3422-lab-sis-elet-2026\Aula4\.pio\build\frdm_kl25z\zephyr/kernel/libkernel.a(sched.c.o)
 .text.unpend_thread_no_timeout
                0x00000000000042ac       0x16 C:\Users\felip\Documents\Escola_Politecnica_da_USP\psi3422-lab-sis-elet-2026\Aula4\.pio\build\frdm_kl25z\zephyr/kernel/libkernel.a(sched.c.o)
 .text.z_ready_thread
                0x00000000000042c2       0x18 C:\Users\felip\Documents\Escola_Politecnica_da_USP\psi3422-lab-sis-elet-2026\Aula4\.pio\build\frdm_kl25z\zephyr/kernel/libkernel.a(sched.c.o)
                0x00000000000042c2                z_ready_thread
 .text.z_unpend_thread_no_timeout
                0x00000000000042da       0x1e C:\Users\felip\Documents\Escola_Politecnica_da_USP\psi3422-lab-sis-elet-2026\Aula4\.pio\build\frdm_kl25z\zephyr/kernel/libkernel.a(sched.c.o)
                0x00000000000042da                z_unpend_thread_no_timeout
 .text.z_sched_wake_thread
                0x00000000000042f8       0x36 C:\Users\felip\Documents\Escola_Politecnica_da_USP\psi3422-lab-sis-elet-2026\Aula4\.pio\build\frdm_kl25z\zephyr/kernel/libkernel.a(sched.c.o)
                0x00000000000042f8                z_sched_wake_thread
 .text.z_thread_timeout
                0x000000000000432e        0xc C:\Users\felip\Documents\Escola_Politecnica_da_USP\psi3422-lab-sis-elet-2026\Aula4\.pio\build\frdm_kl25z\zephyr/kernel/libkernel.a(sched.c.o)
                0x000000000000432e                z_thread_timeout
 .text.z_abort_timeout
                0x000000000000433a       0x4e C:\Users\felip\Documents\Escola_Politecnica_da_USP\psi3422-lab-sis-elet-2026\Aula4\.pio\build\frdm_kl25z\zephyr/kernel/libkernel.a(timeout.c.o)
                0x000000000000433a                z_abort_timeout
 .text.sys_clock_tick_get_32
                0x0000000000004388        0x8 C:\Users\felip\Documents\Escola_Politecnica_da_USP\psi3422-lab-sis-elet-2026\Aula4\.pio\build\frdm_kl25z\zephyr/kernel/libkernel.a(timeout.c.o)
                0x0000000000004388                sys_clock_tick_get_32
 .text.z_impl_k_uptime_ticks
                0x0000000000004390        0x8 C:\Users\felip\Documents\Escola_Politecnica_da_USP\psi3422-lab-sis-elet-2026\Aula4\.pio\build\frdm_kl25z\zephyr/kernel/libkernel.a(timeout.c.o)
                0x0000000000004390                z_impl_k_uptime_ticks
 .text.z_impl_atomic_add
                0x0000000000004398       0x1a C:\Users\felip\Documents\Escola_Politecnica_da_USP\psi3422-lab-sis-elet-2026\Aula4\.pio\build\frdm_kl25z\zephyr/kernel/libkernel.a(atomic_c.c.o)
                0x0000000000004398                z_impl_atomic_add
 .text.z_impl_atomic_set
                0x00000000000043b2       0x18 C:\Users\felip\Documents\Escola_Politecnica_da_USP\psi3422-lab-sis-elet-2026\Aula4\.pio\build\frdm_kl25z\zephyr/kernel/libkernel.a(atomic_c.c.o)
                0x00000000000043b2                z_impl_atomic_set
 .text.memcpy   0x00000000000043ca       0x12 C:\Users\felip\Documents\Escola_Politecnica_da_USP\psi3422-lab-sis-elet-2026\Aula4\.pio\build\frdm_kl25z\modules\picolibc\libc.a(memcpy.c.o)
                0x00000000000043ca                __aeabi_memcpy
                0x00000000000043ca                __aeabi_memcpy4
                0x00000000000043ca                __aeabi_memcpy8
                0x00000000000043ca                memcpy
 .text.memset   0x00000000000043dc       0x10 C:\Users\felip\Documents\Escola_Politecnica_da_USP\psi3422-lab-sis-elet-2026\Aula4\.pio\build\frdm_kl25z\modules\picolibc\libc.a(memset.c.o)
                0x00000000000043dc                memset
 .text.strnlen  0x00000000000043ec       0x16 C:\Users\felip\Documents\Escola_Politecnica_da_USP\psi3422-lab-sis-elet-2026\Aula4\.pio\build\frdm_kl25z\modules\picolibc\libc.a(strnlen.c.o)
                0x00000000000043ec                strnlen
 .text.__ultoa_invert
                0x0000000000004402       0x4e C:\Users\felip\Documents\Escola_Politecnica_da_USP\psi3422-lab-sis-elet-2026\Aula4\.pio\build\frdm_kl25z\modules\picolibc\libc.a(vfprintf.c.o)
 .text.skip_to_arg
                0x0000000000004450      0x12e C:\Users\felip\Documents\Escola_Politecnica_da_USP\psi3422-lab-sis-elet-2026\Aula4\.pio\build\frdm_kl25z\modules\picolibc\libc.a(vfprintf.c.o)
 .text.mulShiftAll64
                0x000000000000457e      0x1ec C:\Users\felip\Documents\Escola_Politecnica_da_USP\psi3422-lab-sis-elet-2026\Aula4\.pio\build\frdm_kl25z\modules\picolibc\libc.a(dtoa_ryu.c.o)
 .text.__umul128
                0x000000000000476a       0x74 C:\Users\felip\Documents\Escola_Politecnica_da_USP\psi3422-lab-sis-elet-2026\Aula4\.pio\build\frdm_kl25z\modules\picolibc\libc.a(ryu_umul128.c.o)
                0x000000000000476a                __umul128
 .text.__shiftright128
                0x00000000000047de       0x28 C:\Users\felip\Documents\Escola_Politecnica_da_USP\psi3422-lab-sis-elet-2026\Aula4\.pio\build\frdm_kl25z\modules\picolibc\libc.a(ryu_umul128.c.o)
                0x00000000000047de                __shiftright128
 *(SORT_BY_ALIGNMENT(.TEXT.*))
 *(SORT_BY_ALIGNMENT(.gnu.linkonce.t.*))
 *(SORT_BY_ALIGNMENT(.glue_7t))
 .glue_7t       0x0000000000004806        0x0 linker stubs
 *(SORT_BY_ALIGNMENT(.glue_7))
 .glue_7        0x0000000000004806        0x0 linker stubs
 *(SORT_BY_ALIGNMENT(.vfp11_veneer))
 .vfp11_veneer  0x0000000000004806        0x0 linker stubs
 *(SORT_BY_ALIGNMENT(.v4_bx))
 .v4_bx         0x0000000000004806        0x0 linker stubs
                0x0000000000004808                . = ALIGN (0x4)
 *fill*         0x0000000000004806        0x2 
                0x0000000000004808                __text_region_end = .

.ARM.exidx      0x0000000000004808        0x8
                0x0000000000004808                __exidx_start = .
 *(SORT_BY_ALIGNMENT(.ARM.exidx*) SORT_BY_ALIGNMENT(gnu.linkonce.armexidx.*))
 .ARM.exidx.text.__udivmoddi4
                0x0000000000004808        0x8 c:/users/felip/.platformio/packages/toolchain-gccarmnoneeabi@1.80201.181220/bin/../lib/gcc/arm-none-eabi/8.2.1/thumb/v6-m/nofp\libgcc.a(_udivmoddi4.o)
                0x0000000000004810                __exidx_end = .
                0x0000000000004810                __rodata_region_start = .

initlevel       0x0000000000004810       0x70
                0x0000000000004810                __init_start = .
                0x0000000000004810                __init_EARLY_start = .
 *(SORT_BY_NAME(SORT_BY_ALIGNMENT(.z_init_EARLY_P_?_*)))
 *(SORT_BY_NAME(SORT_BY_ALIGNMENT(.z_init_EARLY_P_??_*)))
 *(SORT_BY_NAME(SORT_BY_ALIGNMENT(.z_init_EARLY_P_???_*)))
                0x0000000000004810                __init_PRE_KERNEL_1_start = .
 *(SORT_BY_NAME(SORT_BY_ALIGNMENT(.z_init_PRE_KERNEL_1_P_?_*)))
 *(SORT_BY_NAME(SORT_BY_ALIGNMENT(.z_init_PRE_KERNEL_1_P_??_*)))
 .z_init_PRE_KERNEL_1_P_30_SUB_00007_
                0x0000000000004810        0x8 C:\Users\felip\Documents\Escola_Politecnica_da_USP\psi3422-lab-sis-elet-2026\Aula4\.pio\build\frdm_kl25z\zephyr/drivers/clock_control/libdrivers__clock_control.a(clock_control_mcux_sim.c.o)
 .z_init_PRE_KERNEL_1_P_30_SUB_00045_
                0x0000000000004818        0x8 C:\Users\felip\Documents\Escola_Politecnica_da_USP\psi3422-lab-sis-elet-2026\Aula4\.pio\build\frdm_kl25z\zephyr/drivers/clock_control/libdrivers__clock_control.a(clock_control_mcux_mcg.c.o)
 .z_init_PRE_KERNEL_1_P_40_SUB_00008_
                0x0000000000004820        0x8 C:\Users\felip\Documents\Escola_Politecnica_da_USP\psi3422-lab-sis-elet-2026\Aula4\.pio\build\frdm_kl25z\zephyr/drivers/pinctrl/libdrivers__pinctrl.a(pinctrl_nxp_port.c.o)
 .z_init_PRE_KERNEL_1_P_40_SUB_00017_
                0x0000000000004828        0x8 C:\Users\felip\Documents\Escola_Politecnica_da_USP\psi3422-lab-sis-elet-2026\Aula4\.pio\build\frdm_kl25z\zephyr/drivers/pinctrl/libdrivers__pinctrl.a(pinctrl_nxp_port.c.o)
 .z_init_PRE_KERNEL_1_P_40_SUB_00019_
                0x0000000000004830        0x8 C:\Users\felip\Documents\Escola_Politecnica_da_USP\psi3422-lab-sis-elet-2026\Aula4\.pio\build\frdm_kl25z\zephyr/drivers/pinctrl/libdrivers__pinctrl.a(pinctrl_nxp_port.c.o)
 .z_init_PRE_KERNEL_1_P_40_SUB_00033_
                0x0000000000004838        0x8 C:\Users\felip\Documents\Escola_Politecnica_da_USP\psi3422-lab-sis-elet-2026\Aula4\.pio\build\frdm_kl25z\zephyr/drivers/pinctrl/libdrivers__pinctrl.a(pinctrl_nxp_port.c.o)
 .z_init_PRE_KERNEL_1_P_40_SUB_00035_
                0x0000000000004840        0x8 C:\Users\felip\Documents\Escola_Politecnica_da_USP\psi3422-lab-sis-elet-2026\Aula4\.pio\build\frdm_kl25z\zephyr/drivers/pinctrl/libdrivers__pinctrl.a(pinctrl_nxp_port.c.o)
 .z_init_PRE_KERNEL_1_P_50_SUB_00039_
                0x0000000000004848        0x8 C:\Users\felip\Documents\Escola_Politecnica_da_USP\psi3422-lab-sis-elet-2026\Aula4\.pio\build\frdm_kl25z\zephyr/drivers/serial/libdrivers__serial.a(uart_mcux_lpsci.c.o)
 .z_init_PRE_KERNEL_1_P_60_SUB_0_
                0x0000000000004850        0x8 C:\Users\felip\Documents\Escola_Politecnica_da_USP\psi3422-lab-sis-elet-2026\Aula4\.pio\build\frdm_kl25z\zephyr/drivers/console/libdrivers__console.a(uart_console.c.o)
 *(SORT_BY_NAME(SORT_BY_ALIGNMENT(.z_init_PRE_KERNEL_1_P_???_*)))
                0x0000000000004858                __init_PRE_KERNEL_2_start = .
 *(SORT_BY_NAME(SORT_BY_ALIGNMENT(.z_init_PRE_KERNEL_2_P_?_*)))
 .z_init_PRE_KERNEL_2_P_0_SUB_0_
                0x0000000000004858        0x8 C:\Users\felip\Documents\Escola_Politecnica_da_USP\psi3422-lab-sis-elet-2026\Aula4\.pio\build\frdm_kl25z\zephyr/drivers/timer/libdrivers__timer.a(cortex_m_systick.c.o)
 *(SORT_BY_NAME(SORT_BY_ALIGNMENT(.z_init_PRE_KERNEL_2_P_??_*)))
 *(SORT_BY_NAME(SORT_BY_ALIGNMENT(.z_init_PRE_KERNEL_2_P_???_*)))
                0x0000000000004860                __init_POST_KERNEL_start = .
 *(SORT_BY_NAME(SORT_BY_ALIGNMENT(.z_init_POST_KERNEL_P_?_*)))
 *(SORT_BY_NAME(SORT_BY_ALIGNMENT(.z_init_POST_KERNEL_P_??_*)))
 .z_init_POST_KERNEL_P_35_SUB_0_
                0x0000000000004860        0x8 C:\Users\felip\Documents\Escola_Politecnica_da_USP\psi3422-lab-sis-elet-2026\Aula4\.pio\build\frdm_kl25z\zephyr/lib/libc/common/liblib__libc__common.a(malloc.c.o)
 .z_init_POST_KERNEL_P_40_SUB_00009_
                0x0000000000004868        0x8 C:\Users\felip\Documents\Escola_Politecnica_da_USP\psi3422-lab-sis-elet-2026\Aula4\.pio\build\frdm_kl25z\zephyr/drivers/gpio/libdrivers__gpio.a(gpio_mcux.c.o)
 .z_init_POST_KERNEL_P_40_SUB_00018_
                0x0000000000004870        0x8 C:\Users\felip\Documents\Escola_Politecnica_da_USP\psi3422-lab-sis-elet-2026\Aula4\.pio\build\frdm_kl25z\zephyr/drivers/gpio/libdrivers__gpio.a(gpio_mcux.c.o)
 .z_init_POST_KERNEL_P_40_SUB_00020_
                0x0000000000004878        0x8 C:\Users\felip\Documents\Escola_Politecnica_da_USP\psi3422-lab-sis-elet-2026\Aula4\.pio\build\frdm_kl25z\zephyr/drivers/gpio/libdrivers__gpio.a(gpio_mcux.c.o)
 *(SORT_BY_NAME(SORT_BY_ALIGNMENT(.z_init_POST_KERNEL_P_???_*)))
                0x0000000000004880                __init_APPLICATION_start = .
 *(SORT_BY_NAME(SORT_BY_ALIGNMENT(.z_init_APPLICATION_P_?_*)))
 *(SORT_BY_NAME(SORT_BY_ALIGNMENT(.z_init_APPLICATION_P_??_*)))
 *(SORT_BY_NAME(SORT_BY_ALIGNMENT(.z_init_APPLICATION_P_???_*)))
                0x0000000000004880                __init_SMP_start = .
 *(SORT_BY_NAME(SORT_BY_ALIGNMENT(.z_init_SMP_P_?_*)))
 *(SORT_BY_NAME(SORT_BY_ALIGNMENT(.z_init_SMP_P_??_*)))
 *(SORT_BY_NAME(SORT_BY_ALIGNMENT(.z_init_SMP_P_???_*)))
                0x0000000000004880                __init_end = .

device_area     0x0000000000004880      0x160
                0x0000000000004880                _device_list_start = .
 *(SORT_BY_NAME(SORT_BY_ALIGNMENT(._device.static.*_?_*)))
 *(SORT_BY_NAME(SORT_BY_ALIGNMENT(._device.static.*_??_*)))
 ._device.static.1_30_
                0x0000000000004880       0x20 C:\Users\felip\Documents\Escola_Politecnica_da_USP\psi3422-lab-sis-elet-2026\Aula4\.pio\build\frdm_kl25z\zephyr/drivers/clock_control/libdrivers__clock_control.a(clock_control_mcux_mcg.c.o)
                0x0000000000004880                __device_dts_ord_45
 ._device.static.1_30_
                0x00000000000048a0       0x20 C:\Users\felip\Documents\Escola_Politecnica_da_USP\psi3422-lab-sis-elet-2026\Aula4\.pio\build\frdm_kl25z\zephyr/drivers/clock_control/libdrivers__clock_control.a(clock_control_mcux_sim.c.o)
                0x00000000000048a0                __device_dts_ord_7
 ._device.static.1_40_
                0x00000000000048c0       0xa0 C:\Users\felip\Documents\Escola_Politecnica_da_USP\psi3422-lab-sis-elet-2026\Aula4\.pio\build\frdm_kl25z\zephyr/drivers/pinctrl/libdrivers__pinctrl.a(pinctrl_nxp_port.c.o)
                0x00000000000048c0                __device_dts_ord_35
                0x00000000000048e0                __device_dts_ord_19
                0x0000000000004900                __device_dts_ord_33
                0x0000000000004920                __device_dts_ord_17
                0x0000000000004940                __device_dts_ord_8
 ._device.static.1_50_
                0x0000000000004960       0x20 C:\Users\felip\Documents\Escola_Politecnica_da_USP\psi3422-lab-sis-elet-2026\Aula4\.pio\build\frdm_kl25z\zephyr/drivers/serial/libdrivers__serial.a(uart_mcux_lpsci.c.o)
                0x0000000000004960                __device_dts_ord_39
 ._device.static.3_40_
                0x0000000000004980       0x60 C:\Users\felip\Documents\Escola_Politecnica_da_USP\psi3422-lab-sis-elet-2026\Aula4\.pio\build\frdm_kl25z\zephyr/drivers/gpio/libdrivers__gpio.a(gpio_mcux.c.o)
                0x0000000000004980                __device_dts_ord_20
                0x00000000000049a0                __device_dts_ord_18
                0x00000000000049c0                __device_dts_ord_9
 *(SORT_BY_NAME(SORT_BY_ALIGNMENT(._device.static.*_???_*)))
 *(SORT_BY_NAME(SORT_BY_ALIGNMENT(._device.static.*_????_*)))
 *(SORT_BY_NAME(SORT_BY_ALIGNMENT(._device.static.*_?????_*)))
                0x00000000000049e0                _device_list_end = .

sw_isr_table    0x00000000000049e0      0x100
                0x00000000000049e0                . = ALIGN (0x4)
 *(SORT_BY_ALIGNMENT(.gnu.linkonce.sw_isr_table*))
 .gnu.linkonce.sw_isr_table
                0x00000000000049e0      0x100 .pio\build\frdm_kl25z\zephyr_final\zephyr\isr_tables.c.o
                0x00000000000049e0                _sw_isr_table

initlevel_error
                0x0000000000004810        0x0
 *(SORT_BY_NAME(SORT_BY_ALIGNMENT(.z_init_*)))
                0x0000000000000001                ASSERT ((SIZEOF (initlevel_error) == 0x0), Undefined initialization levels used.)

app_shmem_regions
                0x0000000000004ae0        0x0
                0x0000000000004ae0                __app_shmem_regions_start = .
 *(SORT_BY_NAME(SORT_BY_ALIGNMENT(.app_regions.*)))
                0x0000000000004ae0                __app_shmem_regions_end = .

k_p4wq_initparam_area
                0x0000000000004ae0        0x0
                0x0000000000004ae0                _k_p4wq_initparam_list_start = .
 *(SORT_BY_NAME(SORT_BY_ALIGNMENT(._k_p4wq_initparam.static.*)))
                0x0000000000004ae0                _k_p4wq_initparam_list_end = .

_static_thread_data_area
                0x0000000000004ae0        0x0
                0x0000000000004ae0                __static_thread_data_list_start = .
 *(SORT_BY_NAME(SORT_BY_ALIGNMENT(.__static_thread_data.static.*)))
                0x0000000000004ae0                __static_thread_data_list_end = .

device_deps     0x0000000000004ae0        0x0
                0x0000000000004ae0                __device_deps_start = .
 *(SORT_BY_NAME(SORT_BY_ALIGNMENT(.__device_deps_pass2*)))
                0x0000000000004ae0                __device_deps_end = .

gpio_driver_api_area
                0x0000000000004ae0       0x24
                0x0000000000004ae0                _gpio_driver_api_list_start = .
 *(SORT_BY_NAME(SORT_BY_ALIGNMENT(._gpio_driver_api.static.*)))
 ._gpio_driver_api.static.gpio_mcux_driver_api_
                0x0000000000004ae0       0x24 C:\Users\felip\Documents\Escola_Politecnica_da_USP\psi3422-lab-sis-elet-2026\Aula4\.pio\build\frdm_kl25z\zephyr/drivers/gpio/libdrivers__gpio.a(gpio_mcux.c.o)
                0x0000000000004b04                _gpio_driver_api_list_end = .

shared_irq_driver_api_area
                0x0000000000004b04        0x0
                0x0000000000004b04                _shared_irq_driver_api_list_start = .
 *(SORT_BY_NAME(SORT_BY_ALIGNMENT(._shared_irq_driver_api.static.*)))
                0x0000000000004b04                _shared_irq_driver_api_list_end = .

crypto_driver_api_area
                0x0000000000004b04        0x0
                0x0000000000004b04                _crypto_driver_api_list_start = .
 *(SORT_BY_NAME(SORT_BY_ALIGNMENT(._crypto_driver_api.static.*)))
                0x0000000000004b04                _crypto_driver_api_list_end = .

adc_driver_api_area
                0x0000000000004b04        0x0
                0x0000000000004b04                _adc_driver_api_list_start = .
 *(SORT_BY_NAME(SORT_BY_ALIGNMENT(._adc_driver_api.static.*)))
                0x0000000000004b04                _adc_driver_api_list_end = .

auxdisplay_driver_api_area
                0x0000000000004b04        0x0
                0x0000000000004b04                _auxdisplay_driver_api_list_start = .
 *(SORT_BY_NAME(SORT_BY_ALIGNMENT(._auxdisplay_driver_api.static.*)))
                0x0000000000004b04                _auxdisplay_driver_api_list_end = .

bbram_driver_api_area
                0x0000000000004b04        0x0
                0x0000000000004b04                _bbram_driver_api_list_start = .
 *(SORT_BY_NAME(SORT_BY_ALIGNMENT(._bbram_driver_api.static.*)))
                0x0000000000004b04                _bbram_driver_api_list_end = .

bt_hci_driver_api_area
                0x0000000000004b04        0x0
                0x0000000000004b04                _bt_hci_driver_api_list_start = .
 *(SORT_BY_NAME(SORT_BY_ALIGNMENT(._bt_hci_driver_api.static.*)))
                0x0000000000004b04                _bt_hci_driver_api_list_end = .

can_driver_api_area
                0x0000000000004b04        0x0
                0x0000000000004b04                _can_driver_api_list_start = .
 *(SORT_BY_NAME(SORT_BY_ALIGNMENT(._can_driver_api.static.*)))
                0x0000000000004b04                _can_driver_api_list_end = .

cellular_driver_api_area
                0x0000000000004b04        0x0
                0x0000000000004b04                _cellular_driver_api_list_start = .
 *(SORT_BY_NAME(SORT_BY_ALIGNMENT(._cellular_driver_api.static.*)))
                0x0000000000004b04                _cellular_driver_api_list_end = .

charger_driver_api_area
                0x0000000000004b04        0x0
                0x0000000000004b04                _charger_driver_api_list_start = .
 *(SORT_BY_NAME(SORT_BY_ALIGNMENT(._charger_driver_api.static.*)))
                0x0000000000004b04                _charger_driver_api_list_end = .

clock_control_driver_api_area
                0x0000000000004b04       0x38
                0x0000000000004b04                _clock_control_driver_api_list_start = .
 *(SORT_BY_NAME(SORT_BY_ALIGNMENT(._clock_control_driver_api.static.*)))
 ._clock_control_driver_api.static.mcux_mcg_driver_api_
                0x0000000000004b04       0x1c C:\Users\felip\Documents\Escola_Politecnica_da_USP\psi3422-lab-sis-elet-2026\Aula4\.pio\build\frdm_kl25z\zephyr/drivers/clock_control/libdrivers__clock_control.a(clock_control_mcux_mcg.c.o)
 ._clock_control_driver_api.static.mcux_sim_driver_api_
                0x0000000000004b20       0x1c C:\Users\felip\Documents\Escola_Politecnica_da_USP\psi3422-lab-sis-elet-2026\Aula4\.pio\build\frdm_kl25z\zephyr/drivers/clock_control/libdrivers__clock_control.a(clock_control_mcux_sim.c.o)
                0x0000000000004b3c                _clock_control_driver_api_list_end = .

comparator_driver_api_area
                0x0000000000004b3c        0x0
                0x0000000000004b3c                _comparator_driver_api_list_start = .
 *(SORT_BY_NAME(SORT_BY_ALIGNMENT(._comparator_driver_api.static.*)))
                0x0000000000004b3c                _comparator_driver_api_list_end = .

coredump_driver_api_area
                0x0000000000004b3c        0x0
                0x0000000000004b3c                _coredump_driver_api_list_start = .
 *(SORT_BY_NAME(SORT_BY_ALIGNMENT(._coredump_driver_api.static.*)))
                0x0000000000004b3c                _coredump_driver_api_list_end = .

counter_driver_api_area
                0x0000000000004b3c        0x0
                0x0000000000004b3c                _counter_driver_api_list_start = .
 *(SORT_BY_NAME(SORT_BY_ALIGNMENT(._counter_driver_api.static.*)))
                0x0000000000004b3c                _counter_driver_api_list_end = .

dac_driver_api_area
                0x0000000000004b3c        0x0
                0x0000000000004b3c                _dac_driver_api_list_start = .
 *(SORT_BY_NAME(SORT_BY_ALIGNMENT(._dac_driver_api.static.*)))
                0x0000000000004b3c                _dac_driver_api_list_end = .

dai_driver_api_area
                0x0000000000004b3c        0x0
                0x0000000000004b3c                _dai_driver_api_list_start = .
 *(SORT_BY_NAME(SORT_BY_ALIGNMENT(._dai_driver_api.static.*)))
                0x0000000000004b3c                _dai_driver_api_list_end = .

display_driver_api_area
                0x0000000000004b3c        0x0
                0x0000000000004b3c                _display_driver_api_list_start = .
 *(SORT_BY_NAME(SORT_BY_ALIGNMENT(._display_driver_api.static.*)))
                0x0000000000004b3c                _display_driver_api_list_end = .

dma_driver_api_area
                0x0000000000004b3c        0x0
                0x0000000000004b3c                _dma_driver_api_list_start = .
 *(SORT_BY_NAME(SORT_BY_ALIGNMENT(._dma_driver_api.static.*)))
                0x0000000000004b3c                _dma_driver_api_list_end = .

edac_driver_api_area
                0x0000000000004b3c        0x0
                0x0000000000004b3c                _edac_driver_api_list_start = .
 *(SORT_BY_NAME(SORT_BY_ALIGNMENT(._edac_driver_api.static.*)))
                0x0000000000004b3c                _edac_driver_api_list_end = .

eeprom_driver_api_area
                0x0000000000004b3c        0x0
                0x0000000000004b3c                _eeprom_driver_api_list_start = .
 *(SORT_BY_NAME(SORT_BY_ALIGNMENT(._eeprom_driver_api.static.*)))
                0x0000000000004b3c                _eeprom_driver_api_list_end = .

emul_bbram_driver_api_area
                0x0000000000004b3c        0x0
                0x0000000000004b3c                _emul_bbram_driver_api_list_start = .
 *(SORT_BY_NAME(SORT_BY_ALIGNMENT(._emul_bbram_driver_api.static.*)))
                0x0000000000004b3c                _emul_bbram_driver_api_list_end = .

fuel_gauge_emul_driver_api_area
                0x0000000000004b3c        0x0
                0x0000000000004b3c                _fuel_gauge_emul_driver_api_list_start = .
 *(SORT_BY_NAME(SORT_BY_ALIGNMENT(._fuel_gauge_emul_driver_api.static.*)))
                0x0000000000004b3c                _fuel_gauge_emul_driver_api_list_end = .

emul_sensor_driver_api_area
                0x0000000000004b3c        0x0
                0x0000000000004b3c                _emul_sensor_driver_api_list_start = .
 *(SORT_BY_NAME(SORT_BY_ALIGNMENT(._emul_sensor_driver_api.static.*)))
                0x0000000000004b3c                _emul_sensor_driver_api_list_end = .

entropy_driver_api_area
                0x0000000000004b3c        0x0
                0x0000000000004b3c                _entropy_driver_api_list_start = .
 *(SORT_BY_NAME(SORT_BY_ALIGNMENT(._entropy_driver_api.static.*)))
                0x0000000000004b3c                _entropy_driver_api_list_end = .

espi_driver_api_area
                0x0000000000004b3c        0x0
                0x0000000000004b3c                _espi_driver_api_list_start = .
 *(SORT_BY_NAME(SORT_BY_ALIGNMENT(._espi_driver_api.static.*)))
                0x0000000000004b3c                _espi_driver_api_list_end = .

espi_saf_driver_api_area
                0x0000000000004b3c        0x0
                0x0000000000004b3c                _espi_saf_driver_api_list_start = .
 *(SORT_BY_NAME(SORT_BY_ALIGNMENT(._espi_saf_driver_api.static.*)))
                0x0000000000004b3c                _espi_saf_driver_api_list_end = .

flash_driver_api_area
                0x0000000000004b3c        0x0
                0x0000000000004b3c                _flash_driver_api_list_start = .
 *(SORT_BY_NAME(SORT_BY_ALIGNMENT(._flash_driver_api.static.*)))
                0x0000000000004b3c                _flash_driver_api_list_end = .

fpga_driver_api_area
                0x0000000000004b3c        0x0
                0x0000000000004b3c                _fpga_driver_api_list_start = .
 *(SORT_BY_NAME(SORT_BY_ALIGNMENT(._fpga_driver_api.static.*)))
                0x0000000000004b3c                _fpga_driver_api_list_end = .

fuel_gauge_driver_api_area
                0x0000000000004b3c        0x0
                0x0000000000004b3c                _fuel_gauge_driver_api_list_start = .
 *(SORT_BY_NAME(SORT_BY_ALIGNMENT(._fuel_gauge_driver_api.static.*)))
                0x0000000000004b3c                _fuel_gauge_driver_api_list_end = .

gnss_driver_api_area
                0x0000000000004b3c        0x0
                0x0000000000004b3c                _gnss_driver_api_list_start = .
 *(SORT_BY_NAME(SORT_BY_ALIGNMENT(._gnss_driver_api.static.*)))
                0x0000000000004b3c                _gnss_driver_api_list_end = .

haptics_driver_api_area
                0x0000000000004b3c        0x0
                0x0000000000004b3c                _haptics_driver_api_list_start = .
 *(SORT_BY_NAME(SORT_BY_ALIGNMENT(._haptics_driver_api.static.*)))
                0x0000000000004b3c                _haptics_driver_api_list_end = .

hwspinlock_driver_api_area
                0x0000000000004b3c        0x0
                0x0000000000004b3c                _hwspinlock_driver_api_list_start = .
 *(SORT_BY_NAME(SORT_BY_ALIGNMENT(._hwspinlock_driver_api.static.*)))
                0x0000000000004b3c                _hwspinlock_driver_api_list_end = .

i2c_driver_api_area
                0x0000000000004b3c        0x0
                0x0000000000004b3c                _i2c_driver_api_list_start = .
 *(SORT_BY_NAME(SORT_BY_ALIGNMENT(._i2c_driver_api.static.*)))
                0x0000000000004b3c                _i2c_driver_api_list_end = .

i2c_target_driver_api_area
                0x0000000000004b3c        0x0
                0x0000000000004b3c                _i2c_target_driver_api_list_start = .
 *(SORT_BY_NAME(SORT_BY_ALIGNMENT(._i2c_target_driver_api.static.*)))
                0x0000000000004b3c                _i2c_target_driver_api_list_end = .

i2s_driver_api_area
                0x0000000000004b3c        0x0
                0x0000000000004b3c                _i2s_driver_api_list_start = .
 *(SORT_BY_NAME(SORT_BY_ALIGNMENT(._i2s_driver_api.static.*)))
                0x0000000000004b3c                _i2s_driver_api_list_end = .

i3c_driver_api_area
                0x0000000000004b3c        0x0
                0x0000000000004b3c                _i3c_driver_api_list_start = .
 *(SORT_BY_NAME(SORT_BY_ALIGNMENT(._i3c_driver_api.static.*)))
                0x0000000000004b3c                _i3c_driver_api_list_end = .

ipm_driver_api_area
                0x0000000000004b3c        0x0
                0x0000000000004b3c                _ipm_driver_api_list_start = .
 *(SORT_BY_NAME(SORT_BY_ALIGNMENT(._ipm_driver_api.static.*)))
                0x0000000000004b3c                _ipm_driver_api_list_end = .

led_driver_api_area
                0x0000000000004b3c        0x0
                0x0000000000004b3c                _led_driver_api_list_start = .
 *(SORT_BY_NAME(SORT_BY_ALIGNMENT(._led_driver_api.static.*)))
                0x0000000000004b3c                _led_driver_api_list_end = .

led_strip_driver_api_area
                0x0000000000004b3c        0x0
                0x0000000000004b3c                _led_strip_driver_api_list_start = .
 *(SORT_BY_NAME(SORT_BY_ALIGNMENT(._led_strip_driver_api.static.*)))
                0x0000000000004b3c                _led_strip_driver_api_list_end = .

lora_driver_api_area
                0x0000000000004b3c        0x0
                0x0000000000004b3c                _lora_driver_api_list_start = .
 *(SORT_BY_NAME(SORT_BY_ALIGNMENT(._lora_driver_api.static.*)))
                0x0000000000004b3c                _lora_driver_api_list_end = .

mbox_driver_api_area
                0x0000000000004b3c        0x0
                0x0000000000004b3c                _mbox_driver_api_list_start = .
 *(SORT_BY_NAME(SORT_BY_ALIGNMENT(._mbox_driver_api.static.*)))
                0x0000000000004b3c                _mbox_driver_api_list_end = .

mdio_driver_api_area
                0x0000000000004b3c        0x0
                0x0000000000004b3c                _mdio_driver_api_list_start = .
 *(SORT_BY_NAME(SORT_BY_ALIGNMENT(._mdio_driver_api.static.*)))
                0x0000000000004b3c                _mdio_driver_api_list_end = .

mipi_dbi_driver_api_area
                0x0000000000004b3c        0x0
                0x0000000000004b3c                _mipi_dbi_driver_api_list_start = .
 *(SORT_BY_NAME(SORT_BY_ALIGNMENT(._mipi_dbi_driver_api.static.*)))
                0x0000000000004b3c                _mipi_dbi_driver_api_list_end = .

mipi_dsi_driver_api_area
                0x0000000000004b3c        0x0
                0x0000000000004b3c                _mipi_dsi_driver_api_list_start = .
 *(SORT_BY_NAME(SORT_BY_ALIGNMENT(._mipi_dsi_driver_api.static.*)))
                0x0000000000004b3c                _mipi_dsi_driver_api_list_end = .

mspi_driver_api_area
                0x0000000000004b3c        0x0
                0x0000000000004b3c                _mspi_driver_api_list_start = .
 *(SORT_BY_NAME(SORT_BY_ALIGNMENT(._mspi_driver_api.static.*)))
                0x0000000000004b3c                _mspi_driver_api_list_end = .

peci_driver_api_area
                0x0000000000004b3c        0x0
                0x0000000000004b3c                _peci_driver_api_list_start = .
 *(SORT_BY_NAME(SORT_BY_ALIGNMENT(._peci_driver_api.static.*)))
                0x0000000000004b3c                _peci_driver_api_list_end = .

ps2_driver_api_area
                0x0000000000004b3c        0x0
                0x0000000000004b3c                _ps2_driver_api_list_start = .
 *(SORT_BY_NAME(SORT_BY_ALIGNMENT(._ps2_driver_api.static.*)))
                0x0000000000004b3c                _ps2_driver_api_list_end = .

ptp_clock_driver_api_area
                0x0000000000004b3c        0x0
                0x0000000000004b3c                _ptp_clock_driver_api_list_start = .
 *(SORT_BY_NAME(SORT_BY_ALIGNMENT(._ptp_clock_driver_api.static.*)))
                0x0000000000004b3c                _ptp_clock_driver_api_list_end = .

pwm_driver_api_area
                0x0000000000004b3c        0x0
                0x0000000000004b3c                _pwm_driver_api_list_start = .
 *(SORT_BY_NAME(SORT_BY_ALIGNMENT(._pwm_driver_api.static.*)))
                0x0000000000004b3c                _pwm_driver_api_list_end = .

regulator_parent_driver_api_area
                0x0000000000004b3c        0x0
                0x0000000000004b3c                _regulator_parent_driver_api_list_start = .
 *(SORT_BY_NAME(SORT_BY_ALIGNMENT(._regulator_parent_driver_api.static.*)))
                0x0000000000004b3c                _regulator_parent_driver_api_list_end = .

regulator_driver_api_area
                0x0000000000004b3c        0x0
                0x0000000000004b3c                _regulator_driver_api_list_start = .
 *(SORT_BY_NAME(SORT_BY_ALIGNMENT(._regulator_driver_api.static.*)))
                0x0000000000004b3c                _regulator_driver_api_list_end = .

reset_driver_api_area
                0x0000000000004b3c        0x0
                0x0000000000004b3c                _reset_driver_api_list_start = .
 *(SORT_BY_NAME(SORT_BY_ALIGNMENT(._reset_driver_api.static.*)))
                0x0000000000004b3c                _reset_driver_api_list_end = .

retained_mem_driver_api_area
                0x0000000000004b3c        0x0
                0x0000000000004b3c                _retained_mem_driver_api_list_start = .
 *(SORT_BY_NAME(SORT_BY_ALIGNMENT(._retained_mem_driver_api.static.*)))
                0x0000000000004b3c                _retained_mem_driver_api_list_end = .

rtc_driver_api_area
                0x0000000000004b3c        0x0
                0x0000000000004b3c                _rtc_driver_api_list_start = .
 *(SORT_BY_NAME(SORT_BY_ALIGNMENT(._rtc_driver_api.static.*)))
                0x0000000000004b3c                _rtc_driver_api_list_end = .

sdhc_driver_api_area
                0x0000000000004b3c        0x0
                0x0000000000004b3c                _sdhc_driver_api_list_start = .
 *(SORT_BY_NAME(SORT_BY_ALIGNMENT(._sdhc_driver_api.static.*)))
                0x0000000000004b3c                _sdhc_driver_api_list_end = .

sensor_driver_api_area
                0x0000000000004b3c        0x0
                0x0000000000004b3c                _sensor_driver_api_list_start = .
 *(SORT_BY_NAME(SORT_BY_ALIGNMENT(._sensor_driver_api.static.*)))
                0x0000000000004b3c                _sensor_driver_api_list_end = .

smbus_driver_api_area
                0x0000000000004b3c        0x0
                0x0000000000004b3c                _smbus_driver_api_list_start = .
 *(SORT_BY_NAME(SORT_BY_ALIGNMENT(._smbus_driver_api.static.*)))
                0x0000000000004b3c                _smbus_driver_api_list_end = .

spi_driver_api_area
                0x0000000000004b3c        0x0
                0x0000000000004b3c                _spi_driver_api_list_start = .
 *(SORT_BY_NAME(SORT_BY_ALIGNMENT(._spi_driver_api.static.*)))
                0x0000000000004b3c                _spi_driver_api_list_end = .

stepper_driver_api_area
                0x0000000000004b3c        0x0
                0x0000000000004b3c                _stepper_driver_api_list_start = .
 *(SORT_BY_NAME(SORT_BY_ALIGNMENT(._stepper_driver_api.static.*)))
                0x0000000000004b3c                _stepper_driver_api_list_end = .

syscon_driver_api_area
                0x0000000000004b3c        0x0
                0x0000000000004b3c                _syscon_driver_api_list_start = .
 *(SORT_BY_NAME(SORT_BY_ALIGNMENT(._syscon_driver_api.static.*)))
                0x0000000000004b3c                _syscon_driver_api_list_end = .

tee_driver_api_area
                0x0000000000004b3c        0x0
                0x0000000000004b3c                _tee_driver_api_list_start = .
 *(SORT_BY_NAME(SORT_BY_ALIGNMENT(._tee_driver_api.static.*)))
                0x0000000000004b3c                _tee_driver_api_list_end = .

video_driver_api_area
                0x0000000000004b3c        0x0
                0x0000000000004b3c                _video_driver_api_list_start = .
 *(SORT_BY_NAME(SORT_BY_ALIGNMENT(._video_driver_api.static.*)))
                0x0000000000004b3c                _video_driver_api_list_end = .

virtio_driver_api_area
                0x0000000000004b3c        0x0
                0x0000000000004b3c                _virtio_driver_api_list_start = .
 *(SORT_BY_NAME(SORT_BY_ALIGNMENT(._virtio_driver_api.static.*)))
                0x0000000000004b3c                _virtio_driver_api_list_end = .

w1_driver_api_area
                0x0000000000004b3c        0x0
                0x0000000000004b3c                _w1_driver_api_list_start = .
 *(SORT_BY_NAME(SORT_BY_ALIGNMENT(._w1_driver_api.static.*)))
                0x0000000000004b3c                _w1_driver_api_list_end = .

wdt_driver_api_area
                0x0000000000004b3c        0x0
                0x0000000000004b3c                _wdt_driver_api_list_start = .
 *(SORT_BY_NAME(SORT_BY_ALIGNMENT(._wdt_driver_api.static.*)))
                0x0000000000004b3c                _wdt_driver_api_list_end = .

can_transceiver_driver_api_area
                0x0000000000004b3c        0x0
                0x0000000000004b3c                _can_transceiver_driver_api_list_start = .
 *(SORT_BY_NAME(SORT_BY_ALIGNMENT(._can_transceiver_driver_api.static.*)))
                0x0000000000004b3c                _can_transceiver_driver_api_list_end = .

nrf_clock_control_driver_api_area
                0x0000000000004b3c        0x0
                0x0000000000004b3c                _nrf_clock_control_driver_api_list_start = .
 *(SORT_BY_NAME(SORT_BY_ALIGNMENT(._nrf_clock_control_driver_api.static.*)))
                0x0000000000004b3c                _nrf_clock_control_driver_api_list_end = .

i3c_target_driver_api_area
                0x0000000000004b3c        0x0
                0x0000000000004b3c                _i3c_target_driver_api_list_start = .
 *(SORT_BY_NAME(SORT_BY_ALIGNMENT(._i3c_target_driver_api.static.*)))
                0x0000000000004b3c                _i3c_target_driver_api_list_end = .

its_driver_api_area
                0x0000000000004b3c        0x0
                0x0000000000004b3c                _its_driver_api_list_start = .
 *(SORT_BY_NAME(SORT_BY_ALIGNMENT(._its_driver_api.static.*)))
                0x0000000000004b3c                _its_driver_api_list_end = .

vtd_driver_api_area
                0x0000000000004b3c        0x0
                0x0000000000004b3c                _vtd_driver_api_list_start = .
 *(SORT_BY_NAME(SORT_BY_ALIGNMENT(._vtd_driver_api.static.*)))
                0x0000000000004b3c                _vtd_driver_api_list_end = .

renesas_elc_driver_api_area
                0x0000000000004b3c        0x0
                0x0000000000004b3c                _renesas_elc_driver_api_list_start = .
 *(SORT_BY_NAME(SORT_BY_ALIGNMENT(._renesas_elc_driver_api.static.*)))
                0x0000000000004b3c                _renesas_elc_driver_api_list_end = .

tgpio_driver_api_area
                0x0000000000004b3c        0x0
                0x0000000000004b3c                _tgpio_driver_api_list_start = .
 *(SORT_BY_NAME(SORT_BY_ALIGNMENT(._tgpio_driver_api.static.*)))
                0x0000000000004b3c                _tgpio_driver_api_list_end = .

pcie_ctrl_driver_api_area
                0x0000000000004b3c        0x0
                0x0000000000004b3c                _pcie_ctrl_driver_api_list_start = .
 *(SORT_BY_NAME(SORT_BY_ALIGNMENT(._pcie_ctrl_driver_api.static.*)))
                0x0000000000004b3c                _pcie_ctrl_driver_api_list_end = .

pcie_ep_driver_api_area
                0x0000000000004b3c        0x0
                0x0000000000004b3c                _pcie_ep_driver_api_list_start = .
 *(SORT_BY_NAME(SORT_BY_ALIGNMENT(._pcie_ep_driver_api.static.*)))
                0x0000000000004b3c                _pcie_ep_driver_api_list_end = .

psi5_driver_api_area
                0x0000000000004b3c        0x0
                0x0000000000004b3c                _psi5_driver_api_list_start = .
 *(SORT_BY_NAME(SORT_BY_ALIGNMENT(._psi5_driver_api.static.*)))
                0x0000000000004b3c                _psi5_driver_api_list_end = .

sent_driver_api_area
                0x0000000000004b3c        0x0
                0x0000000000004b3c                _sent_driver_api_list_start = .
 *(SORT_BY_NAME(SORT_BY_ALIGNMENT(._sent_driver_api.static.*)))
                0x0000000000004b3c                _sent_driver_api_list_end = .

svc_driver_api_area
                0x0000000000004b3c        0x0
                0x0000000000004b3c                _svc_driver_api_list_start = .
 *(SORT_BY_NAME(SORT_BY_ALIGNMENT(._svc_driver_api.static.*)))
                0x0000000000004b3c                _svc_driver_api_list_end = .

uart_driver_api_area
                0x0000000000004b3c       0x14
                0x0000000000004b3c                _uart_driver_api_list_start = .
 *(SORT_BY_NAME(SORT_BY_ALIGNMENT(._uart_driver_api.static.*)))
 ._uart_driver_api.static.mcux_lpsci_driver_api_
                0x0000000000004b3c       0x14 C:\Users\felip\Documents\Escola_Politecnica_da_USP\psi3422-lab-sis-elet-2026\Aula4\.pio\build\frdm_kl25z\zephyr/drivers/serial/libdrivers__serial.a(uart_mcux_lpsci.c.o)
                0x0000000000004b50                _uart_driver_api_list_end = .

bc12_emul_driver_api_area
                0x0000000000004b50        0x0